../component/els_pkc/src/comps/mcuxClPadding/src/mcuxClPadding.c:32:53:mcuxClPadding_addPadding_None	56	static
../component/els_pkc/src/comps/mcuxClPadding/src/mcuxClPadding.c:52:53:mcuxClPadding_removePadding_Default	56	static
../component/els_pkc/src/comps/mcuxClPadding/src/mcuxClPadding.c:72:53:mcuxClPadding_removePadding_None	88	static
../component/els_pkc/src/comps/mcuxClPadding/src/mcuxClPadding.c:96:53:mcuxClPadding_addPadding_ISO9797_1_Method1	72	static
../component/els_pkc/src/comps/mcuxClPadding/src/mcuxClPadding.c:132:53:mcuxClPadding_addPadding_ISO9797_1_Method2	72	static
../component/els_pkc/src/comps/mcuxClPadding/src/mcuxClPadding.c:166:53:mcuxClPadding_addPadding_MAC_ISO9797_1_Method2	96	static
../component/els_pkc/src/comps/mcuxClPadding/src/mcuxClPadding.c:195:54:mcuxClPadding_addPadding_PKCS7	72	static
../component/els_pkc/src/comps/mcuxClPadding/src/mcuxClPadding.c:227:53:mcuxClPadding_addPadding_Random	96	static
../component/els_pkc/src/comps/mcuxClPadding/src/mcuxClPadding.c:271:53:mcuxClPadding_removePadding_Stream	88	static
