../usb/host/usb_host_devices.c:186:13:USB_HostEnumerationTransferCallback	40	static
../usb/host/usb_host_devices.c:311:21:USB_HostProcessState	40	static
../usb/host/usb_host_devices.c:411:21:USB_HostProcessCallback	40	static
../usb/host/usb_host_devices.c:580:21:USB_HostNotifyDevice	40	static
../usb/host/usb_host_devices.c:658:16:USB_HostAllocateDeviceAddress	24	static
../usb/host/usb_host_devices.c:685:13:USB_HostReleaseDeviceAddress	16	static
../usb/host/usb_host_devices.c:693:21:USB_HostRemoveDeviceInstance	32	static
../usb/host/usb_host_devices.c:729:13:USB_HostReleaseDeviceResource	24	static
../usb/host/usb_host_devices.c:800:21:USB_HostParseDeviceConfigurationDescriptor	48	static
../usb/host/usb_host_devices.c:1043:14:USB_HostAttachDevice	48	static
../usb/host/usb_host_devices.c:1211:14:USB_HostDetachDevice	24	static
../usb/host/usb_host_devices.c:1244:14:USB_HostDetachDeviceInternal	24	static
../usb/host/usb_host_devices.c:1280:9:USB_HostGetDeviceAttachState	16	static
../usb/host/usb_host_devices.c:1285:14:USB_HostValidateDevice	24	static
../usb/host/usb_host_devices.c:1307:21:USB_HostControlBus	24	static
../usb/host/usb_host_devices.c:1323:14:USB_HostOpenDeviceInterface	32	static
../usb/host/usb_host_devices.c:1373:14:USB_HostCloseDeviceInterface	32	static
../usb/host/usb_host_devices.c:1456:14:USB_HostRemoveDevice	32	static
