Archive member included to satisfy reference by file (symbol)

C:/nxp/MCUXpressoIDE_25.6.136/ide/plugins/com.nxp.mcuxpresso.tools.win32_25.6.0.202501151204/tools/bin/../lib/gcc/arm-none-eabi/14.2.1/../../../../arm-none-eabi/lib/thumb/v8-m.main+fp/hard\libcr_nohost_nf.a(_cr__main.o)
                              ./startup/startup_rw612.o (__main)
C:/nxp/MCUXpressoIDE_25.6.136/ide/plugins/com.nxp.mcuxpresso.tools.win32_25.6.0.202501151204/tools/bin/../lib/gcc/arm-none-eabi/14.2.1/../../../../arm-none-eabi/lib/thumb/v8-m.main+fp/hard\libcr_c.a(memset.o)
                              ./drivers/fsl_cache.o (memset)
C:/nxp/MCUXpressoIDE_25.6.136/ide/plugins/com.nxp.mcuxpresso.tools.win32_25.6.0.202501151204/tools/bin/../lib/gcc/arm-none-eabi/14.2.1/../../../../arm-none-eabi/lib/thumb/v8-m.main+fp/hard\libcr_c.a(alloc.o)
                              ./drivers/fsl_common.o (malloc)
C:/nxp/MCUXpressoIDE_25.6.136/ide/plugins/com.nxp.mcuxpresso.tools.win32_25.6.0.202501151204/tools/bin/../lib/gcc/arm-none-eabi/14.2.1/../../../../arm-none-eabi/lib/thumb/v8-m.main+fp/hard\libcr_c.a(errno.o)
                              ./utilities/str/fsl_str.o (errno)
C:/nxp/MCUXpressoIDE_25.6.136/ide/plugins/com.nxp.mcuxpresso.tools.win32_25.6.0.202501151204/tools/bin/../lib/gcc/arm-none-eabi/14.2.1/../../../../arm-none-eabi/lib/thumb/v8-m.main+fp/hard\libcr_c.a(initio.o)
                              C:/nxp/MCUXpressoIDE_25.6.136/ide/plugins/com.nxp.mcuxpresso.tools.win32_25.6.0.202501151204/tools/bin/../lib/gcc/arm-none-eabi/14.2.1/../../../../arm-none-eabi/lib/thumb/v8-m.main+fp/hard\libcr_nohost_nf.a(_cr__main.o) (_initio)
C:/nxp/MCUXpressoIDE_25.6.136/ide/plugins/com.nxp.mcuxpresso.tools.win32_25.6.0.202501151204/tools/bin/../lib/gcc/arm-none-eabi/14.2.1/../../../../arm-none-eabi/lib/thumb/v8-m.main+fp/hard\libcr_c.a(modf.o)
                              ./utilities/str/fsl_str.o (modf)
C:/nxp/MCUXpressoIDE_25.6.136/ide/plugins/com.nxp.mcuxpresso.tools.win32_25.6.0.202501151204/tools/bin/../lib/gcc/arm-none-eabi/14.2.1/../../../../arm-none-eabi/lib/thumb/v8-m.main+fp/hard\libcr_c.a(pow.o)
                              ./utilities/str/fsl_str.o (pow)
C:/nxp/MCUXpressoIDE_25.6.136/ide/plugins/com.nxp.mcuxpresso.tools.win32_25.6.0.202501151204/tools/bin/../lib/gcc/arm-none-eabi/14.2.1/../../../../arm-none-eabi/lib/thumb/v8-m.main+fp/hard\libcr_c.a(scanf.o)
                              ./utilities/str/fsl_str.o (strtoul)
C:/nxp/MCUXpressoIDE_25.6.136/ide/plugins/com.nxp.mcuxpresso.tools.win32_25.6.0.202501151204/tools/bin/../lib/gcc/arm-none-eabi/14.2.1/../../../../arm-none-eabi/lib/thumb/v8-m.main+fp/hard\libcr_c.a(setvbuf.o)
                              C:/nxp/MCUXpressoIDE_25.6.136/ide/plugins/com.nxp.mcuxpresso.tools.win32_25.6.0.202501151204/tools/bin/../lib/gcc/arm-none-eabi/14.2.1/../../../../arm-none-eabi/lib/thumb/v8-m.main+fp/hard\libcr_c.a(initio.o) (setvbuf)
C:/nxp/MCUXpressoIDE_25.6.136/ide/plugins/com.nxp.mcuxpresso.tools.win32_25.6.0.202501151204/tools/bin/../lib/gcc/arm-none-eabi/14.2.1/../../../../arm-none-eabi/lib/thumb/v8-m.main+fp/hard\libcr_c.a(strlen.o)
                              ./utilities/str/fsl_str.o (strlen)
C:/nxp/MCUXpressoIDE_25.6.136/ide/plugins/com.nxp.mcuxpresso.tools.win32_25.6.0.202501151204/tools/bin/../lib/gcc/arm-none-eabi/14.2.1/../../../../arm-none-eabi/lib/thumb/v8-m.main+fp/hard\libcr_c.a(ungetc.o)
                              C:/nxp/MCUXpressoIDE_25.6.136/ide/plugins/com.nxp.mcuxpresso.tools.win32_25.6.0.202501151204/tools/bin/../lib/gcc/arm-none-eabi/14.2.1/../../../../arm-none-eabi/lib/thumb/v8-m.main+fp/hard\libcr_c.a(scanf.o) (ungetc)
C:/nxp/MCUXpressoIDE_25.6.136/ide/plugins/com.nxp.mcuxpresso.tools.win32_25.6.0.202501151204/tools/bin/../lib/gcc/arm-none-eabi/14.2.1/../../../../arm-none-eabi/lib/thumb/v8-m.main+fp/hard\libcr_c.a(__fillbuf.o)
                              C:/nxp/MCUXpressoIDE_25.6.136/ide/plugins/com.nxp.mcuxpresso.tools.win32_25.6.0.202501151204/tools/bin/../lib/gcc/arm-none-eabi/14.2.1/../../../../arm-none-eabi/lib/thumb/v8-m.main+fp/hard\libcr_c.a(scanf.o) (__filbuf)
C:/nxp/MCUXpressoIDE_25.6.136/ide/plugins/com.nxp.mcuxpresso.tools.win32_25.6.0.202501151204/tools/bin/../lib/gcc/arm-none-eabi/14.2.1/../../../../arm-none-eabi/lib/thumb/v8-m.main+fp/hard\libcr_c.a(__init_alloc.o)
                              C:/nxp/MCUXpressoIDE_25.6.136/ide/plugins/com.nxp.mcuxpresso.tools.win32_25.6.0.202501151204/tools/bin/../lib/gcc/arm-none-eabi/14.2.1/../../../../arm-none-eabi/lib/thumb/v8-m.main+fp/hard\libcr_c.a(alloc.o) (__heaps)
C:/nxp/MCUXpressoIDE_25.6.136/ide/plugins/com.nxp.mcuxpresso.tools.win32_25.6.0.202501151204/tools/bin/../lib/gcc/arm-none-eabi/14.2.1/../../../../arm-none-eabi/lib/thumb/v8-m.main+fp/hard\libcr_c.a(_cr_sbrk.o)
[...]
Memory Configuration

Name             Origin             Length             Attributes
QSPI_FLASH       0x08000000         0x00800000         xr
SRAM             0x20000000         0x00130000         xrw
*default*        0x00000000         0xffffffff

Linker script and memory map

LOAD ./utilities/str/fsl_str.o
LOAD ./utilities/debug_console_lite/fsl_debug_console.o
LOAD ./utilities/fsl_assert.o
LOAD ./utilities/fsl_memcpy.o
LOAD ./startup/startup_rw612.o
LOAD ./source/ads1298.o
LOAD ./source/main.o
LOAD ./source/semihost_hardfault.o
LOAD ./flash_config/flash_config.o
LOAD ./drivers/fsl_cache.o
LOAD ./drivers/fsl_clock.o
LOAD ./drivers/fsl_common.o
LOAD ./drivers/fsl_common_arm.o
LOAD ./drivers/fsl_flexcomm.o
LOAD ./drivers/fsl_flexspi.o
LOAD ./drivers/fsl_gpio.o
LOAD ./drivers/fsl_i2s_bridge.o
LOAD ./drivers/fsl_inputmux.o
LOAD ./drivers/fsl_iped.o
LOAD ./drivers/fsl_ocotp.o
LOAD ./drivers/fsl_power.o
LOAD ./drivers/fsl_reset.o
LOAD ./drivers/fsl_spi.o
LOAD ./drivers/fsl_usart.o
LOAD ./drivers/spi.o
LOAD ./device/system_RW612.o
LOAD ./component/uart/fsl_adapter_usart.o
LOAD ./component/els_pkc/src/comps/mcuxCsslParamIntegrity/src/mcuxCsslParamIntegrity32.o
LOAD ./component/els_pkc/src/comps/mcuxCsslMemory/src/mcuxCsslMemory_Clear.o
LOAD ./component/els_pkc/src/comps/mcuxCsslMemory/src/mcuxCsslMemory_Compare.o
LOAD ./component/els_pkc/src/comps/mcuxCsslMemory/src/mcuxCsslMemory_Copy.o
LOAD ./component/els_pkc/src/comps/mcuxCsslMemory/src/mcuxCsslMemory_Set.o
LOAD ./component/els_pkc/src/comps/mcuxClMemory/src/mcuxClMemory.o
LOAD ./component/els_pkc/src/comps/mcuxClEls/src/mcuxClEls_Common.o
LOAD ./component/els_pkc/src/comps/mcuxClEls/src/mcuxClEls_GlitchDetector.o
LOAD ./component/els_pkc/src/comps/mcuxClBuffer/src/mcuxClBuffer.o
LOAD ./board/board.o
LOAD ./board/clock_config.o
LOAD ./board/hardware_init.o
LOAD ./board/pin_mux.o
START GROUP
LOAD C:/nxp/MCUXpressoIDE_25.6.136/ide/plugins/com.nxp.mcuxpresso.tools.win32_25.6.0.202501151204/tools/bin/../lib/gcc/arm-none-eabi/14.2.1/../../../../arm-none-eabi/lib/thumb/v8-m.main+fp/hard\libcr_nohost_nf.a
LOAD C:/nxp/MCUXpressoIDE_25.6.136/ide/plugins/com.nxp.mcuxpresso.tools.win32_25.6.0.202501151204/tools/bin/../lib/gcc/arm-none-eabi/14.2.1/../../../../arm-none-eabi/lib/thumb/v8-m.main+fp/hard\libcr_c.a
LOAD C:/nxp/MCUXpressoIDE_25.6.136/ide/plugins/com.nxp.mcuxpresso.tools.win32_25.6.0.202501151204/tools/bin/../lib/gcc/arm-none-eabi/14.2.1/thumb/v8-m.main+fp/hard\libcr_eabihelpers.a
LOAD C:/nxp/MCUXpressoIDE_25.6.136/ide/plugins/com.nxp.mcuxpresso.tools.win32_25.6.0.202501151204/tools/bin/../lib/gcc/arm-none-eabi/14.2.1/thumb/v8-m.main+fp/hard\libgcc.a
END GROUP
                0x08000000                        __base_QSPI_FLASH = 0x8000000
                0x08000000                        __base_Flash = 0x8000000
                0x08800000                        __top_QSPI_FLASH = 0x8800000
                0x08800000                        __top_Flash = 0x8800000
                0x20000000                        __base_SRAM = 0x20000000
                0x20000000                        __base_RAM = 0x20000000
                0x20130000                        __top_SRAM = 0x20130000
                0x20130000                        __top_RAM = 0x20130000

.boot_hdr       0x08000000     0x1000
 FILL mask 0xff
                0x00000400                        . = 0x400
 *fill*         0x08000000      0x400 ff
                0x08000400                        __FLASH_BASE = .
 *(SORT_BY_ALIGNMENT(.flash_conf))
 .flash_conf    0x08000400      0xc00 ./flash_config/flash_config.o
                0x08000400                flexspi_config
                0x00001000                        . = 0x1000

.text           0x08001000     0x9694
 FILL mask 0xff
                0x08001000                        __vectors_start__ = ABSOLUTE (.)
 *(SORT_BY_ALIGNMENT(.isr_vector))
 .isr_vector    0x08001000      0x244 ./startup/startup_rw612.o
                0x08001000                g_pfnVectors
                0x08001000                __Vectors
                0x08001244                        . = ALIGN (0x4)
                0x08001244                        __section_table_start = .
                0x08001244                        __data_section_table = .
                0x08001244        0x4 LONG 0x800a694 LOADADDR (.data)
                0x08001248        0x4 LONG 0x20000000 ADDR (.data)
                0x0800124c        0x4 LONG 0xc24 SIZEOF (.data)
                0x08001250                        __data_section_table_end = .
                0x08001250                        __bss_section_table = .
                0x08001250        0x4 LONG 0x20000c24 ADDR (.bss)
                0x08001254        0x4 LONG 0x278 SIZEOF (.bss)
                0x08001258                        __bss_section_table_end = .
                0x08001258                        __section_table_end = .
 *(SORT_BY_ALIGNMENT(.after_vectors*))
 .after_vectors.reset
                0x08001258       0x68 ./startup/startup_rw612.o
                0x08001258                ResetISR
 .after_vectors.init_data
                0x080012c0       0x1e ./startup/startup_rw612.o
                0x080012c0                data_init
 .after_vectors.init_bss
                0x080012de       0x12 ./startup/startup_rw612.o
                0x080012de                bss_init
 .after_vectors
                0x080012f0       0x16 ./startup/startup_rw612.o
                0x080012f0                NMI_Handler
                0x080012f4                MemManage_Handler
                0x080012f6                BusFault_Handler
                0x080012f8                UsageFault_Handler
                0x080012fa                SecureFault_Handler
                0x080012fc                SVC_Handler
                0x080012fe                DebugMon_Handler
                0x08001300                PendSV_Handler
                0x08001304                B2MWKUP0_DriverIRQHandler
                0x08001304                DMA0_DriverIRQHandler
                0x08001304                GAU_ACOMP_WKUP_DriverIRQHandler
                0x08001304                SGPIO_INTA_DriverIRQHandler
                0x08001304                B2MWKUP_DONE2_DriverIRQHandler
                0x08001304                Reserved75_DriverIRQHandler
                0x08001304                PKC_ERR_DriverIRQHandler
                0x08001304                BLE_MCI_INT7_DriverIRQHandler
                0x08001304                BLE_MCI_INT3_DriverIRQHandler
                0x08001304                BLE_MCI_INT5_DriverIRQHandler
                0x08001304                B2MWKUP_DONE0_DriverIRQHandler
                0x08001304                HWVAD_DriverIRQHandler
                0x08001304                USIM_DriverIRQHandler
                0x08001304                WKDEEPSLEEP_DriverIRQHandler
                0x08001304                B2MWKUP_DONE3_DriverIRQHandler
                0x08001304                Reserved73_DriverIRQHandler
                0x08001304                WL_MCI_INT5_DriverIRQHandler
                0x08001304                ENET_TIMER_DriverIRQHandler
                0x08001304                PIN_INT3_DriverIRQHandler
                0x08001304                PIN_INT2_DriverIRQHandler
                0x08001304                ELS_DriverIRQHandler
                0x08001304                OTP_DriverIRQHandler
                0x08001304                GPIO_INTB_DriverIRQHandler
                0x08001304                TRNG_DriverIRQHandler
                0x08001304                ACC_C_INT_DriverIRQHandler
                0x08001304                PIN_INT0_DriverIRQHandler
                0x08001304                GFMRT_DriverIRQHandler
                0x08001304                Reserved76_DriverIRQHandler
                0x08001304                CTIMER2_DriverIRQHandler
                0x08001304                Reserved69_DriverIRQHandler
                0x08001304                WL_MCI_INT3_DriverIRQHandler
                0x08001304                SECUREVIOLATION_DriverIRQHandler
                0x08001304                BACC_DriverIRQHandler
                0x08001304                Reserved34_DriverIRQHandler
                0x08001304                IntDefaultHandler
                0x08001304                Reserved138_DriverIRQHandler
                0x08001304                Reserved136_DriverIRQHandler
                0x08001304                Reserved67_DriverIRQHandler
                0x08001304                W2MWKUP_DONE7_DriverIRQHandler
                0x08001304                W2MWKUP1_DriverIRQHandler
                0x08001304                PMIP_DriverIRQHandler
                0x08001304                W2MWKUP_DONE4_DriverIRQHandler
                0x08001304                B2MWKUP_DONE7_DriverIRQHandler
                0x08001304                PIN_INT4_DriverIRQHandler
                0x08001304                PIN_INT5_DriverIRQHandler
                0x08001304                PIN0_INT_DriverIRQHandler
                0x08001304                ENET_DriverIRQHandler
                0x08001304                Reserved47_DriverIRQHandler
                0x08001304                GAU_ADC0_DriverIRQHandler
                0x08001304                CTIMER4_DriverIRQHandler
                0x08001304                WL_MCI_INT0_DriverIRQHandler
                0x08001304                PIN_INT7_DriverIRQHandler
                0x08001304                GDMA_DriverIRQHandler
                0x08001304                BLE_MCI_INT1_DriverIRQHandler
                0x08001304                OS_EVENT_TIMER_DriverIRQHandler
                0x08001304                Reserved38_DriverIRQHandler
                0x08001304                POWERQUAD_DriverIRQHandler
                0x08001304                ELS_GDET_DriverIRQHandler
                0x08001304                Reserved35_DriverIRQHandler
                0x08001304                CTIMER0_DriverIRQHandler
                0x08001304                Reserved79_DriverIRQHandler
                0x08001304                MRT_DriverIRQHandler
                0x08001304                BLE_MCI_INT6_DriverIRQHandler
                0x08001304                CTIMER1_DriverIRQHandler
                0x08001304                PIN1_INT_DriverIRQHandler
                0x08001304                PIN_INT6_DriverIRQHandler
                0x08001304                W2MWKUP_DONE6_DriverIRQHandler
                0x08001304                SGPIO_INTB_DriverIRQHandler
                0x08001304                ACC_S_INT_DriverIRQHandler
                0x08001304                PMIP_CHANGE_DriverIRQHandler
                0x08001304                PIN_INT1_DriverIRQHandler
                0x08001304                W2MWKUP0_DriverIRQHandler
                0x08001304                CTIMER3_DriverIRQHandler
                0x08001304                W2MWKUP_DONE0_DriverIRQHandler
                0x08001304                Reserved74_DriverIRQHandler
                0x08001304                PKC_INT_DriverIRQHandler
                0x08001304                GPIO_INTA_DriverIRQHandler
                0x08001304                Reserved61_DriverIRQHandler
                0x08001304                WL_MCI_INT2_DriverIRQHandler
                0x08001304                PUF_DriverIRQHandler
                0x08001304                GAU_ACOMP_DriverIRQHandler
                0x08001304                Reserved40_DriverIRQHandler
                0x08001304                RTC_DriverIRQHandler
                0x08001304                WACC_DriverIRQHandler
                0x08001304                Reserved65_DriverIRQHandler
                0x08001304                LCD_DriverIRQHandler
                0x08001304                B2MWKUP1_DriverIRQHandler
                0x08001304                W2MWKUP_DONE1_DriverIRQHandler
                0x08001304                BLE_MCI_INT4_DriverIRQHandler
                0x08001304                WL_MCI_INT1_DriverIRQHandler
                0x08001304                BLE_MCI_INT2_DriverIRQHandler
                0x08001304                GAU_DAC_DriverIRQHandler
                0x08001304                Reserved60_DriverIRQHandler
                0x08001304                WL_MCI_INT4_DriverIRQHandler
                0x08001304                Reserved49_DriverIRQHandler
                0x08001304                DMIC_DriverIRQHandler
                0x08001304                DMA1_DriverIRQHandler
                0x08001304                Reserved137_DriverIRQHandler
                0x08001304                B2MWKUP_DONE4_DriverIRQHandler
                0x08001304                B2MWKUP_DONE1_DriverIRQHandler
                0x08001304                GAU_ADC1_DriverIRQHandler
                0x08001304                BLE_MCI_INT0_DriverIRQHandler
                0x08001304                ELS_GDET_UM_DriverIRQHandler
                0x08001304                WL_MCI_INT7_DriverIRQHandler
                0x08001304                UTICK_DriverIRQHandler
                0x08001304                W2MWKUP_DONE2_DriverIRQHandler
                0x08001304                B2MWKUP_DONE6_DriverIRQHandler
                0x08001304                WDT0_DriverIRQHandler
                0x08001304                Reserved68_DriverIRQHandler
                0x08001304                Reserved59_DriverIRQHandler
                0x08001304                SDIO_DriverIRQHandler
                0x08001304                WL_MCI_INT6_DriverIRQHandler
                0x08001304                W2MWKUP_DONE3_DriverIRQHandler
                0x08001304                B2MWKUP_DONE5_DriverIRQHandler
                0x08001304                CDOG_INT_DriverIRQHandler
                0x08001304                Reserved46_DriverIRQHandler
                0x08001304                Reserved37_DriverIRQHandler
                0x08001304                SCT0_DriverIRQHandler
                0x08001304                HYPERVISOR_DriverIRQHandler
                0x08001304                ITRC_DriverIRQHandler
                0x08001304                Reserved50_DriverIRQHandler
                0x08001304                W2MWKUP_DONE5_DriverIRQHandler
                0x08001304                USB_DriverIRQHandler
 *(SORT_BY_ALIGNMENT(.text*))
 *fill*         0x08001306        0x2 ff
 .text.DbgConsole_ConvertFloatRadixNumToString
                0x08001308      0x2a0 ./utilities/debug_console_lite/fsl_debug_console.o
 .text.pow      0x080015a8      0x55c C:/nxp/MCUXpressoIDE_25.6.136/ide/plugins/com.nxp.mcuxpresso.tools.win32_25.6.0.202501151204/tools/bin/../lib/gcc/arm-none-eabi/14.2.1/../../../../arm-none-eabi/lib/thumb/v8-m.main+fp/hard\libcr_c.a(pow.o)
                0x080015a8                pow
 *fill*         0x08001b04        0x4 ff
 .text.frexp    0x08001b08       0x70 C:/nxp/MCUXpressoIDE_25.6.136/ide/plugins/com.nxp.mcuxpresso.tools.win32_25.6.0.202501151204/tools/bin/../lib/gcc/arm-none-eabi/14.2.1/../../../../arm-none-eabi/lib/thumb/v8-m.main+fp/hard\libcr_c.a(frexp.o)
                0x08001b08                frexp
 .text.ldexp    0x08001b78       0x5c C:/nxp/MCUXpressoIDE_25.6.136/ide/plugins/com.nxp.mcuxpresso.tools.win32_25.6.0.202501151204/tools/bin/../lib/gcc/arm-none-eabi/14.2.1/../../../../arm-none-eabi/lib/thumb/v8-m.main+fp/hard\libcr_c.a(ldexp.o)
                0x08001b78                ldexp
 .text.DbgConsole_Init
                0x08001bd4       0x88 ./utilities/debug_console_lite/fsl_debug_console.o
                0x08001bd4                DbgConsole_Init
 .text.DbgConsole_Vprintf
                0x08001c5c       0x3c ./utilities/debug_console_lite/fsl_debug_console.o
                0x08001c5c                DbgConsole_Vprintf
 .text.DbgConsole_Putchar
                0x08001c98       0x30 ./utilities/debug_console_lite/fsl_debug_console.o
                0x08001c98                DbgConsole_Putchar
 .text.DbgConsole_PrintfFormattedData
                0x08001cc8      0xb5c ./utilities/debug_console_lite/fsl_debug_console.o
 .text.__assertion_failed
                0x08002824       0x3c ./utilities/fsl_assert.o
                0x08002824                __assertion_failed
 .text          0x08002860       0xa0 ./utilities/fsl_memcpy.o
                0x08002860                memcpy
 .text.__NVIC_EnableIRQ
                0x08002900       0x3c ./source/ads1298.o
 .text.CS_LOW   0x0800293c       0x18 ./source/ads1298.o
 .text.CS_HIGH  0x08002954       0x18 ./source/ads1298.o
 .text.ADS_GPIO_Init
                0x0800296c       0xc4 ./source/ads1298.o
                0x0800296c                ADS_GPIO_Init
 .text.ADS_SPI_Init
                0x08002a30       0x3c ./source/ads1298.o
                0x08002a30                ADS_SPI_Init
 .text.ADS_WriteCmd
                0x08002a6c       0x40 ./source/ads1298.o
                0x08002a6c                ADS_WriteCmd
 .text.ADS_WriteReg
                0x08002aac       0x5c ./source/ads1298.o
                0x08002aac                ADS_WriteReg
 .text.ADS_ReadReg
                0x08002b08       0x5c ./source/ads1298.o
                0x08002b08                ADS_ReadReg
 .text.ADS_Reset
                0x08002b64       0x30 ./source/ads1298.o
                0x08002b64                ADS_Reset
 .text.GPIO_INTA_IRQHandler
                0x08002b94       0x24 ./source/ads1298.o
                0x08002b94                GPIO_INTA_IRQHandler
 .text.ADS_DRDY_InterruptInit
                0x08002bb8       0x3c ./source/ads1298.o
                0x08002bb8                ADS_DRDY_InterruptInit
 .text.ADS_ReadFrame
                0x08002bf4       0x68 ./source/ads1298.o
                0x08002bf4                ADS_ReadFrame
 .text.__NVIC_SetPriority
                0x08002c5c       0x54 ./source/main.o
 .text.SysTick_Config
                0x08002cb0       0x44 ./source/main.o
 .text.SysTick_Handler
                0x08002cf4       0x1c ./source/main.o
                0x08002cf4                SysTick_Handler
 .text.initMillisTimer
                0x08002d10       0x24 ./source/main.o
 .text.millis   0x08002d34       0x18 ./source/main.o
 .text.main     0x08002d4c       0xe4 ./source/main.o
                0x08002d4c                main
 .text.CLOCK_GetSysOscFreq
                0x08002e30       0x54 ./drivers/fsl_clock.o
 .text.CLOCK_GetMclkInClkFreq
                0x08002e84       0x18 ./drivers/fsl_clock.o
 .text.CLOCK_GetLpOscFreq
                0x08002e9c       0x30 ./drivers/fsl_clock.o
 .text.CLOCK_DelayUs
                0x08002ecc       0x90 ./drivers/fsl_clock.o
 .text.CLOCK_GetT3PllMciIrcClkFreq
                0x08002f5c       0x58 ./drivers/fsl_clock.o
                0x08002f5c                CLOCK_GetT3PllMciIrcClkFreq
 .text.CLOCK_GetT3PllMci256mClkFreq
                0x08002fb4       0x1c ./drivers/fsl_clock.o
                0x08002fb4                CLOCK_GetT3PllMci256mClkFreq
 .text.CLOCK_GetTcpuFvcoFreq
                0x08002fd0       0xa4 ./drivers/fsl_clock.o
 .text.CLOCK_GetTcpuMciClkFreq
                0x08003074       0x24 ./drivers/fsl_clock.o
                0x08003074                CLOCK_GetTcpuMciClkFreq
 .text.CLOCK_EnableClock
                0x08003098      0x118 ./drivers/fsl_clock.o
                0x08003098                CLOCK_EnableClock
 .text.CLOCK_DisableClock
                0x080031b0      0x104 ./drivers/fsl_clock.o
                0x080031b0                CLOCK_DisableClock
 .text.CLOCK_AttachClk
                0x080032b4       0xf4 ./drivers/fsl_clock.o
                0x080032b4                CLOCK_AttachClk
 .text.CLOCK_GetAvPllCh1Freq
                0x080033a8       0x5c ./drivers/fsl_clock.o
                0x080033a8                CLOCK_GetAvPllCh1Freq
 .text.CLOCK_GetMainPllClkFreq
                0x08003404       0x20 ./drivers/fsl_clock.o
 .text.CLOCK_GetAudioPllClkFreq
                0x08003424       0x20 ./drivers/fsl_clock.o
 .text.CLOCK_GetMainClkFreq
                0x08003444       0xac ./drivers/fsl_clock.o
                0x08003444                CLOCK_GetMainClkFreq
 .text.CLOCK_GetCoreSysClkFreq
                0x080034f0       0x20 ./drivers/fsl_clock.o
                0x080034f0                CLOCK_GetCoreSysClkFreq
 .text.CLOCK_GetFRGClock
                0x08003510      0x148 ./drivers/fsl_clock.o
                0x08003510                CLOCK_GetFRGClock
 .text.CLOCK_SetFRGClock
                0x08003658       0xa4 ./drivers/fsl_clock.o
                0x08003658                CLOCK_SetFRGClock
 .text.CLOCK_GetMclkClkFreq
                0x080036fc       0x60 ./drivers/fsl_clock.o
                0x080036fc                CLOCK_GetMclkClkFreq
 .text.CLOCK_GetFlexCommClkFreq
                0x0800375c       0xa4 ./drivers/fsl_clock.o
                0x0800375c                CLOCK_GetFlexCommClkFreq
 .text.CLOCK_CfgTcpuRefClk
                0x08003800      0x114 ./drivers/fsl_clock.o
 .text.CLOCK_InitTcpuRefClk
                0x08003914       0x70 ./drivers/fsl_clock.o
                0x08003914                CLOCK_InitTcpuRefClk
 .text.CLOCK_DeinitTcpuRefClk
                0x08003984       0x40 ./drivers/fsl_clock.o
                0x08003984                CLOCK_DeinitTcpuRefClk
 .text.CLOCK_InitTddrRefClk
                0x080039c4       0x7c ./drivers/fsl_clock.o
                0x080039c4                CLOCK_InitTddrRefClk
 .text.CLOCK_DeinitTddrRefClk
                0x08003a40       0x40 ./drivers/fsl_clock.o
                0x08003a40                CLOCK_DeinitTddrRefClk
 .text.CLOCK_InitT3RefClk
                0x08003a80       0x80 ./drivers/fsl_clock.o
                0x08003a80                CLOCK_InitT3RefClk
 .text.CLOCK_DeinitT3RefClk
                0x08003b00       0x38 ./drivers/fsl_clock.o
                0x08003b00                CLOCK_DeinitT3RefClk
 .text.CLOCK_ConfigAvPll
                0x08003b38       0xf4 ./drivers/fsl_clock.o
 .text.CLOCK_ConfigAvPllCh1
                0x08003c2c       0x84 ./drivers/fsl_clock.o
 .text.CLOCK_ConfigAvPllCh2
                0x08003cb0       0x64 ./drivers/fsl_clock.o
 .text.CLOCK_PowerUpAnaGrp
                0x08003d14       0x34 ./drivers/fsl_clock.o
 .text.CLOCK_PowerDownAnaGrp
                0x08003d48       0x30 ./drivers/fsl_clock.o
 .text.CLOCK_EnableAvPllCh
                0x08003d78      0x154 ./drivers/fsl_clock.o
                0x08003d78                CLOCK_EnableAvPllCh
 .text.CLOCK_DisableAvPllCh
                0x08003ecc       0x60 ./drivers/fsl_clock.o
                0x08003ecc                CLOCK_DisableAvPllCh
 .text.CLOCK_InitAvPll
                0x08003f2c       0x88 ./drivers/fsl_clock.o
                0x08003f2c                CLOCK_InitAvPll
 .text.CLOCK_DeinitAvPll
                0x08003fb4       0x54 ./drivers/fsl_clock.o
                0x08003fb4                CLOCK_DeinitAvPll
 .text.SDK_DelayAtLeastUs
                0x08004008       0x8c ./drivers/fsl_common_arm.o
                0x08004008                SDK_DelayAtLeastUs
 .text.FLEXCOMM_GetInstance
                0x08004094       0x4c ./drivers/fsl_flexcomm.o
                0x08004094                FLEXCOMM_GetInstance
 .text.FLEXCOMM_Init
                0x080040e0       0x50 ./drivers/fsl_flexcomm.o
                0x080040e0                FLEXCOMM_Init
 .text.FLEXCOMM0_DriverIRQHandler
                0x08004130       0x5c ./drivers/fsl_flexcomm.o
                0x08004130                FLEXCOMM0_DriverIRQHandler
 .text.FLEXCOMM1_DriverIRQHandler
                0x0800418c       0x5c ./drivers/fsl_flexcomm.o
                0x0800418c                FLEXCOMM1_DriverIRQHandler
 .text.FLEXCOMM2_DriverIRQHandler
                0x080041e8       0x5c ./drivers/fsl_flexcomm.o
                0x080041e8                FLEXCOMM2_DriverIRQHandler
 .text.FLEXCOMM3_DriverIRQHandler
                0x08004244       0x5c ./drivers/fsl_flexcomm.o
                0x08004244                FLEXCOMM3_DriverIRQHandler
 .text.FLEXCOMM14_DriverIRQHandler
                0x080042a0       0x5c ./drivers/fsl_flexcomm.o
                0x080042a0                FLEXCOMM14_DriverIRQHandler
 .text.FLEXSPI_DriverIRQHandler
                0x080042fc       0x24 ./drivers/fsl_flexspi.o
                0x080042fc                FLEXSPI_DriverIRQHandler
 .text.GPIO_EnablePortClock
                0x08004320       0x34 ./drivers/fsl_gpio.o
 .text.GPIO_PortInit
                0x08004354       0x2c ./drivers/fsl_gpio.o
                0x08004354                GPIO_PortInit
 .text.otp_get_nonmask_status_result
                0x08004380       0x60 ./drivers/fsl_ocotp.o
 .text.otp_wait_busy
                0x080043e0       0x50 ./drivers/fsl_ocotp.o
 .text.otp_clear_status
                0x08004430       0x28 ./drivers/fsl_ocotp.o
 .text.OCOTP_OtpInit
                0x08004458       0x34 ./drivers/fsl_ocotp.o
                0x08004458                OCOTP_OtpInit
 .text.OCOTP_OtpDeinit
                0x0800448c       0x44 ./drivers/fsl_ocotp.o
                0x0800448c                OCOTP_OtpDeinit
 .text.OCOTP_OtpFuseRead
                0x080044d0       0x74 ./drivers/fsl_ocotp.o
                0x080044d0                OCOTP_OtpFuseRead
 .text.soc_otp_read
                0x08004544      0x120 ./drivers/fsl_ocotp.o
 .text.OCOTP_ReadSVC
                0x08004664       0x34 ./drivers/fsl_ocotp.o
                0x08004664                OCOTP_ReadSVC
 .text.OCOTP_ReadPackage
                0x08004698       0x64 ./drivers/fsl_ocotp.o
                0x08004698                OCOTP_ReadPackage
 .text.__NVIC_SetPriorityGrouping
                0x080046fc       0x48 ./drivers/fsl_power.o
 .text.__NVIC_GetPriorityGrouping
                0x08004744       0x1c ./drivers/fsl_power.o
 .text.POWER_GetThresholdParams
                0x08004760      0x124 ./drivers/fsl_power.o
 .text.POWER_SaveNvicState
                0x08004884      0x140 ./drivers/fsl_power.o
 .text.POWER_RestoreNvicState
                0x080049c4      0x13c ./drivers/fsl_power.o
 .text.CAPTIMER_DriverIRQHandler
                0x08004b00       0x34 ./drivers/fsl_power.o
                0x08004b00                CAPTIMER_DriverIRQHandler
 .text.POWER_EnableWakeup
                0x08004b34      0x1dc ./drivers/fsl_power.o
                0x08004b34                POWER_EnableWakeup
 .text.POWER_InitVSensorThreshold
                0x08004d10      0x32c ./drivers/fsl_power.o
 .text.Power_InitLoadGdetCfg
                0x0800503c       0x7c ./drivers/fsl_power.o
                0x0800503c                Power_InitLoadGdetCfg
 .text.POWER_InitVoltage
                0x080050b8       0xa0 ./drivers/fsl_power.o
                0x080050b8                POWER_InitVoltage
 .text.POWER_TrimSvc
                0x08005158      0x198 ./drivers/fsl_power.o
                0x08005158                POWER_TrimSvc
 .text.RESET_SetPeripheralReset
                0x080052f0       0xf8 ./drivers/fsl_reset.o
                0x080052f0                RESET_SetPeripheralReset
 .text.RESET_ClearPeripheralReset
                0x080053e8      0x104 ./drivers/fsl_reset.o
                0x080053e8                RESET_ClearPeripheralReset
 .text.SPI_SetTransferDelay
                0x080054ec       0x60 ./drivers/fsl_spi.o
 .text.SPI_GetInstance
                0x0800554c       0x4c ./drivers/fsl_spi.o
                0x0800554c                SPI_GetInstance
 .text.SPI_SetDummyData
                0x08005598       0x2c ./drivers/fsl_spi.o
                0x08005598                SPI_SetDummyData
 .text.SPI_MasterGetDefaultConfig
                0x080055c4       0x68 ./drivers/fsl_spi.o
                0x080055c4                SPI_MasterGetDefaultConfig
 .text.SPI_MasterInit
                0x0800562c      0x190 ./drivers/fsl_spi.o
                0x0800562c                SPI_MasterInit
 .text.SPI_MasterSetBaud
                0x080057bc       0x9c ./drivers/fsl_spi.o
                0x080057bc                SPI_MasterSetBaud
 .text.SPI_MasterTransferBlocking
                0x08005858      0x270 ./drivers/fsl_spi.o
                0x08005858                SPI_MasterTransferBlocking
 .text.USART_Init
                0x08005ac8      0x1d8 ./drivers/fsl_usart.o
                0x08005ac8                USART_Init
 .text.USART_GetDefaultConfig
                0x08005ca0       0xa0 ./drivers/fsl_usart.o
                0x08005ca0                USART_GetDefaultConfig
 .text.USART_SetBaudRate
                0x08005d40      0x18c ./drivers/fsl_usart.o
                0x08005d40                USART_SetBaudRate
 .text.USART_WriteBlocking
                0x08005ecc       0x8c ./drivers/fsl_usart.o
                0x08005ecc                USART_WriteBlocking
 .text.USART_ReadBlocking
                0x08005f58      0x104 ./drivers/fsl_usart.o
                0x08005f58                USART_ReadBlocking
 .text.SystemInit
                0x0800605c       0xc4 ./device/system_RW612.o
                0x0800605c                SystemInit
 .text.getT3PllMciIrcClkFreq
                0x08006120       0x50 ./device/system_RW612.o
 .text.getTcpuFvcoFreq
                0x08006170       0x9c ./device/system_RW612.o
 .text.getT3PllMci256mClkFreq
                0x0800620c       0x1c ./device/system_RW612.o
 .text.getTcpuMciClkFreq
                0x08006228       0x24 ./device/system_RW612.o
 .text.getSysOscFreq
                0x0800624c       0x48 ./device/system_RW612.o
 .text.getLpOscFreq
                0x08006294       0x30 ./device/system_RW612.o
 .text.getMainPllClkFreq
                0x080062c4       0x20 ./device/system_RW612.o
 .text.SystemCoreClockUpdate
                0x080062e4       0xc4 ./device/system_RW612.o
                0x080062e4                SystemCoreClockUpdate
 .text.HAL_UartInitCommon
                0x080063a8      0x110 ./component/uart/fsl_adapter_usart.o
 .text.HAL_UartReceiveBlocking
                0x080064b8       0x6c ./component/uart/fsl_adapter_usart.o
                0x080064b8                HAL_UartReceiveBlocking
 .text.HAL_UartSendBlocking
                0x08006524       0x64 ./component/uart/fsl_adapter_usart.o
                0x08006524                HAL_UartSendBlocking
 .text.mcuxClEls_isBusy
                0x08006588       0x24 ./component/els_pkc/src/comps/mcuxClEls/src/mcuxClEls_Common.o
 .text.mcuxClEls_GetErrorCode
                0x080065ac      0x1c0 ./component/els_pkc/src/comps/mcuxClEls/src/mcuxClEls_Common.o
                0x080065ac                mcuxClEls_GetErrorCode
 .text.mcuxClEls_WaitForOperation
                0x0800676c       0x9c ./component/els_pkc/src/comps/mcuxClEls/src/mcuxClEls_Common.o
                0x0800676c                mcuxClEls_WaitForOperation
 .text.mcuxClEls_ResetErrorFlags
                0x08006808       0x74 ./component/els_pkc/src/comps/mcuxClEls/src/mcuxClEls_Common.o
                0x08006808                mcuxClEls_ResetErrorFlags
 .text.mcuxClEls_setInput0_fixedSize
                0x0800687c       0x20 ./component/els_pkc/src/comps/mcuxClEls/src/mcuxClEls_GlitchDetector.o
 .text.mcuxClEls_startCommand
                0x0800689c       0x40 ./component/els_pkc/src/comps/mcuxClEls/src/mcuxClEls_GlitchDetector.o
 .text.mcuxClEls_isBusy
                0x080068dc       0x24 ./component/els_pkc/src/comps/mcuxClEls/src/mcuxClEls_GlitchDetector.o
 .text.BOARD_InitDebugConsole
                0x08006900       0x44 ./board/board.o
                0x08006900                BOARD_InitDebugConsole
 .text.LoadGdetCfg
                0x08006944       0xd0 ./board/board.o
 .text.ConfigSvcSensor
                0x08006a14      0x168 ./board/board.o
 .text.BOARD_ClockPreConfig
                0x08006b7c       0x6c ./board/board.o
                0x08006b7c                BOARD_ClockPreConfig
 .text.BOARD_ClockPostConfig
                0x08006be8       0x3c ./board/board.o
                0x08006be8                BOARD_ClockPostConfig
 .text.BOARD_BootClockRUN
                0x08006c24      0x108 ./board/clock_config.o
                0x08006c24                BOARD_BootClockRUN
 .text.IO_MUX_SetPinMux
                0x08006d2c      0x2ac ./board/pin_mux.o
 .text.IO_MUX_SetPinConfig
                0x08006fd8       0xbc ./board/pin_mux.o
 .text.BOARD_InitPins
                0x08007094      0x158 ./board/pin_mux.o
                0x08007094                BOARD_InitPins
 .text._initio  0x080071ec       0x78 C:/nxp/MCUXpressoIDE_25.6.136/ide/plugins/com.nxp.mcuxpresso.tools.win32_25.6.0.202501151204/tools/bin/../lib/gcc/arm-none-eabi/14.2.1/../../../../arm-none-eabi/lib/thumb/v8-m.main+fp/hard\libcr_c.a(initio.o)
                0x080071ec                _initio
 .text.modf     0x08007264       0x94 C:/nxp/MCUXpressoIDE_25.6.136/ide/plugins/com.nxp.mcuxpresso.tools.win32_25.6.0.202501151204/tools/bin/../lib/gcc/arm-none-eabi/14.2.1/../../../../arm-none-eabi/lib/thumb/v8-m.main+fp/hard\libcr_c.a(modf.o)
                0x08007264                modf
 .text._Cwritebuf
                0x080072f8       0x70 C:/nxp/MCUXpressoIDE_25.6.136/ide/plugins/com.nxp.mcuxpresso.tools.win32_25.6.0.202501151204/tools/bin/../lib/gcc/arm-none-eabi/14.2.1/../../../../arm-none-eabi/lib/thumb/v8-m.main+fp/hard\libcr_c.a(_writebuf.o)
                0x080072f8                _Cwritebuf
 .text.fflush   0x08007368       0x3c C:/nxp/MCUXpressoIDE_25.6.136/ide/plugins/com.nxp.mcuxpresso.tools.win32_25.6.0.202501151204/tools/bin/../lib/gcc/arm-none-eabi/14.2.1/../../../../arm-none-eabi/lib/thumb/v8-m.main+fp/hard\libcr_c.a(fflush.o)
                0x08007368                fflush
 .text.fseek    0x080073a4       0xf8 C:/nxp/MCUXpressoIDE_25.6.136/ide/plugins/com.nxp.mcuxpresso.tools.win32_25.6.0.202501151204/tools/bin/../lib/gcc/arm-none-eabi/14.2.1/../../../../arm-none-eabi/lib/thumb/v8-m.main+fp/hard\libcr_c.a(fseek.o)
                0x080073a4                fseek
 .text.ftell    0x0800749c       0x44 C:/nxp/MCUXpressoIDE_25.6.136/ide/plugins/com.nxp.mcuxpresso.tools.win32_25.6.0.202501151204/tools/bin/../lib/gcc/arm-none-eabi/14.2.1/../../../../arm-none-eabi/lib/thumb/v8-m.main+fp/hard\libcr_c.a(ftell.o)
                0x0800749c                ftell
 .text.__aeabi_dmul
                0x080074e0       0xfc C:/nxp/MCUXpressoIDE_25.6.136/ide/plugins/com.nxp.mcuxpresso.tools.win32_25.6.0.202501151204/tools/bin/../lib/gcc/arm-none-eabi/14.2.1/thumb/v8-m.main+fp/hard\libcr_eabihelpers.a(double.o)
                0x080074e0                __aeabi_dmul
 .text.__aeabi_ddiv
                0x080075dc      0x134 C:/nxp/MCUXpressoIDE_25.6.136/ide/plugins/com.nxp.mcuxpresso.tools.win32_25.6.0.202501151204/tools/bin/../lib/gcc/arm-none-eabi/14.2.1/thumb/v8-m.main+fp/hard\libcr_eabihelpers.a(double.o)
                0x080075dc                __aeabi_ddiv
 .text.__aeabi_dsub
                0x08007710      0x1b4 C:/nxp/MCUXpressoIDE_25.6.136/ide/plugins/com.nxp.mcuxpresso.tools.win32_25.6.0.202501151204/tools/bin/../lib/gcc/arm-none-eabi/14.2.1/thumb/v8-m.main+fp/hard\libcr_eabihelpers.a(double.o)
                0x08007710                __aeabi_dsub
 .text.__aeabi_dadd
                0x080078c4      0x128 C:/nxp/MCUXpressoIDE_25.6.136/ide/plugins/com.nxp.mcuxpresso.tools.win32_25.6.0.202501151204/tools/bin/../lib/gcc/arm-none-eabi/14.2.1/thumb/v8-m.main+fp/hard\libcr_eabihelpers.a(double.o)
                0x080078c4                __aeabi_dadd
 .text.DbgConsole_Printf
                0x080079ec       0x2c ./utilities/debug_console_lite/fsl_debug_console.o
                0x080079ec                DbgConsole_Printf
 .text.DbgConsole_PrintfPaddingCharacter
                0x08007a18       0x40 ./utilities/debug_console_lite/fsl_debug_console.o
 .text.DbgConsole_ConvertRadixNumToString
                0x08007a58      0x2b0 ./utilities/debug_console_lite/fsl_debug_console.o
 .text.fsl_assert_hook
                0x08007d08       0x1a ./utilities/fsl_assert.o
                0x08007d08                fsl_assert_hook
 .text.WDT0_IRQHandler
                0x08007d22        0x8 ./startup/startup_rw612.o
                0x08007d22                WDT0_IRQHandler
 .text.DMA0_IRQHandler
                0x08007d2a        0x8 ./startup/startup_rw612.o
                0x08007d2a                DMA0_IRQHandler
 .text.GPIO_INTB_IRQHandler
                0x08007d32        0x8 ./startup/startup_rw612.o
                0x08007d32                GPIO_INTB_IRQHandler
 .text.PIN_INT0_IRQHandler
                0x08007d3a        0x8 ./startup/startup_rw612.o
                0x08007d3a                PIN_INT0_IRQHandler
 .text.PIN_INT1_IRQHandler
                0x08007d42        0x8 ./startup/startup_rw612.o
                0x08007d42                PIN_INT1_IRQHandler
 .text.PIN_INT2_IRQHandler
                0x08007d4a        0x8 ./startup/startup_rw612.o
                0x08007d4a                PIN_INT2_IRQHandler
 .text.PIN_INT3_IRQHandler
                0x08007d52        0x8 ./startup/startup_rw612.o
                0x08007d52                PIN_INT3_IRQHandler
 .text.UTICK_IRQHandler
                0x08007d5a        0x8 ./startup/startup_rw612.o
                0x08007d5a                UTICK_IRQHandler
 .text.MRT_IRQHandler
                0x08007d62        0x8 ./startup/startup_rw612.o
                0x08007d62                MRT_IRQHandler
 .text.CTIMER0_IRQHandler
                0x08007d6a        0x8 ./startup/startup_rw612.o
                0x08007d6a                CTIMER0_IRQHandler
 .text.CTIMER1_IRQHandler
                0x08007d72        0x8 ./startup/startup_rw612.o
                0x08007d72                CTIMER1_IRQHandler
 .text.SCT0_IRQHandler
                0x08007d7a        0x8 ./startup/startup_rw612.o
                0x08007d7a                SCT0_IRQHandler
 .text.CTIMER3_IRQHandler
                0x08007d82        0x8 ./startup/startup_rw612.o
                0x08007d82                CTIMER3_IRQHandler
 .text.FLEXCOMM0_IRQHandler
                0x08007d8a        0x8 ./startup/startup_rw612.o
                0x08007d8a                FLEXCOMM0_IRQHandler
 .text.FLEXCOMM1_IRQHandler
                0x08007d92        0x8 ./startup/startup_rw612.o
                0x08007d92                FLEXCOMM1_IRQHandler
 .text.FLEXCOMM2_IRQHandler
                0x08007d9a        0x8 ./startup/startup_rw612.o
                0x08007d9a                FLEXCOMM2_IRQHandler
 .text.FLEXCOMM3_IRQHandler
                0x08007da2        0x8 ./startup/startup_rw612.o
                0x08007da2                FLEXCOMM3_IRQHandler
 .text.Reserved34_IRQHandler
                0x08007daa        0x8 ./startup/startup_rw612.o
                0x08007daa                Reserved34_IRQHandler
 .text.Reserved35_IRQHandler
                0x08007db2        0x8 ./startup/startup_rw612.o
                0x08007db2                Reserved35_IRQHandler
 .text.FLEXCOMM14_IRQHandler
                0x08007dba        0x8 ./startup/startup_rw612.o
                0x08007dba                FLEXCOMM14_IRQHandler
 .text.Reserved37_IRQHandler
                0x08007dc2        0x8 ./startup/startup_rw612.o
                0x08007dc2                Reserved37_IRQHandler
 .text.Reserved38_IRQHandler
                0x08007dca        0x8 ./startup/startup_rw612.o
                0x08007dca                Reserved38_IRQHandler
 .text.GFMRT_IRQHandler
                0x08007dd2        0x8 ./startup/startup_rw612.o
                0x08007dd2                GFMRT_IRQHandler
 .text.Reserved40_IRQHandler
                0x08007dda        0x8 ./startup/startup_rw612.o
                0x08007dda                Reserved40_IRQHandler
 .text.DMIC_IRQHandler
                0x08007de2        0x8 ./startup/startup_rw612.o
                0x08007de2                DMIC_IRQHandler
 .text.WKDEEPSLEEP_IRQHandler
                0x08007dea        0x8 ./startup/startup_rw612.o
                0x08007dea                WKDEEPSLEEP_IRQHandler
 .text.HYPERVISOR_IRQHandler
                0x08007df2        0x8 ./startup/startup_rw612.o
                0x08007df2                HYPERVISOR_IRQHandler
 .text.SECUREVIOLATION_IRQHandler
                0x08007dfa        0x8 ./startup/startup_rw612.o
                0x08007dfa                SECUREVIOLATION_IRQHandler
 .text.HWVAD_IRQHandler
                0x08007e02        0x8 ./startup/startup_rw612.o
                0x08007e02                HWVAD_IRQHandler
 .text.Reserved46_IRQHandler
                0x08007e0a        0x8 ./startup/startup_rw612.o
                0x08007e0a                Reserved46_IRQHandler
 .text.Reserved47_IRQHandler
                0x08007e12        0x8 ./startup/startup_rw612.o
                0x08007e12                Reserved47_IRQHandler
 .text.RTC_IRQHandler
                0x08007e1a        0x8 ./startup/startup_rw612.o
                0x08007e1a                RTC_IRQHandler
 .text.Reserved49_IRQHandler
                0x08007e22        0x8 ./startup/startup_rw612.o
                0x08007e22                Reserved49_IRQHandler
 .text.Reserved50_IRQHandler
                0x08007e2a        0x8 ./startup/startup_rw612.o
                0x08007e2a                Reserved50_IRQHandler
 .text.PIN_INT4_IRQHandler
                0x08007e32        0x8 ./startup/startup_rw612.o
                0x08007e32                PIN_INT4_IRQHandler
 .text.PIN_INT5_IRQHandler
                0x08007e3a        0x8 ./startup/startup_rw612.o
                0x08007e3a                PIN_INT5_IRQHandler
 .text.PIN_INT6_IRQHandler
                0x08007e42        0x8 ./startup/startup_rw612.o
                0x08007e42                PIN_INT6_IRQHandler
 .text.PIN_INT7_IRQHandler
                0x08007e4a        0x8 ./startup/startup_rw612.o
                0x08007e4a                PIN_INT7_IRQHandler
 .text.CTIMER2_IRQHandler
                0x08007e52        0x8 ./startup/startup_rw612.o
                0x08007e52                CTIMER2_IRQHandler
 .text.CTIMER4_IRQHandler
                0x08007e5a        0x8 ./startup/startup_rw612.o
                0x08007e5a                CTIMER4_IRQHandler
 .text.OS_EVENT_TIMER_IRQHandler
                0x08007e62        0x8 ./startup/startup_rw612.o
                0x08007e62                OS_EVENT_TIMER_IRQHandler
 .text.FLEXSPI_IRQHandler
                0x08007e6a        0x8 ./startup/startup_rw612.o
                0x08007e6a                FLEXSPI_IRQHandler
 .text.Reserved59_IRQHandler
                0x08007e72        0x8 ./startup/startup_rw612.o
                0x08007e72                Reserved59_IRQHandler
 .text.Reserved60_IRQHandler
                0x08007e7a        0x8 ./startup/startup_rw612.o
                0x08007e7a                Reserved60_IRQHandler
 .text.Reserved61_IRQHandler
                0x08007e82        0x8 ./startup/startup_rw612.o
                0x08007e82                Reserved61_IRQHandler
 .text.SDIO_IRQHandler
                0x08007e8a        0x8 ./startup/startup_rw612.o
                0x08007e8a                SDIO_IRQHandler
 .text.SGPIO_INTA_IRQHandler
                0x08007e92        0x8 ./startup/startup_rw612.o
                0x08007e92                SGPIO_INTA_IRQHandler
 .text.SGPIO_INTB_IRQHandler
                0x08007e9a        0x8 ./startup/startup_rw612.o
                0x08007e9a                SGPIO_INTB_IRQHandler
 .text.Reserved65_IRQHandler
                0x08007ea2        0x8 ./startup/startup_rw612.o
                0x08007ea2                Reserved65_IRQHandler
 .text.USB_IRQHandler
                0x08007eaa        0x8 ./startup/startup_rw612.o
                0x08007eaa                USB_IRQHandler
 .text.Reserved67_IRQHandler
                0x08007eb2        0x8 ./startup/startup_rw612.o
                0x08007eb2                Reserved67_IRQHandler
 .text.Reserved68_IRQHandler
                0x08007eba        0x8 ./startup/startup_rw612.o
                0x08007eba                Reserved68_IRQHandler
 .text.Reserved69_IRQHandler
                0x08007ec2        0x8 ./startup/startup_rw612.o
                0x08007ec2                Reserved69_IRQHandler
 .text.DMA1_IRQHandler
                0x08007eca        0x8 ./startup/startup_rw612.o
                0x08007eca                DMA1_IRQHandler
 .text.PUF_IRQHandler
                0x08007ed2        0x8 ./startup/startup_rw612.o
                0x08007ed2                PUF_IRQHandler
 .text.POWERQUAD_IRQHandler
                0x08007eda        0x8 ./startup/startup_rw612.o
                0x08007eda                POWERQUAD_IRQHandler
 .text.Reserved73_IRQHandler
                0x08007ee2        0x8 ./startup/startup_rw612.o
                0x08007ee2                Reserved73_IRQHandler
 .text.Reserved74_IRQHandler
                0x08007eea        0x8 ./startup/startup_rw612.o
                0x08007eea                Reserved74_IRQHandler
 .text.Reserved75_IRQHandler
                0x08007ef2        0x8 ./startup/startup_rw612.o
                0x08007ef2                Reserved75_IRQHandler
 .text.Reserved76_IRQHandler
                0x08007efa        0x8 ./startup/startup_rw612.o
                0x08007efa                Reserved76_IRQHandler
 .text.LCD_IRQHandler
                0x08007f02        0x8 ./startup/startup_rw612.o
                0x08007f02                LCD_IRQHandler
 .text.CAPTIMER_IRQHandler
                0x08007f0a        0x8 ./startup/startup_rw612.o
                0x08007f0a                CAPTIMER_IRQHandler
 .text.Reserved79_IRQHandler
                0x08007f12        0x8 ./startup/startup_rw612.o
                0x08007f12                Reserved79_IRQHandler
 .text.W2MWKUP_DONE0_IRQHandler
                0x08007f1a        0x8 ./startup/startup_rw612.o
                0x08007f1a                W2MWKUP_DONE0_IRQHandler
 .text.W2MWKUP_DONE1_IRQHandler
                0x08007f22        0x8 ./startup/startup_rw612.o
                0x08007f22                W2MWKUP_DONE1_IRQHandler
 .text.W2MWKUP_DONE2_IRQHandler
                0x08007f2a        0x8 ./startup/startup_rw612.o
                0x08007f2a                W2MWKUP_DONE2_IRQHandler
 .text.W2MWKUP_DONE3_IRQHandler
                0x08007f32        0x8 ./startup/startup_rw612.o
                0x08007f32                W2MWKUP_DONE3_IRQHandler
 .text.W2MWKUP_DONE4_IRQHandler
                0x08007f3a        0x8 ./startup/startup_rw612.o
                0x08007f3a                W2MWKUP_DONE4_IRQHandler
 .text.W2MWKUP_DONE5_IRQHandler
                0x08007f42        0x8 ./startup/startup_rw612.o
                0x08007f42                W2MWKUP_DONE5_IRQHandler
 .text.W2MWKUP_DONE6_IRQHandler
                0x08007f4a        0x8 ./startup/startup_rw612.o
                0x08007f4a                W2MWKUP_DONE6_IRQHandler
 .text.W2MWKUP_DONE7_IRQHandler
                0x08007f52        0x8 ./startup/startup_rw612.o
                0x08007f52                W2MWKUP_DONE7_IRQHandler
 .text.W2MWKUP0_IRQHandler
                0x08007f5a        0x8 ./startup/startup_rw612.o
                0x08007f5a                W2MWKUP0_IRQHandler
 .text.W2MWKUP1_IRQHandler
                0x08007f62        0x8 ./startup/startup_rw612.o
                0x08007f62                W2MWKUP1_IRQHandler
 .text.WL_MCI_INT0_IRQHandler
                0x08007f6a        0x8 ./startup/startup_rw612.o
                0x08007f6a                WL_MCI_INT0_IRQHandler
 .text.WL_MCI_INT1_IRQHandler
                0x08007f72        0x8 ./startup/startup_rw612.o
                0x08007f72                WL_MCI_INT1_IRQHandler
 .text.WL_MCI_INT2_IRQHandler
                0x08007f7a        0x8 ./startup/startup_rw612.o
                0x08007f7a                WL_MCI_INT2_IRQHandler
 .text.WL_MCI_INT3_IRQHandler
                0x08007f82        0x8 ./startup/startup_rw612.o
                0x08007f82                WL_MCI_INT3_IRQHandler
 .text.WL_MCI_INT4_IRQHandler
                0x08007f8a        0x8 ./startup/startup_rw612.o
                0x08007f8a                WL_MCI_INT4_IRQHandler
 .text.WL_MCI_INT5_IRQHandler
                0x08007f92        0x8 ./startup/startup_rw612.o
                0x08007f92                WL_MCI_INT5_IRQHandler
 .text.WL_MCI_INT6_IRQHandler
                0x08007f9a        0x8 ./startup/startup_rw612.o
                0x08007f9a                WL_MCI_INT6_IRQHandler
 .text.WL_MCI_INT7_IRQHandler
                0x08007fa2        0x8 ./startup/startup_rw612.o
                0x08007fa2                WL_MCI_INT7_IRQHandler
 .text.B2MWKUP_DONE0_IRQHandler
                0x08007faa        0x8 ./startup/startup_rw612.o
                0x08007faa                B2MWKUP_DONE0_IRQHandler
 .text.B2MWKUP_DONE1_IRQHandler
                0x08007fb2        0x8 ./startup/startup_rw612.o
                0x08007fb2                B2MWKUP_DONE1_IRQHandler
 .text.B2MWKUP_DONE2_IRQHandler
                0x08007fba        0x8 ./startup/startup_rw612.o
                0x08007fba                B2MWKUP_DONE2_IRQHandler
 .text.B2MWKUP_DONE3_IRQHandler
                0x08007fc2        0x8 ./startup/startup_rw612.o
                0x08007fc2                B2MWKUP_DONE3_IRQHandler
 .text.B2MWKUP_DONE4_IRQHandler
                0x08007fca        0x8 ./startup/startup_rw612.o
                0x08007fca                B2MWKUP_DONE4_IRQHandler
 .text.B2MWKUP_DONE5_IRQHandler
                0x08007fd2        0x8 ./startup/startup_rw612.o
                0x08007fd2                B2MWKUP_DONE5_IRQHandler
 .text.B2MWKUP_DONE6_IRQHandler
                0x08007fda        0x8 ./startup/startup_rw612.o
                0x08007fda                B2MWKUP_DONE6_IRQHandler
 .text.B2MWKUP_DONE7_IRQHandler
                0x08007fe2        0x8 ./startup/startup_rw612.o
                0x08007fe2                B2MWKUP_DONE7_IRQHandler
 .text.B2MWKUP0_IRQHandler
                0x08007fea        0x8 ./startup/startup_rw612.o
                0x08007fea                B2MWKUP0_IRQHandler
 .text.B2MWKUP1_IRQHandler
                0x08007ff2        0x8 ./startup/startup_rw612.o
                0x08007ff2                B2MWKUP1_IRQHandler
 .text.BLE_MCI_INT0_IRQHandler
                0x08007ffa        0x8 ./startup/startup_rw612.o
                0x08007ffa                BLE_MCI_INT0_IRQHandler
 .text.BLE_MCI_INT1_IRQHandler
                0x08008002        0x8 ./startup/startup_rw612.o
                0x08008002                BLE_MCI_INT1_IRQHandler
 .text.BLE_MCI_INT2_IRQHandler
                0x0800800a        0x8 ./startup/startup_rw612.o
                0x0800800a                BLE_MCI_INT2_IRQHandler
 .text.BLE_MCI_INT3_IRQHandler
                0x08008012        0x8 ./startup/startup_rw612.o
                0x08008012                BLE_MCI_INT3_IRQHandler
 .text.BLE_MCI_INT4_IRQHandler
                0x0800801a        0x8 ./startup/startup_rw612.o
                0x0800801a                BLE_MCI_INT4_IRQHandler
 .text.BLE_MCI_INT5_IRQHandler
                0x08008022        0x8 ./startup/startup_rw612.o
                0x08008022                BLE_MCI_INT5_IRQHandler
 .text.BLE_MCI_INT6_IRQHandler
                0x0800802a        0x8 ./startup/startup_rw612.o
                0x0800802a                BLE_MCI_INT6_IRQHandler
 .text.BLE_MCI_INT7_IRQHandler
                0x08008032        0x8 ./startup/startup_rw612.o
                0x08008032                BLE_MCI_INT7_IRQHandler
 .text.PIN0_INT_IRQHandler
                0x0800803a        0x8 ./startup/startup_rw612.o
                0x0800803a                PIN0_INT_IRQHandler
 .text.PIN1_INT_IRQHandler
                0x08008042        0x8 ./startup/startup_rw612.o
                0x08008042                PIN1_INT_IRQHandler
 .text.ELS_IRQHandler
                0x0800804a        0x8 ./startup/startup_rw612.o
                0x0800804a                ELS_IRQHandler
 .text.ELS_GDET_IRQHandler
                0x08008052        0x8 ./startup/startup_rw612.o
                0x08008052                ELS_GDET_IRQHandler
 .text.ELS_GDET_UM_IRQHandler
                0x0800805a        0x8 ./startup/startup_rw612.o
                0x0800805a                ELS_GDET_UM_IRQHandler
 .text.PKC_INT_IRQHandler
                0x08008062        0x8 ./startup/startup_rw612.o
                0x08008062                PKC_INT_IRQHandler
 .text.PKC_ERR_IRQHandler
                0x0800806a        0x8 ./startup/startup_rw612.o
                0x0800806a                PKC_ERR_IRQHandler
 .text.CDOG_INT_IRQHandler
                0x08008072        0x8 ./startup/startup_rw612.o
                0x08008072                CDOG_INT_IRQHandler
 .text.GAU_DAC_IRQHandler
                0x0800807a        0x8 ./startup/startup_rw612.o
                0x0800807a                GAU_DAC_IRQHandler
 .text.GAU_ACOMP_WKUP_IRQHandler
                0x08008082        0x8 ./startup/startup_rw612.o
                0x08008082                GAU_ACOMP_WKUP_IRQHandler
 .text.GAU_ACOMP_IRQHandler
                0x0800808a        0x8 ./startup/startup_rw612.o
                0x0800808a                GAU_ACOMP_IRQHandler
 .text.GAU_ADC1_IRQHandler
                0x08008092        0x8 ./startup/startup_rw612.o
                0x08008092                GAU_ADC1_IRQHandler
 .text.GAU_ADC0_IRQHandler
                0x0800809a        0x8 ./startup/startup_rw612.o
                0x0800809a                GAU_ADC0_IRQHandler
 .text.USIM_IRQHandler
                0x080080a2        0x8 ./startup/startup_rw612.o
                0x080080a2                USIM_IRQHandler
 .text.OTP_IRQHandler
                0x080080aa        0x8 ./startup/startup_rw612.o
                0x080080aa                OTP_IRQHandler
 .text.ENET_IRQHandler
                0x080080b2        0x8 ./startup/startup_rw612.o
                0x080080b2                ENET_IRQHandler
 .text.ENET_TIMER_IRQHandler
                0x080080ba        0x8 ./startup/startup_rw612.o
                0x080080ba                ENET_TIMER_IRQHandler
 .text.PMIP_IRQHandler
                0x080080c2        0x8 ./startup/startup_rw612.o
                0x080080c2                PMIP_IRQHandler
 .text.PMIP_CHANGE_IRQHandler
                0x080080ca        0x8 ./startup/startup_rw612.o
                0x080080ca                PMIP_CHANGE_IRQHandler
 .text.ITRC_IRQHandler
                0x080080d2        0x8 ./startup/startup_rw612.o
                0x080080d2                ITRC_IRQHandler
 .text.Reserved136_IRQHandler
                0x080080da        0x8 ./startup/startup_rw612.o
                0x080080da                Reserved136_IRQHandler
 .text.Reserved137_IRQHandler
                0x080080e2        0x8 ./startup/startup_rw612.o
                0x080080e2                Reserved137_IRQHandler
 .text.Reserved138_IRQHandler
                0x080080ea        0x8 ./startup/startup_rw612.o
                0x080080ea                Reserved138_IRQHandler
 .text.TRNG_IRQHandler
                0x080080f2        0x8 ./startup/startup_rw612.o
                0x080080f2                TRNG_IRQHandler
 .text.ACC_C_INT_IRQHandler
                0x080080fa        0x8 ./startup/startup_rw612.o
                0x080080fa                ACC_C_INT_IRQHandler
 .text.ACC_S_INT_IRQHandler
                0x08008102        0x8 ./startup/startup_rw612.o
                0x08008102                ACC_S_INT_IRQHandler
 .text.WACC_IRQHandler
                0x0800810a        0x8 ./startup/startup_rw612.o
                0x0800810a                WACC_IRQHandler
 .text.BACC_IRQHandler
                0x08008112        0x8 ./startup/startup_rw612.o
                0x08008112                BACC_IRQHandler
 .text.GDMA_IRQHandler
                0x0800811a        0x8 ./startup/startup_rw612.o
                0x0800811a                GDMA_IRQHandler
 .text.EnableIRQ
                0x08008122       0x32 ./source/ads1298.o
 .text.GPIO_PinWrite
                0x08008154       0x2a ./source/ads1298.o
 .text.delay_ms
                0x0800817e       0x2a ./source/ads1298.o
 .text.ADS_ParseChannels
                0x080081a8       0x6e ./source/ads1298.o
                0x080081a8                ADS_ParseChannels
 .text.ADS_Configure
                0x08008216       0x72 ./source/ads1298.o
                0x08008216                ADS_Configure
 .text.ADS_ReadID
                0x08008288       0x22 ./source/ads1298.o
                0x08008288                ADS_ReadID
 .text.HardFault_Handler
                0x080082aa       0x36 ./source/semihost_hardfault.o
                0x080082aa                HardFault_Handler
 .text.CLOCK_GetClk32KFreq
                0x080082e0       0x12 ./drivers/fsl_clock.o
 .text.CLOCK_Delay
                0x080082f2       0x22 ./drivers/fsl_clock.o
 .text.CLOCK_SetClkDiv
                0x08008314       0x78 ./drivers/fsl_clock.o
                0x08008314                CLOCK_SetClkDiv
 .text.CLOCK_GetFreq
                0x0800838c       0x3c ./drivers/fsl_clock.o
                0x0800838c                CLOCK_GetFreq
 .text.CLOCK_GetFFroFreq
                0x080083c8        0xe ./drivers/fsl_clock.o
                0x080083c8                CLOCK_GetFFroFreq
 .text.CLOCK_GetSFroFreq
                0x080083d6       0x10 ./drivers/fsl_clock.o
                0x080083d6                CLOCK_GetSFroFreq
 .text.DelayLoop
                0x080083e6       0x20 ./drivers/fsl_common_arm.o
 .text.FLEXCOMM_PeripheralIsPresent
                0x08008406       0x64 ./drivers/fsl_flexcomm.o
 .text.FLEXCOMM_SetPeriph
                0x0800846a       0x74 ./drivers/fsl_flexcomm.o
 .text.GPIO_PinInit
                0x080084de       0xa4 ./drivers/fsl_gpio.o
                0x080084de                GPIO_PinInit
 .text.GPIO_SetPinInterruptConfig
                0x08008582       0x82 ./drivers/fsl_gpio.o
                0x08008582                GPIO_SetPinInterruptConfig
 .text.GPIO_PortEnableInterrupts
                0x08008604       0x64 ./drivers/fsl_gpio.o
                0x08008604                GPIO_PortEnableInterrupts
 .text.GPIO_PortClearInterruptFlags
                0x08008668       0x44 ./drivers/fsl_gpio.o
                0x08008668                GPIO_PortClearInterruptFlags
 .text.OCOTP_ReadSocOtp
                0x080086ac       0x6a ./drivers/fsl_ocotp.o
                0x080086ac                OCOTP_ReadSocOtp
 .text.DisableGlobalIRQ
                0x08008716       0x22 ./drivers/fsl_power.o
 .text.EnableGlobalIRQ
                0x08008738       0x20 ./drivers/fsl_power.o
 .text.RESET_PeripheralReset
                0x08008758       0x22 ./drivers/fsl_reset.o
                0x08008758                RESET_PeripheralReset
 .text.SPI_Enable
                0x0800877a       0x40 ./drivers/fsl_spi.o
 .text.USART_EnableContinuousSCLK
                0x080087ba       0x38 ./drivers/fsl_usart.o
 .text.USART_SetRxTimeoutConfig
                0x080087f2       0x68 ./drivers/fsl_usart.o
                0x080087f2                USART_SetRxTimeoutConfig
 .text.getFFroFreq
                0x0800885a        0xe ./device/system_RW612.o
 .text.getSFroFreq
                0x08008868       0x10 ./device/system_RW612.o
 .text.SystemInitHook
                0x08008878        0xe ./device/system_RW612.o
                0x08008878                SystemInitHook
 .text.HAL_UartGetStatus
                0x08008886       0x22 ./component/uart/fsl_adapter_usart.o
 .text.HAL_UartInit
                0x080088a8       0x36 ./component/uart/fsl_adapter_usart.o
                0x080088a8                HAL_UartInit
 .text.mcuxClEls_getSfrField
                0x080088de       0x24 ./component/els_pkc/src/comps/mcuxClEls/src/mcuxClEls_Common.o
 .text.mcuxClEls_GlitchDetector_LoadConfig_Async
                0x08008902       0x98 ./component/els_pkc/src/comps/mcuxClEls/src/mcuxClEls_GlitchDetector.o
                0x08008902                mcuxClEls_GlitchDetector_LoadConfig_Async
 .text.BOARD_InitBootClocks
                0x0800899a        0xc ./board/clock_config.o
                0x0800899a                BOARD_InitBootClocks
 .text.BOARD_InitHardware
                0x080089a6       0x1c ./board/hardware_init.o
                0x080089a6                BOARD_InitHardware
 .text.BOARD_InitBootPins
                0x080089c2        0xc ./board/pin_mux.o
                0x080089c2                BOARD_InitBootPins
 .text.__main   0x080089ce        0xe C:/nxp/MCUXpressoIDE_25.6.136/ide/plugins/com.nxp.mcuxpresso.tools.win32_25.6.0.202501151204/tools/bin/../lib/gcc/arm-none-eabi/14.2.1/../../../../arm-none-eabi/lib/thumb/v8-m.main+fp/hard\libcr_nohost_nf.a(_cr__main.o)
                0x080089ce                __main
 .text.memset   0x080089dc        0x4 C:/nxp/MCUXpressoIDE_25.6.136/ide/plugins/com.nxp.mcuxpresso.tools.win32_25.6.0.202501151204/tools/bin/../lib/gcc/arm-none-eabi/14.2.1/../../../../arm-none-eabi/lib/thumb/v8-m.main+fp/hard\libcr_c.a(memset.o)
                0x080089dc                memset
 .text.free     0x080089e0       0x30 C:/nxp/MCUXpressoIDE_25.6.136/ide/plugins/com.nxp.mcuxpresso.tools.win32_25.6.0.202501151204/tools/bin/../lib/gcc/arm-none-eabi/14.2.1/../../../../arm-none-eabi/lib/thumb/v8-m.main+fp/hard\libcr_c.a(alloc.o)
                0x080089e0                free
 .text.setvbuf  0x08008a10       0x3e C:/nxp/MCUXpressoIDE_25.6.136/ide/plugins/com.nxp.mcuxpresso.tools.win32_25.6.0.202501151204/tools/bin/../lib/gcc/arm-none-eabi/14.2.1/../../../../arm-none-eabi/lib/thumb/v8-m.main+fp/hard\libcr_c.a(setvbuf.o)
                0x08008a10                setvbuf
 .text.strlen   0x08008a4e       0x4e C:/nxp/MCUXpressoIDE_25.6.136/ide/plugins/com.nxp.mcuxpresso.tools.win32_25.6.0.202501151204/tools/bin/../lib/gcc/arm-none-eabi/14.2.1/../../../../arm-none-eabi/lib/thumb/v8-m.main+fp/hard\libcr_c.a(strlen.o)
                0x08008a4e                strlen
 .text._deferredlazyseek
                0x08008a9c       0x40 C:/nxp/MCUXpressoIDE_25.6.136/ide/plugins/com.nxp.mcuxpresso.tools.win32_25.6.0.202501151204/tools/bin/../lib/gcc/arm-none-eabi/14.2.1/../../../../arm-none-eabi/lib/thumb/v8-m.main+fp/hard\libcr_c.a(_deferredlazyseek.o)
                0x08008a9c                _deferredlazyseek
 .text._fdopen  0x08008adc       0x68 C:/nxp/MCUXpressoIDE_25.6.136/ide/plugins/com.nxp.mcuxpresso.tools.win32_25.6.0.202501151204/tools/bin/../lib/gcc/arm-none-eabi/14.2.1/../../../../arm-none-eabi/lib/thumb/v8-m.main+fp/hard\libcr_c.a(_fdopen.o)
                0x08008adc                _fdopen
 .text._fflush  0x08008b44       0x52 C:/nxp/MCUXpressoIDE_25.6.136/ide/plugins/com.nxp.mcuxpresso.tools.win32_25.6.0.202501151204/tools/bin/../lib/gcc/arm-none-eabi/14.2.1/../../../../arm-none-eabi/lib/thumb/v8-m.main+fp/hard\libcr_c.a(_fflush.o)
                0x08008b44                _fflush
 .text.fclose   0x08008b96       0x58 C:/nxp/MCUXpressoIDE_25.6.136/ide/plugins/com.nxp.mcuxpresso.tools.win32_25.6.0.202501151204/tools/bin/../lib/gcc/arm-none-eabi/14.2.1/../../../../arm-none-eabi/lib/thumb/v8-m.main+fp/hard\libcr_c.a(fclose.o)
                0x08008b96                fclose
 .text.remove   0x08008bee       0x14 C:/nxp/MCUXpressoIDE_25.6.136/ide/plugins/com.nxp.mcuxpresso.tools.win32_25.6.0.202501151204/tools/bin/../lib/gcc/arm-none-eabi/14.2.1/../../../../arm-none-eabi/lib/thumb/v8-m.main+fp/hard\libcr_c.a(remove.o)
                0x08008bee                remove
 .text._do_fflush
                0x08008c02       0x40 C:/nxp/MCUXpressoIDE_25.6.136/ide/plugins/com.nxp.mcuxpresso.tools.win32_25.6.0.202501151204/tools/bin/../lib/gcc/arm-none-eabi/14.2.1/../../../../arm-none-eabi/lib/thumb/v8-m.main+fp/hard\libcr_c.a(_do_fflush.o)
                0x08008c02                _do_fflush
 .text.__aeabi_division_ldivmod
                0x08008c42       0x26 C:/nxp/MCUXpressoIDE_25.6.136/ide/plugins/com.nxp.mcuxpresso.tools.win32_25.6.0.202501151204/tools/bin/../lib/gcc/arm-none-eabi/14.2.1/thumb/v8-m.main+fp/hard\libcr_eabihelpers.a(division_64.o)
                0x08008c42                __aeabi_ldivmod
 .text.__aeabi_division_uldivmod
                0x08008c68      0x174 C:/nxp/MCUXpressoIDE_25.6.136/ide/plugins/com.nxp.mcuxpresso.tools.win32_25.6.0.202501151204/tools/bin/../lib/gcc/arm-none-eabi/14.2.1/thumb/v8-m.main+fp/hard\libcr_eabihelpers.a(division_64.o)
                0x08008c68                __aeabi_uldivmod
                0x08008c6c                __bhs_ldivmod1
 .text.__aeabi_division_idiv0
                0x08008ddc        0x2 C:/nxp/MCUXpressoIDE_25.6.136/ide/plugins/com.nxp.mcuxpresso.tools.win32_25.6.0.202501151204/tools/bin/../lib/gcc/arm-none-eabi/14.2.1/thumb/v8-m.main+fp/hard\libcr_eabihelpers.a(division_idiv0.o)
                0x08008ddc                __aeabi_idiv0
 .text.__aeabi_d2iz
                0x08008dde       0x42 C:/nxp/MCUXpressoIDE_25.6.136/ide/plugins/com.nxp.mcuxpresso.tools.win32_25.6.0.202501151204/tools/bin/../lib/gcc/arm-none-eabi/14.2.1/thumb/v8-m.main+fp/hard\libcr_eabihelpers.a(double.o)
                0x08008dde                __aeabi_d2iz
 .text.__aeabi_d2lz
                0x08008e20       0x74 C:/nxp/MCUXpressoIDE_25.6.136/ide/plugins/com.nxp.mcuxpresso.tools.win32_25.6.0.202501151204/tools/bin/../lib/gcc/arm-none-eabi/14.2.1/thumb/v8-m.main+fp/hard\libcr_eabihelpers.a(double.o)
                0x08008e20                __aeabi_d2lz
 .text.__bhs_ui2d
                0x08008e94       0x46 C:/nxp/MCUXpressoIDE_25.6.136/ide/plugins/com.nxp.mcuxpresso.tools.win32_25.6.0.202501151204/tools/bin/../lib/gcc/arm-none-eabi/14.2.1/thumb/v8-m.main+fp/hard\libcr_eabihelpers.a(double.o)
                0x08008e94                __bhs_ui2d
 .text.__bhs_ul2d
                0x08008eda       0x8a C:/nxp/MCUXpressoIDE_25.6.136/ide/plugins/com.nxp.mcuxpresso.tools.win32_25.6.0.202501151204/tools/bin/../lib/gcc/arm-none-eabi/14.2.1/thumb/v8-m.main+fp/hard\libcr_eabihelpers.a(double.o)
                0x08008eda                __bhs_ul2d
 .text.__aeabi_i2d
                0x08008f64       0x10 C:/nxp/MCUXpressoIDE_25.6.136/ide/plugins/com.nxp.mcuxpresso.tools.win32_25.6.0.202501151204/tools/bin/../lib/gcc/arm-none-eabi/14.2.1/thumb/v8-m.main+fp/hard\libcr_eabihelpers.a(double.o)
                0x08008f64                __aeabi_i2d
 .text.__aeabi_ui2d
                0x08008f74        0x8 C:/nxp/MCUXpressoIDE_25.6.136/ide/plugins/com.nxp.mcuxpresso.tools.win32_25.6.0.202501151204/tools/bin/../lib/gcc/arm-none-eabi/14.2.1/thumb/v8-m.main+fp/hard\libcr_eabihelpers.a(double.o)
                0x08008f74                __aeabi_ui2d
 .text.__aeabi_l2d
                0x08008f7c       0x22 C:/nxp/MCUXpressoIDE_25.6.136/ide/plugins/com.nxp.mcuxpresso.tools.win32_25.6.0.202501151204/tools/bin/../lib/gcc/arm-none-eabi/14.2.1/thumb/v8-m.main+fp/hard\libcr_eabihelpers.a(double.o)
                0x08008f7c                __aeabi_l2d
 .text.__aeabi_dcmpeq
                0x08008f9e       0x30 C:/nxp/MCUXpressoIDE_25.6.136/ide/plugins/com.nxp.mcuxpresso.tools.win32_25.6.0.202501151204/tools/bin/../lib/gcc/arm-none-eabi/14.2.1/thumb/v8-m.main+fp/hard\libcr_eabihelpers.a(double.o)
                0x08008f9e                __aeabi_dcmpeq
 .text.__aeabi_dcmplt
                0x08008fce       0x56 C:/nxp/MCUXpressoIDE_25.6.136/ide/plugins/com.nxp.mcuxpresso.tools.win32_25.6.0.202501151204/tools/bin/../lib/gcc/arm-none-eabi/14.2.1/thumb/v8-m.main+fp/hard\libcr_eabihelpers.a(double.o)
                0x08008fce                __aeabi_dcmplt
 .text.__aeabi_dcmpgt
                0x08009024       0x56 C:/nxp/MCUXpressoIDE_25.6.136/ide/plugins/com.nxp.mcuxpresso.tools.win32_25.6.0.202501151204/tools/bin/../lib/gcc/arm-none-eabi/14.2.1/thumb/v8-m.main+fp/hard\libcr_eabihelpers.a(double.o)
                0x08009024                __aeabi_dcmpgt
 .text.__aeabi_dcmple
                0x0800907a       0x54 C:/nxp/MCUXpressoIDE_25.6.136/ide/plugins/com.nxp.mcuxpresso.tools.win32_25.6.0.202501151204/tools/bin/../lib/gcc/arm-none-eabi/14.2.1/thumb/v8-m.main+fp/hard\libcr_eabihelpers.a(double.o)
                0x0800907a                __aeabi_dcmple
 .text.__aeabi_dcmpge
                0x080090ce       0x5a C:/nxp/MCUXpressoIDE_25.6.136/ide/plugins/com.nxp.mcuxpresso.tools.win32_25.6.0.202501151204/tools/bin/../lib/gcc/arm-none-eabi/14.2.1/thumb/v8-m.main+fp/hard\libcr_eabihelpers.a(double.o)
                0x080090ce                __aeabi_dcmpge
 .text.__aeabi_memset_lowlevel
                0x08009128       0x32 C:/nxp/MCUXpressoIDE_25.6.136/ide/plugins/com.nxp.mcuxpresso.tools.win32_25.6.0.202501151204/tools/bin/../lib/gcc/arm-none-eabi/14.2.1/thumb/v8-m.main+fp/hard\libcr_eabihelpers.a(memcpy.o)
                0x08009128                __aeabi_lowlevel_memset
 .text.__sys_close
                0x0800915a        0x6 C:/nxp/MCUXpressoIDE_25.6.136/ide/plugins/com.nxp.mcuxpresso.tools.win32_25.6.0.202501151204/tools/bin/../lib/gcc/arm-none-eabi/14.2.1/../../../../arm-none-eabi/lib/thumb/v8-m.main+fp/hard\libcr_nohost_nf.a(__sys_close.o)
                0x0800915a                __sys_close
 .text.__sys_flen
                0x08009160        0x6 C:/nxp/MCUXpressoIDE_25.6.136/ide/plugins/com.nxp.mcuxpresso.tools.win32_25.6.0.202501151204/tools/bin/../lib/gcc/arm-none-eabi/14.2.1/../../../../arm-none-eabi/lib/thumb/v8-m.main+fp/hard\libcr_nohost_nf.a(__sys_flen.o)
                0x08009160                __sys_flen
 .text.__sys_istty
                0x08009166        0x6 C:/nxp/MCUXpressoIDE_25.6.136/ide/plugins/com.nxp.mcuxpresso.tools.win32_25.6.0.202501151204/tools/bin/../lib/gcc/arm-none-eabi/14.2.1/../../../../arm-none-eabi/lib/thumb/v8-m.main+fp/hard\libcr_nohost_nf.a(__sys_istty.o)
                0x08009166                __sys_istty
 .text.__sys_remove
                0x0800916c        0x6 C:/nxp/MCUXpressoIDE_25.6.136/ide/plugins/com.nxp.mcuxpresso.tools.win32_25.6.0.202501151204/tools/bin/../lib/gcc/arm-none-eabi/14.2.1/../../../../arm-none-eabi/lib/thumb/v8-m.main+fp/hard\libcr_nohost_nf.a(__sys_remove.o)
                0x0800916c                __sys_remove
 .text.__sys_seek
                0x08009172        0x6 C:/nxp/MCUXpressoIDE_25.6.136/ide/plugins/com.nxp.mcuxpresso.tools.win32_25.6.0.202501151204/tools/bin/../lib/gcc/arm-none-eabi/14.2.1/../../../../arm-none-eabi/lib/thumb/v8-m.main+fp/hard\libcr_nohost_nf.a(__sys_seek.o)
                0x08009172                __sys_seek
 .text.__sys_tmpnam
                0x08009178        0x6 C:/nxp/MCUXpressoIDE_25.6.136/ide/plugins/com.nxp.mcuxpresso.tools.win32_25.6.0.202501151204/tools/bin/../lib/gcc/arm-none-eabi/14.2.1/../../../../arm-none-eabi/lib/thumb/v8-m.main+fp/hard\libcr_nohost_nf.a(__sys_tmpnam.o)
                0x08009178                __sys_tmpnam
 .text.__sys_write
                0x0800917e        0x4 C:/nxp/MCUXpressoIDE_25.6.136/ide/plugins/com.nxp.mcuxpresso.tools.win32_25.6.0.202501151204/tools/bin/../lib/gcc/arm-none-eabi/14.2.1/../../../../arm-none-eabi/lib/thumb/v8-m.main+fp/hard\libcr_nohost_nf.a(__sys_write.o)
                0x0800917e                __sys_write
 *fill*         0x08009182        0x6 ff
 .text.__sys_write.__stub
                0x08009188       0x20 linker stubs
 *(SORT_BY_ALIGNMENT(.rodata) SORT_BY_ALIGNMENT(.rodata.*) SORT_BY_ALIGNMENT(.constdata) SORT_BY_ALIGNMENT(.constdata.*))
 *fill*         0x080091a8        0x0 ff
 .rodata.a2.0   0x080091a8       0x40 C:/nxp/MCUXpressoIDE_25.6.136/ide/plugins/com.nxp.mcuxpresso.tools.win32_25.6.0.202501151204/tools/bin/../lib/gcc/arm-none-eabi/14.2.1/../../../../arm-none-eabi/lib/thumb/v8-m.main+fp/hard\libcr_c.a(pow.o)
 .rodata.a1.1   0x080091e8       0x88 C:/nxp/MCUXpressoIDE_25.6.136/ide/plugins/com.nxp.mcuxpresso.tools.win32_25.6.0.202501151204/tools/bin/../lib/gcc/arm-none-eabi/14.2.1/../../../../arm-none-eabi/lib/thumb/v8-m.main+fp/hard\libcr_c.a(pow.o)
 .rodata.__assertion_failed.str1.4
                0x08009270     0x12c0 ./utilities/fsl_assert.o
                                 0x14 (size before relaxing)
 .rodata        0x0800a530        0x6 ./source/ads1298.o
 .rodata.main.str1.4
                0x0800a536       0xb2 ./source/main.o
 *fill*         0x0800a536        0x2 ff
 .rodata.s_avpllFreq
                0x0800a538       0x2c ./drivers/fsl_clock.o
 .rodata.s_avpllFreqOff
                0x0800a564       0x2c ./drivers/fsl_clock.o
 .rodata.s_avpllPostDiv
                0x0800a590       0x2c ./drivers/fsl_clock.o
 .rodata.s_avpllPostDiv0p5
                0x0800a5bc       0x2c ./drivers/fsl_clock.o
 .rodata.CLOCK_DelayUs.str1.4
                0x0800a5e8       0x94 ./drivers/fsl_clock.o
 .rodata.CLOCK_GetT3PllMciIrcClkFreq.str1.4
                0x0800a5e8       0x18 ./drivers/fsl_clock.o
 .rodata.CLOCK_GetTcpuFvcoFreq.str1.4
                0x0800a5e8       0x18 ./drivers/fsl_clock.o
 .rodata.CLOCK_EnableClock.str1.4
                0x0800a5e8       0x18 ./drivers/fsl_clock.o
 .rodata.CLOCK_DisableClock.str1.4
                0x0800a5e8       0x18 ./drivers/fsl_clock.o
 .rodata.CLOCK_GetFRGClock.str1.4
                0x0800a5e8       0x18 ./drivers/fsl_clock.o
 .rodata.CLOCK_SetFRGClock.str1.4
                0x0800a5e8       0x60 ./drivers/fsl_clock.o
 .rodata.CLOCK_GetFlexCommClkFreq.str1.4
                0x0800a5e8       0x18 ./drivers/fsl_clock.o
 .rodata.CLOCK_CfgTcpuRefClk.str1.4
                0x0800a5e8       0x19 ./drivers/fsl_clock.o
 .rodata.CLOCK_InitAvPll.str1.4
                0x0800a5e8       0x18 ./drivers/fsl_clock.o
 .rodata.SDK_DelayAtLeastUs.str1.4
                0x0800a5e8       0x2b ./drivers/fsl_common_arm.o
 .rodata.s_flexcommBaseAddrs
                0x0800a5e8       0x14 ./drivers/fsl_flexcomm.o
 .rodata.s_flexcommClocks
                0x0800a5fc       0x14 ./drivers/fsl_flexcomm.o
 .rodata.s_flexcommResets
                0x0800a610        0xa ./drivers/fsl_flexcomm.o
 .rodata.FLEXCOMM_GetInstance.str1.4
                0x0800a61a       0x41 ./drivers/fsl_flexcomm.o
 .rodata.FLEXCOMM0_DriverIRQHandler.str1.4
                0x0800a61a       0x3c ./drivers/fsl_flexcomm.o
 .rodata.FLEXCOMM1_DriverIRQHandler.str1.4
                0x0800a61a       0x3c ./drivers/fsl_flexcomm.o
 .rodata.FLEXCOMM2_DriverIRQHandler.str1.4
                0x0800a61a       0x3c ./drivers/fsl_flexcomm.o
 .rodata.FLEXCOMM3_DriverIRQHandler.str1.4
                0x0800a61a       0x3c ./drivers/fsl_flexcomm.o
 .rodata.FLEXCOMM14_DriverIRQHandler.str1.4
                0x0800a61a       0x3c ./drivers/fsl_flexcomm.o
 *fill*         0x0800a61a        0x2 ff
 .rodata.s_gpioClockName
                0x0800a61c        0x8 ./drivers/fsl_gpio.o
 .rodata.s_gpioResets
                0x0800a624        0x4 ./drivers/fsl_gpio.o
 .rodata.GPIO_EnablePortClock.str1.4
                0x0800a628       0x33 ./drivers/fsl_gpio.o
 .rodata.OCOTP_ReadSVC.str1.4
                0x0800a628       0x1e ./drivers/fsl_ocotp.o
 .rodata.OCOTP_ReadPackage.str1.4
                0x0800a628       0x1f ./drivers/fsl_ocotp.o
 .rodata.str1.4
                0x0800a628      0x23b ./drivers/fsl_power.o
 .rodata.s_droTable
                0x0800a628       0x13 ./drivers/fsl_power.o
 .rodata.POWER_GetThresholdParams.str1.4
                0x0800a63b       0x60 ./drivers/fsl_power.o
 .rodata.POWER_SaveNvicState.str1.4
                0x0800a63b       0x76 ./drivers/fsl_power.o
 .rodata.POWER_RestoreNvicState.str1.4
                0x0800a63b       0x76 ./drivers/fsl_power.o
 .rodata.POWER_EnableWakeup.str1.4
                0x0800a63b       0x24 ./drivers/fsl_power.o
 .rodata.POWER_InitVSensorThreshold.str1.4
                0x0800a63b      0x31b ./drivers/fsl_power.o
 .rodata.Power_InitLoadGdetCfg.str1.4
                0x0800a63b       0x62 ./drivers/fsl_power.o
 .rodata.POWER_InitVoltage.str1.4
                0x0800a63b       0x46 ./drivers/fsl_power.o
 .rodata.POWER_TrimSvc.str1.4
                0x0800a63b       0x39 ./drivers/fsl_power.o
 .rodata.RESET_SetPeripheralReset.str1.4
                0x0800a63b       0x1e ./drivers/fsl_reset.o
 .rodata.RESET_ClearPeripheralReset.str1.4
                0x0800a63b       0x1f ./drivers/fsl_reset.o
 .rodata.SPI_SetTransferDelay.str1.4
                0x0800a63b       0x3f ./drivers/fsl_spi.o
 *fill*         0x0800a63b        0x1 ff
 .rodata.s_spiBaseAddrs
                0x0800a63c       0x14 ./drivers/fsl_spi.o
 .rodata.SPI_GetInstance.str1.4
                0x0800a650       0x37 ./drivers/fsl_spi.o
 .rodata.SPI_MasterGetDefaultConfig.str1.4
                0x0800a650       0x1f ./drivers/fsl_spi.o
 .rodata.SPI_MasterInit.str1.4
                0x0800a650       0x4d ./drivers/fsl_spi.o
 .rodata.SPI_MasterSetBaud.str1.4
                0x0800a650       0x51 ./drivers/fsl_spi.o
 .rodata.SPI_MasterTransferBlocking.str1.4
                0x0800a650       0x6a ./drivers/fsl_spi.o
 .rodata.USART_Init.str1.4
                0x0800a650       0x4f ./drivers/fsl_usart.o
 .rodata.USART_GetDefaultConfig.str1.4
                0x0800a650       0x21 ./drivers/fsl_usart.o
 .rodata.USART_SetBaudRate.str1.4
                0x0800a650       0x53 ./drivers/fsl_usart.o
 .rodata.USART_WriteBlocking.str1.4
                0x0800a650       0x36 ./drivers/fsl_usart.o
 .rodata.USART_ReadBlocking.str1.4
                0x0800a650       0x36 ./drivers/fsl_usart.o
 .rodata.s_UsartAdapterBase
                0x0800a650       0x14 ./component/uart/fsl_adapter_usart.o
 .rodata.HAL_UartInitCommon.str1.4
                0x0800a664       0xeb ./component/uart/fsl_adapter_usart.o
 .rodata.HAL_UartReceiveBlocking.str1.4
                0x0800a664       0x65 ./component/uart/fsl_adapter_usart.o
 .rodata.HAL_UartSendBlocking.str1.4
                0x0800a664       0x65 ./component/uart/fsl_adapter_usart.o
 .rodata        0x0800a664       0x24 ./board/board.o
 .rodata.ConfigSvcSensor.str1.4
                0x0800a688       0x28 ./board/board.o
 .rodata.avpllConfig_BOARD_BootClockRUN
                0x0800a688        0x3 ./board/clock_config.o
                0x0800a688                avpllConfig_BOARD_BootClockRUN
 .rodata.IO_MUX_SetPinMux.str1.4
                0x0800a68b      0x110 ./board/pin_mux.o
 .rodata.IO_MUX_SetPinConfig.str1.4
                0x0800a68b       0x68 ./board/pin_mux.o
 *fill*         0x0800a68b        0x1 ff
 .rodata.__num_Ciob_streams
                0x0800a68c        0x4 C:/nxp/MCUXpressoIDE_25.6.136/ide/plugins/com.nxp.mcuxpresso.tools.win32_25.6.0.202501151204/tools/bin/../lib/gcc/arm-none-eabi/14.2.1/../../../../arm-none-eabi/lib/thumb/v8-m.main+fp/hard\libcr_nohost_nf.a(__ciob.o)
                0x0800a68c                __num_Ciob_streams
 .rodata._initio.str1.1
                0x0800a690        0x4 C:/nxp/MCUXpressoIDE_25.6.136/ide/plugins/com.nxp.mcuxpresso.tools.win32_25.6.0.202501151204/tools/bin/../lib/gcc/arm-none-eabi/14.2.1/../../../../arm-none-eabi/lib/thumb/v8-m.main+fp/hard\libcr_c.a(initio.o)
                0x0800a694                        . = ALIGN (0x4)

.glue_7         0x0800a694        0x0
 .glue_7        0x0800a694        0x0 linker stubs

.glue_7t        0x0800a694        0x0
 .glue_7t       0x0800a694        0x0 linker stubs

.vfp11_veneer   0x0800a694        0x0
 .vfp11_veneer  0x0800a694        0x0 linker stubs

.v4_bx          0x0800a694        0x0
 .v4_bx         0x0800a694        0x0 linker stubs

.iplt           0x0800a694        0x0
 .iplt          0x0800a694        0x0 ./utilities/debug_console_lite/fsl_debug_console.o

.rel.dyn        0x0800a694        0x0
 .rel.iplt      0x0800a694        0x0 ./utilities/debug_console_lite/fsl_debug_console.o

.ARM.extab
 *(SORT_BY_ALIGNMENT(.ARM.extab*) SORT_BY_ALIGNMENT(.gnu.linkonce.armextab.*))

.ARM.exidx      0x0800a694        0x0
                0x0800a694                        __exidx_start = .
 *(SORT_BY_ALIGNMENT(.ARM.exidx*) SORT_BY_ALIGNMENT(.gnu.linkonce.armexidx.*))
                0x0800a694                        __exidx_end = .
                0x0800a694                        _etext = .

.uninit_RESERVED
                0x20000000        0x0
                0x20000000                        _start_uninit_RESERVED = .
 *(SORT_BY_ALIGNMENT(.bss.$RESERVED*))
                0x20000000                        . = ALIGN (0x4)
                0x20000000                        _end_uninit_RESERVED = .

.data           0x20000000      0xc24 load address 0x0800a694
 FILL mask 0xff
                0x20000000                        _data = .
                [!provide]                        PROVIDE (__start_data_RAM = .)
                [!provide]                        PROVIDE (__start_data_SRAM = .)
 *(SORT_BY_ALIGNMENT(vtable))
 *(SORT_BY_ALIGNMENT(.ramfunc*))
 *(SORT_BY_ALIGNMENT(CodeQuickAccess))
 CodeQuickAccess
                0x20000000      0xa44 ./drivers/fsl_power.o
                0x20000000                POWER_SetSleepMode
                0x20000060                POWER_EnterPowerMode
                0x200000cc                POWER_DisableGDetVSensors
                0x20000248                POWER_EnableGDetVSensors
 CodeQuickAccess
                0x20000a44      0x1a0 ./board/board.o
                0x20000a44                BOARD_SetFlexspiClock
                0x20000acc                BOARD_DeinitFlash
                0x20000b24                BOARD_InitFlash
 *fill*         0x20000be4        0x4 ff
 CodeQuickAccess.__stub
                0x20000be8       0x38 linker stubs
 *(SORT_BY_ALIGNMENT(DataQuickAccess))
 *(SORT_BY_ALIGNMENT(RamFunction))
 *(SORT_BY_ALIGNMENT(.data*))
 .data.SystemCoreClock
                0x20000c20        0x4 ./device/system_RW612.o
                0x20000c20                SystemCoreClock
                0x20000c24                        . = ALIGN (0x4)
                0x20000c24                        _edata = .
                [!provide]                        PROVIDE (__end_data_RAM = .)
                [!provide]                        PROVIDE (__end_data_SRAM = .)

.igot.plt       0x20000c24        0x0 load address 0x0800b2b8
 .igot.plt      0x20000c24        0x0 ./utilities/debug_console_lite/fsl_debug_console.o

.bss            0x20000c24      0x278
                0x20000c24                        _bss = .
                [!provide]                        PROVIDE (__start_bss_RAM = .)
                [!provide]                        PROVIDE (__start_bss_SRAM = .)
 *(SORT_BY_ALIGNMENT(.bss*))
 .bss.s_debugConsole
                0x20000c24       0x14 ./utilities/debug_console_lite/fsl_debug_console.o
 .bss.systemMillis
                0x20000c38        0x4 ./source/main.o
                0x20000c38                systemMillis
 .bss.g_clkinFreq
                0x20000c3c        0x4 ./drivers/fsl_clock.o
                0x20000c3c                g_clkinFreq
 .bss.g_mclkinFreq
                0x20000c40        0x4 ./drivers/fsl_clock.o
                0x20000c40                g_mclkinFreq
 .bss.s_flexcommIrqHandler
                0x20000c44       0x14 ./drivers/fsl_flexcomm.o
 .bss.s_flexcommHandle
                0x20000c58       0x14 ./drivers/fsl_flexcomm.o
 .bss.s_flexspiHandle
                0x20000c6c        0x4 ./drivers/fsl_flexspi.o
 .bss.s_flexspiIsr
                0x20000c70        0x4 ./drivers/fsl_flexspi.o
 .bss.s_nvicContext
                0x20000c74       0xec ./drivers/fsl_power.o
 .bss.s_systickContext
                0x20000d60        0x8 ./drivers/fsl_power.o
 .bss.s_clockContext
                0x20000d68        0x4 ./drivers/fsl_power.o
 .bss.s_gdetSensorContext
                0x20000d6c       0x28 ./drivers/fsl_power.o
 .bss.s_captPulseCb
                0x20000d94        0x4 ./drivers/fsl_power.o
 .bss.s_captPulseCbParam
                0x20000d98        0x4 ./drivers/fsl_power.o
 .bss.s_preSwitch
                0x20000d9c        0x4 ./drivers/fsl_power.o
 .bss.s_preSwitchParam
                0x20000da0        0x4 ./drivers/fsl_power.o
 .bss.s_postSwitch
                0x20000da4        0x4 ./drivers/fsl_power.o
 .bss.s_postSwitchParam
                0x20000da8        0x4 ./drivers/fsl_power.o
 .bss.s_gdetCfgloadFunc
                0x20000dac        0x4 ./drivers/fsl_power.o
 .bss.s_gdetCfgData
                0x20000db0       0x1c ./drivers/fsl_power.o
 .bss.g_configs
                0x20000dcc        0xa ./drivers/fsl_spi.o
 *fill*         0x20000dd6        0x2 
 .bss.s_dummyData
                0x20000dd8        0x5 ./drivers/fsl_spi.o
                0x20000dd8                s_dummyData
 *fill*         0x20000ddd        0x3 
 .bss.errno     0x20000de0        0x4 C:/nxp/MCUXpressoIDE_25.6.136/ide/plugins/com.nxp.mcuxpresso.tools.win32_25.6.0.202501151204/tools/bin/../lib/gcc/arm-none-eabi/14.2.1/../../../../arm-none-eabi/lib/thumb/v8-m.main+fp/hard\libcr_c.a(errno.o)
                0x20000de0                errno
 .bss.__Ciob    0x20000de4       0xb4 C:/nxp/MCUXpressoIDE_25.6.136/ide/plugins/com.nxp.mcuxpresso.tools.win32_25.6.0.202501151204/tools/bin/../lib/gcc/arm-none-eabi/14.2.1/../../../../arm-none-eabi/lib/thumb/v8-m.main+fp/hard\libcr_nohost_nf.a(__ciob.o)
                0x20000de4                __Ciob
 .bss.drdy_flag
                0x20000e98        0x1 ./source/ads1298.o
                0x20000e98                drdy_flag
 *(SORT_BY_ALIGNMENT(COMMON))
                0x20000e9c                        . = ALIGN (0x4)
 *fill*         0x20000e99        0x3 
                0x20000e9c                        _ebss = .
                [!provide]                        PROVIDE (__end_bss_RAM = .)
                [!provide]                        PROVIDE (__end_bss_SRAM = .)
                [!provide]                        PROVIDE (end = .)

.noinit         0x20000e9c        0x0
                0x20000e9c                        _noinit = .
                [!provide]                        PROVIDE (__start_noinit_RAM = .)
                [!provide]                        PROVIDE (__start_noinit_SRAM = .)
 *(SORT_BY_ALIGNMENT(.noinit*))
                0x20000e9c                        . = ALIGN (0x4)
                0x20000e9c                        _end_noinit = .
                [!provide]                        PROVIDE (__end_noinit_RAM = .)
                [!provide]                        PROVIDE (__end_noinit_SRAM = .)
                0x00001000                        _HeapSize = 0x1000

.heap           0x20000e9c     0x1000
                0x20000e9c                        _pvHeapStart = .
                0x20001e9c                        . = (. + _HeapSize)
 *fill*         0x20000e9c     0x1000 
                0x20001e9c                        . = ALIGN (0x4)
                0x20001e9c                        _pvHeapLimit = .
                0x00001000                        _StackSize = 0x1000

.heap2stackfill
                0x20001e9c     0x1000
                0x20002e9c                        . = (. + _StackSize)
 *fill*         0x20001e9c     0x1000 

.stack          0x2012f000        0x0
                0x2012f000                        _vStackBase = .
                0x2012f000                        . = ALIGN (0x4)
                0x20130000                        _vStackTop = (. + _StackSize)
                0x08001000                        _image_start = LOADADDR (.text)
                0x0800b2b8                        _image_end = (LOADADDR (.data) + SIZEOF (.data))
                0x0000a2b8                        _image_size = (_image_end - _image_start)
OUTPUT(ads1298.axf elf32-littlearm)
LOAD linker stubs

.debug_info     0x00000000    0x250c7
 .debug_info    0x00000000      0xeea ./utilities/debug_console_lite/fsl_debug_console.o
 .debug_info    0x00000eea      0x1c9 ./utilities/fsl_assert.o
 .debug_info    0x000010b3       0x24 ./utilities/fsl_memcpy.o
 .debug_info    0x000010d7     0x11bf ./startup/startup_rw612.o
 .debug_info    0x00002296     0x164b ./source/ads1298.o
 .debug_info    0x000038e1      0xe2d ./source/main.o
 .debug_info    0x0000470e       0x3c ./source/semihost_hardfault.o
 .debug_info    0x0000474a      0x83f ./flash_config/flash_config.o
 .debug_info    0x00004f89     0x34d2 ./drivers/fsl_clock.o
 .debug_info    0x0000845b      0x38b ./drivers/fsl_common_arm.o
 .debug_info    0x000087e6      0xf18 ./drivers/fsl_flexcomm.o
 .debug_info    0x000096fe     0x2784 ./drivers/fsl_flexspi.o
 .debug_info    0x0000be82      0xe66 ./drivers/fsl_gpio.o
 .debug_info    0x0000cce8      0xdfa ./drivers/fsl_ocotp.o
 .debug_info    0x0000dae2     0x4c05 ./drivers/fsl_power.o
 .debug_info    0x000126e7      0x48e ./drivers/fsl_reset.o
 .debug_info    0x00012b75     0x1c03 ./drivers/fsl_spi.o
 .debug_info    0x00014778     0x1c99 ./drivers/fsl_usart.o
 .debug_info    0x00016411     0x1569 ./device/system_RW612.o
 .debug_info    0x0001797a      0xdba ./component/uart/fsl_adapter_usart.o
 .debug_info    0x00018734      0xf1e ./component/els_pkc/src/comps/mcuxClEls/src/mcuxClEls_Common.o
 .debug_info    0x00019652      0x68f ./component/els_pkc/src/comps/mcuxClEls/src/mcuxClEls_GlitchDetector.o
 .debug_info    0x00019ce1     0x37db ./board/board.o
 .debug_info    0x0001d4bc     0x1788 ./board/clock_config.o
 .debug_info    0x0001ec44      0x4f6 ./board/hardware_init.o
 .debug_info    0x0001f13a      0xa77 ./board/pin_mux.o
 .debug_info    0x0001fbb1       0x85 C:/nxp/MCUXpressoIDE_25.6.136/ide/plugins/com.nxp.mcuxpresso.tools.win32_25.6.0.202501151204/tools/bin/../lib/gcc/arm-none-eabi/14.2.1/../../../../arm-none-eabi/lib/thumb/v8-m.main+fp/hard\libcr_nohost_nf.a(_cr__main.o)
 .debug_info    0x0001fc36       0xfc C:/nxp/MCUXpressoIDE_25.6.136/ide/plugins/com.nxp.mcuxpresso.tools.win32_25.6.0.202501151204/tools/bin/../lib/gcc/arm-none-eabi/14.2.1/../../../../arm-none-eabi/lib/thumb/v8-m.main+fp/hard\libcr_c.a(memset.o)
 .debug_info    0x0001fd32      0x520 C:/nxp/MCUXpressoIDE_25.6.136/ide/plugins/com.nxp.mcuxpresso.tools.win32_25.6.0.202501151204/tools/bin/../lib/gcc/arm-none-eabi/14.2.1/../../../../arm-none-eabi/lib/thumb/v8-m.main+fp/hard\libcr_c.a(alloc.o)
 .debug_info    0x00020252       0x44 C:/nxp/MCUXpressoIDE_25.6.136/ide/plugins/com.nxp.mcuxpresso.tools.win32_25.6.0.202501151204/tools/bin/../lib/gcc/arm-none-eabi/14.2.1/../../../../arm-none-eabi/lib/thumb/v8-m.main+fp/hard\libcr_c.a(errno.o)
 .debug_info    0x00020296      0x339 C:/nxp/MCUXpressoIDE_25.6.136/ide/plugins/com.nxp.mcuxpresso.tools.win32_25.6.0.202501151204/tools/bin/../lib/gcc/arm-none-eabi/14.2.1/../../../../arm-none-eabi/lib/thumb/v8-m.main+fp/hard\libcr_c.a(initio.o)
 .debug_info    0x000205cf      0x165 C:/nxp/MCUXpressoIDE_25.6.136/ide/plugins/com.nxp.mcuxpresso.tools.win32_25.6.0.202501151204/tools/bin/../lib/gcc/arm-none-eabi/14.2.1/../../../../arm-none-eabi/lib/thumb/v8-m.main+fp/hard\libcr_c.a(modf.o)
 .debug_info    0x00020734      0x625 C:/nxp/MCUXpressoIDE_25.6.136/ide/plugins/com.nxp.mcuxpresso.tools.win32_25.6.0.202501151204/tools/bin/../lib/gcc/arm-none-eabi/14.2.1/../../../../arm-none-eabi/lib/thumb/v8-m.main+fp/hard\libcr_c.a(pow.o)
 .debug_info    0x00020d59      0x1fd C:/nxp/MCUXpressoIDE_25.6.136/ide/plugins/com.nxp.mcuxpresso.tools.win32_25.6.0.202501151204/tools/bin/../lib/gcc/arm-none-eabi/14.2.1/../../../../arm-none-eabi/lib/thumb/v8-m.main+fp/hard\libcr_c.a(setvbuf.o)
 .debug_info    0x00020f56       0xe1 C:/nxp/MCUXpressoIDE_25.6.136/ide/plugins/com.nxp.mcuxpresso.tools.win32_25.6.0.202501151204/tools/bin/../lib/gcc/arm-none-eabi/14.2.1/../../../../arm-none-eabi/lib/thumb/v8-m.main+fp/hard\libcr_c.a(strlen.o)
 .debug_info    0x00021037      0x396 C:/nxp/MCUXpressoIDE_25.6.136/ide/plugins/com.nxp.mcuxpresso.tools.win32_25.6.0.202501151204/tools/bin/../lib/gcc/arm-none-eabi/14.2.1/../../../../arm-none-eabi/lib/thumb/v8-m.main+fp/hard\libcr_c.a(_deferredlazyseek.o)
 .debug_info    0x000213cd      0x24b C:/nxp/MCUXpressoIDE_25.6.136/ide/plugins/com.nxp.mcuxpresso.tools.win32_25.6.0.202501151204/tools/bin/../lib/gcc/arm-none-eabi/14.2.1/../../../../arm-none-eabi/lib/thumb/v8-m.main+fp/hard\libcr_c.a(_fdopen.o)
 .debug_info    0x00021618      0x1e3 C:/nxp/MCUXpressoIDE_25.6.136/ide/plugins/com.nxp.mcuxpresso.tools.win32_25.6.0.202501151204/tools/bin/../lib/gcc/arm-none-eabi/14.2.1/../../../../arm-none-eabi/lib/thumb/v8-m.main+fp/hard\libcr_c.a(_fflush.o)
 .debug_info    0x000217fb      0x289 C:/nxp/MCUXpressoIDE_25.6.136/ide/plugins/com.nxp.mcuxpresso.tools.win32_25.6.0.202501151204/tools/bin/../lib/gcc/arm-none-eabi/14.2.1/../../../../arm-none-eabi/lib/thumb/v8-m.main+fp/hard\libcr_c.a(_writebuf.o)
 .debug_info    0x00021a84      0x31e C:/nxp/MCUXpressoIDE_25.6.136/ide/plugins/com.nxp.mcuxpresso.tools.win32_25.6.0.202501151204/tools/bin/../lib/gcc/arm-none-eabi/14.2.1/../../../../arm-none-eabi/lib/thumb/v8-m.main+fp/hard\libcr_c.a(fclose.o)
 .debug_info    0x00021da2      0x209 C:/nxp/MCUXpressoIDE_25.6.136/ide/plugins/com.nxp.mcuxpresso.tools.win32_25.6.0.202501151204/tools/bin/../lib/gcc/arm-none-eabi/14.2.1/../../../../arm-none-eabi/lib/thumb/v8-m.main+fp/hard\libcr_c.a(fflush.o)
 .debug_info    0x00021fab      0x166 C:/nxp/MCUXpressoIDE_25.6.136/ide/plugins/com.nxp.mcuxpresso.tools.win32_25.6.0.202501151204/tools/bin/../lib/gcc/arm-none-eabi/14.2.1/../../../../arm-none-eabi/lib/thumb/v8-m.main+fp/hard\libcr_c.a(frexp.o)
 .debug_info    0x00022111      0x276 C:/nxp/MCUXpressoIDE_25.6.136/ide/plugins/com.nxp.mcuxpresso.tools.win32_25.6.0.202501151204/tools/bin/../lib/gcc/arm-none-eabi/14.2.1/../../../../arm-none-eabi/lib/thumb/v8-m.main+fp/hard\libcr_c.a(fseek.o)
 .debug_info    0x00022387      0x197 C:/nxp/MCUXpressoIDE_25.6.136/ide/plugins/com.nxp.mcuxpresso.tools.win32_25.6.0.202501151204/tools/bin/../lib/gcc/arm-none-eabi/14.2.1/../../../../arm-none-eabi/lib/thumb/v8-m.main+fp/hard\libcr_c.a(ftell.o)
 .debug_info    0x0002251e      0x14e C:/nxp/MCUXpressoIDE_25.6.136/ide/plugins/com.nxp.mcuxpresso.tools.win32_25.6.0.202501151204/tools/bin/../lib/gcc/arm-none-eabi/14.2.1/../../../../arm-none-eabi/lib/thumb/v8-m.main+fp/hard\libcr_c.a(ldexp.o)
 .debug_info    0x0002266c      0x1d7 C:/nxp/MCUXpressoIDE_25.6.136/ide/plugins/com.nxp.mcuxpresso.tools.win32_25.6.0.202501151204/tools/bin/../lib/gcc/arm-none-eabi/14.2.1/../../../../arm-none-eabi/lib/thumb/v8-m.main+fp/hard\libcr_c.a(remove.o)
 .debug_info    0x00022843      0x23a C:/nxp/MCUXpressoIDE_25.6.136/ide/plugins/com.nxp.mcuxpresso.tools.win32_25.6.0.202501151204/tools/bin/../lib/gcc/arm-none-eabi/14.2.1/../../../../arm-none-eabi/lib/thumb/v8-m.main+fp/hard\libcr_c.a(_do_fflush.o)
 .debug_info    0x00022a7d     0x2159 C:/nxp/MCUXpressoIDE_25.6.136/ide/plugins/com.nxp.mcuxpresso.tools.win32_25.6.0.202501151204/tools/bin/../lib/gcc/arm-none-eabi/14.2.1/thumb/v8-m.main+fp/hard\libcr_eabihelpers.a(double.o)
 .debug_info    0x00024bd6      0x18b C:/nxp/MCUXpressoIDE_25.6.136/ide/plugins/com.nxp.mcuxpresso.tools.win32_25.6.0.202501151204/tools/bin/../lib/gcc/arm-none-eabi/14.2.1/../../../../arm-none-eabi/lib/thumb/v8-m.main+fp/hard\libcr_nohost_nf.a(__ciob.o)