Archive member included to satisfy reference by file (symbol)

C:/nxp/MCUXpressoIDE_25.6.136/ide/plugins/com.nxp.mcuxpresso.tools.win32_25.6.0.202501151204/tools/bin/../lib/gcc/arm-none-eabi/14.2.1/../../../../arm-none-eabi/lib/thumb/v8-m.main+fp/hard\libcr_nohost_nf.a(_cr__main.o)
                              ./startup/startup_rw612.o (__main)
C:/nxp/MCUXpressoIDE_25.6.136/ide/plugins/com.nxp.mcuxpresso.tools.win32_25.6.0.202501151204/tools/bin/../lib/gcc/arm-none-eabi/14.2.1/../../../../arm-none-eabi/lib/thumb/v8-m.main+fp/hard\libcr_c.a(memset.o)
                              ./drivers/fsl_cache.o (memset)
C:/nxp/MCUXpressoIDE_25.6.136/ide/plugins/com.nxp.mcuxpresso.tools.win32_25.6.0.202501151204/tools/bin/../lib/gcc/arm-none-eabi/14.2.1/../../../../arm-none-eabi/lib/thumb/v8-m.main+fp/hard\libcr_c.a(alloc.o)
                              ./drivers/fsl_common.o (malloc)
C:/nxp/MCUXpressoIDE_25.6.136/ide/plugins/com.nxp.mcuxpresso.tools.win32_25.6.0.202501151204/tools/bin/../lib/gcc/arm-none-eabi/14.2.1/../../../../arm-none-eabi/lib/thumb/v8-m.main+fp/hard\libcr_c.a(errno.o)
                              ./utilities/str/fsl_str.o (errno)
C:/nxp/MCUXpressoIDE_25.6.136/ide/plugins/com.nxp.mcuxpresso.tools.win32_25.6.0.202501151204/tools/bin/../lib/gcc/arm-none-eabi/14.2.1/../../../../arm-none-eabi/lib/thumb/v8-m.main+fp/hard\libcr_c.a(initio.o)
                              C:/nxp/MCUXpressoIDE_25.6.136/ide/plugins/com.nxp.mcuxpresso.tools.win32_25.6.0.202501151204/tools/bin/../lib/gcc/arm-none-eabi/14.2.1/../../../../arm-none-eabi/lib/thumb/v8-m.main+fp/hard\libcr_nohost_nf.a(_cr__main.o) (_initio)
C:/nxp/MCUXpressoIDE_25.6.136/ide/plugins/com.nxp.mcuxpresso.tools.win32_25.6.0.202501151204/tools/bin/../lib/gcc/arm-none-eabi/14.2.1/../../../../arm-none-eabi/lib/thumb/v8-m.main+fp/hard\libcr_c.a(scanf.o)
                              ./utilities/str/fsl_str.o (strtoul)
C:/nxp/MCUXpressoIDE_25.6.136/ide/plugins/com.nxp.mcuxpresso.tools.win32_25.6.0.202501151204/tools/bin/../lib/gcc/arm-none-eabi/14.2.1/../../../../arm-none-eabi/lib/thumb/v8-m.main+fp/hard\libcr_c.a(setvbuf.o)
                              C:/nxp/MCUXpressoIDE_25.6.136/ide/plugins/com.nxp.mcuxpresso.tools.win32_25.6.0.202501151204/tools/bin/../lib/gcc/arm-none-eabi/14.2.1/../../../../arm-none-eabi/lib/thumb/v8-m.main+fp/hard\libcr_c.a(initio.o) (setvbuf)
C:/nxp/MCUXpressoIDE_25.6.136/ide/plugins/com.nxp.mcuxpresso.tools.win32_25.6.0.202501151204/tools/bin/../lib/gcc/arm-none-eabi/14.2.1/../../../../arm-none-eabi/lib/thumb/v8-m.main+fp/hard\libcr_c.a(strlen.o)
                              ./utilities/str/fsl_str.o (strlen)
C:/nxp/MCUXpressoIDE_25.6.136/ide/plugins/com.nxp.mcuxpresso.tools.win32_25.6.0.202501151204/tools/bin/../lib/gcc/arm-none-eabi/14.2.1/../../../../arm-none-eabi/lib/thumb/v8-m.main+fp/hard\libcr_c.a(ungetc.o)
                              C:/nxp/MCUXpressoIDE_25.6.136/ide/plugins/com.nxp.mcuxpresso.tools.win32_25.6.0.202501151204/tools/bin/../lib/gcc/arm-none-eabi/14.2.1/../../../../arm-none-eabi/lib/thumb/v8-m.main+fp/hard\libcr_c.a(scanf.o) (ungetc)
C:/nxp/MCUXpressoIDE_25.6.136/ide/plugins/com.nxp.mcuxpresso.tools.win32_25.6.0.202501151204/tools/bin/../lib/gcc/arm-none-eabi/14.2.1/../../../../arm-none-eabi/lib/thumb/v8-m.main+fp/hard\libcr_c.a(__fillbuf.o)
                              C:/nxp/MCUXpressoIDE_25.6.136/ide/plugins/com.nxp.mcuxpresso.tools.win32_25.6.0.202501151204/tools/bin/../lib/gcc/arm-none-eabi/14.2.1/../../../../arm-none-eabi/lib/thumb/v8-m.main+fp/hard\libcr_c.a(scanf.o) (__filbuf)
C:/nxp/MCUXpressoIDE_25.6.136/ide/plugins/com.nxp.mcuxpresso.tools.win32_25.6.0.202501151204/tools/bin/../lib/gcc/arm-none-eabi/14.2.1/../../../../arm-none-eabi/lib/thumb/v8-m.main+fp/hard\libcr_c.a(__init_alloc.o)
                              C:/nxp/MCUXpressoIDE_25.6.136/ide/plugins/com.nxp.mcuxpresso.tools.win32_25.6.0.202501151204/tools/bin/../lib/gcc/arm-none-eabi/14.2.1/../../../../arm-none-eabi/lib/thumb/v8-m.main+fp/hard\libcr_c.a(alloc.o) (__heaps)
C:/nxp/MCUXpressoIDE_25.6.136/ide/plugins/com.nxp.mcuxpresso.tools.win32_25.6.0.202501151204/tools/bin/../lib/gcc/arm-none-eabi/14.2.1/../../../../arm-none-eabi/lib/thumb/v8-m.main+fp/hard\libcr_c.a(_cr_sbrk.o)
                              C:/nxp/MCUXpressoIDE_25.6.136/ide/plugins/com.nxp.mcuxpresso.tools.win32_25.6.0.202501151204/tools/bin/../lib/gcc/arm-none-eabi/14.2.1/../../../../arm-none-eabi/lib/thumb/v8-m.main+fp/hard\libcr_c.a(alloc.o) (_sbrk)
C:/nxp/MCUXpressoIDE_25.6.136/ide/plugins/com.nxp.mcuxpresso.tools.win32_25.6.0.202501151204/tools/bin/../lib/gcc/arm-none-eabi/14.2.1/../../../../arm-none-eabi/lib/thumb/v8-m.main+fp/hard\libcr_c.a(_deferredlazyseek.o)
                              C:/nxp/MCUXpressoIDE_25.6.136/ide/plugins/com.nxp.mcuxpresso.tools.win32_25.6.0.202501151204/tools/bin/../lib/gcc/arm-none-eabi/14.2.1/../../../../arm-none-eabi/lib/thumb/v8-m.main+fp/hard\libcr_c.a(__fillbuf.o) (_deferredlazyseek)
[...]
Memory Configuration

Name             Origin             Length             Attributes
QSPI_FLASH       0x08000000         0x00800000         xr
SRAM             0x20000000         0x00130000         xrw
*default*        0x00000000         0xffffffff

Linker script and memory map

LOAD ./utilities/str/fsl_str.o
LOAD ./utilities/debug_console_lite/fsl_debug_console.o
LOAD ./utilities/fsl_assert.o
LOAD ./utilities/fsl_memcpy.o
LOAD ./startup/startup_rw612.o
LOAD ./source/semihost_hardfault.o
LOAD ./source/spi_interrupt_b2b_transfer_master.o
LOAD ./flash_config/flash_config.o
LOAD ./drivers/fsl_cache.o
LOAD ./drivers/fsl_clock.o
LOAD ./drivers/fsl_common.o
LOAD ./drivers/fsl_common_arm.o
LOAD ./drivers/fsl_flexcomm.o
LOAD ./drivers/fsl_flexspi.o
LOAD ./drivers/fsl_gpio.o
LOAD ./drivers/fsl_i2s_bridge.o
LOAD ./drivers/fsl_inputmux.o
LOAD ./drivers/fsl_iped.o
LOAD ./drivers/fsl_ocotp.o
LOAD ./drivers/fsl_power.o
LOAD ./drivers/fsl_reset.o
LOAD ./drivers/fsl_spi.o
LOAD ./drivers/fsl_usart.o
LOAD ./drivers/spi.o
LOAD ./device/system_RW612.o
LOAD ./component/uart/fsl_adapter_usart.o
LOAD ./component/els_pkc/src/comps/mcuxCsslParamIntegrity/src/mcuxCsslParamIntegrity32.o
LOAD ./component/els_pkc/src/comps/mcuxCsslMemory/src/mcuxCsslMemory_Clear.o
LOAD ./component/els_pkc/src/comps/mcuxCsslMemory/src/mcuxCsslMemory_Compare.o
LOAD ./component/els_pkc/src/comps/mcuxCsslMemory/src/mcuxCsslMemory_Copy.o
LOAD ./component/els_pkc/src/comps/mcuxCsslMemory/src/mcuxCsslMemory_Set.o
LOAD ./component/els_pkc/src/comps/mcuxClMemory/src/mcuxClMemory.o
LOAD ./component/els_pkc/src/comps/mcuxClEls/src/mcuxClEls_Common.o
LOAD ./component/els_pkc/src/comps/mcuxClEls/src/mcuxClEls_GlitchDetector.o
LOAD ./component/els_pkc/src/comps/mcuxClBuffer/src/mcuxClBuffer.o
LOAD ./board/board.o
LOAD ./board/clock_config.o
LOAD ./board/hardware_init.o
LOAD ./board/pin_mux.o
START GROUP
LOAD C:/nxp/MCUXpressoIDE_25.6.136/ide/plugins/com.nxp.mcuxpresso.tools.win32_25.6.0.202501151204/tools/bin/../lib/gcc/arm-none-eabi/14.2.1/../../../../arm-none-eabi/lib/thumb/v8-m.main+fp/hard\libcr_nohost_nf.a
LOAD C:/nxp/MCUXpressoIDE_25.6.136/ide/plugins/com.nxp.mcuxpresso.tools.win32_25.6.0.202501151204/tools/bin/../lib/gcc/arm-none-eabi/14.2.1/../../../../arm-none-eabi/lib/thumb/v8-m.main+fp/hard\libcr_c.a
LOAD C:/nxp/MCUXpressoIDE_25.6.136/ide/plugins/com.nxp.mcuxpresso.tools.win32_25.6.0.202501151204/tools/bin/../lib/gcc/arm-none-eabi/14.2.1/thumb/v8-m.main+fp/hard\libcr_eabihelpers.a
LOAD C:/nxp/MCUXpressoIDE_25.6.136/ide/plugins/com.nxp.mcuxpresso.tools.win32_25.6.0.202501151204/tools/bin/../lib/gcc/arm-none-eabi/14.2.1/thumb/v8-m.main+fp/hard\libgcc.a
END GROUP
                0x08000000                        __base_QSPI_FLASH = 0x8000000
                0x08000000                        __base_Flash = 0x8000000
                0x08800000                        __top_QSPI_FLASH = 0x8800000
                0x08800000                        __top_Flash = 0x8800000
                0x20000000                        __base_SRAM = 0x20000000
                0x20000000                        __base_RAM = 0x20000000
                0x20130000                        __top_SRAM = 0x20130000
                0x20130000                        __top_RAM = 0x20130000

.boot_hdr       0x08000000     0x1000
 FILL mask 0xff
                0x00000400                        . = 0x400
 *fill*         0x08000000      0x400 ff
                0x08000400                        __FLASH_BASE = .
 *(SORT_BY_ALIGNMENT(.flash_conf))
 .flash_conf    0x08000400      0xc00 ./flash_config/flash_config.o
                0x08000400                flexspi_config
                0x00001000                        . = 0x1000

.text           0x08001000     0x7620
 FILL mask 0xff
                0x08001000                        __vectors_start__ = ABSOLUTE (.)
 *(SORT_BY_ALIGNMENT(.isr_vector))
 .isr_vector    0x08001000      0x244 ./startup/startup_rw612.o
                0x08001000                g_pfnVectors
                0x08001000                __Vectors
                0x08001244                        . = ALIGN (0x4)
                0x08001244                        __section_table_start = .
                0x08001244                        __data_section_table = .
                0x08001244        0x4 LONG 0x8008620 LOADADDR (.data)
                0x08001248        0x4 LONG 0x20000000 ADDR (.data)
                0x0800124c        0x4 LONG 0xc24 SIZEOF (.data)
                0x08001250                        __data_section_table_end = .
                0x08001250                        __bss_section_table = .
                0x08001250        0x4 LONG 0x20000c24 ADDR (.bss)
                0x08001254        0x4 LONG 0x270 SIZEOF (.bss)
                0x08001258                        __bss_section_table_end = .
                0x08001258                        __section_table_end = .
 *(SORT_BY_ALIGNMENT(.after_vectors*))
 .after_vectors.reset
                0x08001258       0x68 ./startup/startup_rw612.o
                0x08001258                ResetISR
 .after_vectors.init_data
                0x080012c0       0x1e ./startup/startup_rw612.o
                0x080012c0                data_init
 .after_vectors.init_bss
                0x080012de       0x12 ./startup/startup_rw612.o
                0x080012de                bss_init
 .after_vectors
                0x080012f0       0x16 ./startup/startup_rw612.o
                0x080012f0                NMI_Handler
                0x080012f4                MemManage_Handler
                0x080012f6                BusFault_Handler
                0x080012f8                UsageFault_Handler
                0x080012fa                SecureFault_Handler
                0x080012fc                SVC_Handler
                0x080012fe                DebugMon_Handler
                0x08001300                PendSV_Handler
                0x08001302                SysTick_Handler
                0x08001304                Reserved75_DriverIRQHandler
                0x08001304                GAU_ACOMP_WKUP_DriverIRQHandler
                0x08001304                SGPIO_INTA_DriverIRQHandler
                0x08001304                B2MWKUP0_DriverIRQHandler
                0x08001304                DMA0_DriverIRQHandler
                0x08001304                B2MWKUP_DONE2_DriverIRQHandler
                0x08001304                PKC_ERR_DriverIRQHandler
                0x08001304                BLE_MCI_INT7_DriverIRQHandler
                0x08001304                BLE_MCI_INT3_DriverIRQHandler
                0x08001304                BLE_MCI_INT5_DriverIRQHandler
                0x08001304                B2MWKUP_DONE0_DriverIRQHandler
                0x08001304                HWVAD_DriverIRQHandler
                0x08001304                USIM_DriverIRQHandler
                0x08001304                WKDEEPSLEEP_DriverIRQHandler
                0x08001304                B2MWKUP_DONE3_DriverIRQHandler
                0x08001304                Reserved73_DriverIRQHandler
                0x08001304                WL_MCI_INT5_DriverIRQHandler
                0x08001304                ENET_TIMER_DriverIRQHandler
                0x08001304                PIN_INT3_DriverIRQHandler
                0x08001304                PIN_INT2_DriverIRQHandler
                0x08001304                ELS_DriverIRQHandler
                0x08001304                OTP_DriverIRQHandler
                0x08001304                GPIO_INTB_DriverIRQHandler
                0x08001304                TRNG_DriverIRQHandler
                0x08001304                ACC_C_INT_DriverIRQHandler
                0x08001304                PIN_INT0_DriverIRQHandler
                0x08001304                GFMRT_DriverIRQHandler
                0x08001304                Reserved76_DriverIRQHandler
                0x08001304                CTIMER2_DriverIRQHandler
                0x08001304                Reserved69_DriverIRQHandler
                0x08001304                WL_MCI_INT3_DriverIRQHandler
                0x08001304                SECUREVIOLATION_DriverIRQHandler
                0x08001304                BACC_DriverIRQHandler
                0x08001304                Reserved34_DriverIRQHandler
                0x08001304                IntDefaultHandler
                0x08001304                Reserved138_DriverIRQHandler
                0x08001304                Reserved136_DriverIRQHandler
                0x08001304                Reserved67_DriverIRQHandler
                0x08001304                W2MWKUP_DONE7_DriverIRQHandler
                0x08001304                W2MWKUP1_DriverIRQHandler
                0x08001304                W2MWKUP_DONE4_DriverIRQHandler
                0x08001304                WL_MCI_INT1_DriverIRQHandler
                0x08001304                B2MWKUP_DONE7_DriverIRQHandler
                0x08001304                PIN_INT4_DriverIRQHandler
                0x08001304                PIN_INT5_DriverIRQHandler
                0x08001304                PIN0_INT_DriverIRQHandler
                0x08001304                ENET_DriverIRQHandler
                0x08001304                Reserved47_DriverIRQHandler
                0x08001304                GAU_ADC0_DriverIRQHandler
                0x08001304                CTIMER4_DriverIRQHandler
                0x08001304                WL_MCI_INT0_DriverIRQHandler
                0x08001304                PIN_INT7_DriverIRQHandler
                0x08001304                GDMA_DriverIRQHandler
                0x08001304                BLE_MCI_INT1_DriverIRQHandler
                0x08001304                OS_EVENT_TIMER_DriverIRQHandler
                0x08001304                Reserved38_DriverIRQHandler
                0x08001304                POWERQUAD_DriverIRQHandler
                0x08001304                ELS_GDET_DriverIRQHandler
                0x08001304                Reserved35_DriverIRQHandler
                0x08001304                CTIMER0_DriverIRQHandler
                0x08001304                Reserved79_DriverIRQHandler
                0x08001304                MRT_DriverIRQHandler
                0x08001304                BLE_MCI_INT6_DriverIRQHandler
                0x08001304                CTIMER1_DriverIRQHandler
                0x08001304                PIN1_INT_DriverIRQHandler
                0x08001304                PIN_INT6_DriverIRQHandler
                0x08001304                W2MWKUP_DONE6_DriverIRQHandler
                0x08001304                SGPIO_INTB_DriverIRQHandler
                0x08001304                ACC_S_INT_DriverIRQHandler
                0x08001304                PMIP_CHANGE_DriverIRQHandler
                0x08001304                PIN_INT1_DriverIRQHandler
                0x08001304                W2MWKUP0_DriverIRQHandler
                0x08001304                CTIMER3_DriverIRQHandler
                0x08001304                W2MWKUP_DONE0_DriverIRQHandler
                0x08001304                Reserved74_DriverIRQHandler
                0x08001304                PKC_INT_DriverIRQHandler
                0x08001304                GPIO_INTA_DriverIRQHandler
                0x08001304                Reserved61_DriverIRQHandler
                0x08001304                WL_MCI_INT2_DriverIRQHandler
                0x08001304                PUF_DriverIRQHandler
                0x08001304                GAU_ACOMP_DriverIRQHandler
                0x08001304                Reserved40_DriverIRQHandler
                0x08001304                RTC_DriverIRQHandler
                0x08001304                WACC_DriverIRQHandler
                0x08001304                Reserved65_DriverIRQHandler
                0x08001304                LCD_DriverIRQHandler
                0x08001304                B2MWKUP1_DriverIRQHandler
                0x08001304                W2MWKUP_DONE1_DriverIRQHandler
                0x08001304                BLE_MCI_INT4_DriverIRQHandler
                0x08001304                PMIP_DriverIRQHandler
                0x08001304                BLE_MCI_INT2_DriverIRQHandler
                0x08001304                GAU_DAC_DriverIRQHandler
                0x08001304                Reserved60_DriverIRQHandler
                0x08001304                WL_MCI_INT4_DriverIRQHandler
                0x08001304                Reserved49_DriverIRQHandler
                0x08001304                DMIC_DriverIRQHandler
                0x08001304                DMA1_DriverIRQHandler
                0x08001304                Reserved137_DriverIRQHandler
                0x08001304                B2MWKUP_DONE4_DriverIRQHandler
                0x08001304                B2MWKUP_DONE1_DriverIRQHandler
                0x08001304                GAU_ADC1_DriverIRQHandler
                0x08001304                BLE_MCI_INT0_DriverIRQHandler
                0x08001304                ELS_GDET_UM_DriverIRQHandler
                0x08001304                WL_MCI_INT7_DriverIRQHandler
                0x08001304                UTICK_DriverIRQHandler
                0x08001304                W2MWKUP_DONE2_DriverIRQHandler
                0x08001304                B2MWKUP_DONE6_DriverIRQHandler
                0x08001304                WDT0_DriverIRQHandler
                0x08001304                Reserved68_DriverIRQHandler
                0x08001304                Reserved59_DriverIRQHandler
                0x08001304                SDIO_DriverIRQHandler
                0x08001304                WL_MCI_INT6_DriverIRQHandler
                0x08001304                W2MWKUP_DONE3_DriverIRQHandler
                0x08001304                B2MWKUP_DONE5_DriverIRQHandler
                0x08001304                CDOG_INT_DriverIRQHandler
                0x08001304                Reserved46_DriverIRQHandler
                0x08001304                Reserved37_DriverIRQHandler
                0x08001304                SCT0_DriverIRQHandler
                0x08001304                HYPERVISOR_DriverIRQHandler
                0x08001304                ITRC_DriverIRQHandler
                0x08001304                Reserved50_DriverIRQHandler
                0x08001304                W2MWKUP_DONE5_DriverIRQHandler
                0x08001304                USB_DriverIRQHandler
 *(SORT_BY_ALIGNMENT(.text*))
 *fill*         0x08001306        0x2 ff
 .text.DbgConsole_Init
                0x08001308       0x88 ./utilities/debug_console_lite/fsl_debug_console.o
                0x08001308                DbgConsole_Init
 .text.DbgConsole_Vprintf
                0x08001390       0x3c ./utilities/debug_console_lite/fsl_debug_console.o
                0x08001390                DbgConsole_Vprintf
 .text.DbgConsole_Putchar
                0x080013cc       0x30 ./utilities/debug_console_lite/fsl_debug_console.o
                0x080013cc                DbgConsole_Putchar
 .text.DbgConsole_PrintfFormattedData
                0x080013fc      0x3e0 ./utilities/debug_console_lite/fsl_debug_console.o
 .text.__assertion_failed
                0x080017dc       0x3c ./utilities/fsl_assert.o
                0x080017dc                __assertion_failed
 .text          0x08001818       0xa0 ./utilities/fsl_memcpy.o
                0x08001818                memcpy
 .text.GPIO_Init
                0x080018b8       0x44 ./source/spi_interrupt_b2b_transfer_master.o
 .text.CS_Low   0x080018fc       0x18 ./source/spi_interrupt_b2b_transfer_master.o
 .text.CS_High  0x08001914       0x18 ./source/spi_interrupt_b2b_transfer_master.o
 .text.Reset_Low
                0x0800192c       0x18 ./source/spi_interrupt_b2b_transfer_master.o
 .text.Reset_High
                0x08001944       0x18 ./source/spi_interrupt_b2b_transfer_master.o
 .text.ADS1298_SPI_Init
                0x0800195c       0x40 ./source/spi_interrupt_b2b_transfer_master.o
 .text.ADS1298_WriteCommand
                0x0800199c       0x64 ./source/spi_interrupt_b2b_transfer_master.o
 .text.ADS1298_Reset
                0x08001a00       0x28 ./source/spi_interrupt_b2b_transfer_master.o
 .text.ADS1298_ReadRegister
                0x08001a28       0x80 ./source/spi_interrupt_b2b_transfer_master.o
 .text.main     0x08001aa8       0xf4 ./source/spi_interrupt_b2b_transfer_master.o
                0x08001aa8                main
 .text.CLOCK_GetSysOscFreq
                0x08001b9c       0x54 ./drivers/fsl_clock.o
 .text.CLOCK_GetMclkInClkFreq
                0x08001bf0       0x18 ./drivers/fsl_clock.o
 .text.CLOCK_GetLpOscFreq
                0x08001c08       0x30 ./drivers/fsl_clock.o
 .text.CLOCK_DelayUs
                0x08001c38       0x90 ./drivers/fsl_clock.o
 .text.CLOCK_GetT3PllMciIrcClkFreq
                0x08001cc8       0x58 ./drivers/fsl_clock.o
                0x08001cc8                CLOCK_GetT3PllMciIrcClkFreq
 .text.CLOCK_GetT3PllMci256mClkFreq
                0x08001d20       0x1c ./drivers/fsl_clock.o
                0x08001d20                CLOCK_GetT3PllMci256mClkFreq
 .text.CLOCK_GetTcpuFvcoFreq
                0x08001d3c       0xa4 ./drivers/fsl_clock.o
 .text.CLOCK_GetTcpuMciClkFreq
                0x08001de0       0x24 ./drivers/fsl_clock.o
                0x08001de0                CLOCK_GetTcpuMciClkFreq
 .text.CLOCK_EnableClock
                0x08001e04      0x118 ./drivers/fsl_clock.o
                0x08001e04                CLOCK_EnableClock
 .text.CLOCK_DisableClock
                0x08001f1c      0x104 ./drivers/fsl_clock.o
                0x08001f1c                CLOCK_DisableClock
 .text.CLOCK_AttachClk
                0x08002020       0xf4 ./drivers/fsl_clock.o
                0x08002020                CLOCK_AttachClk
 .text.CLOCK_GetAvPllCh1Freq
                0x08002114       0x5c ./drivers/fsl_clock.o
                0x08002114                CLOCK_GetAvPllCh1Freq
 .text.CLOCK_GetMainPllClkFreq
                0x08002170       0x20 ./drivers/fsl_clock.o
 .text.CLOCK_GetAudioPllClkFreq
                0x08002190       0x20 ./drivers/fsl_clock.o
 .text.CLOCK_GetMainClkFreq
                0x080021b0       0xac ./drivers/fsl_clock.o
                0x080021b0                CLOCK_GetMainClkFreq
 .text.CLOCK_GetFRGClock
                0x0800225c      0x148 ./drivers/fsl_clock.o
                0x0800225c                CLOCK_GetFRGClock
 .text.CLOCK_SetFRGClock
                0x080023a4       0xa4 ./drivers/fsl_clock.o
                0x080023a4                CLOCK_SetFRGClock
 .text.CLOCK_GetFlexCommClkFreq
                0x08002448       0xa4 ./drivers/fsl_clock.o
                0x08002448                CLOCK_GetFlexCommClkFreq
 .text.CLOCK_CfgTcpuRefClk
                0x080024ec      0x114 ./drivers/fsl_clock.o
 .text.CLOCK_InitTcpuRefClk
                0x08002600       0x70 ./drivers/fsl_clock.o
                0x08002600                CLOCK_InitTcpuRefClk
 .text.CLOCK_DeinitTcpuRefClk
                0x08002670       0x40 ./drivers/fsl_clock.o
                0x08002670                CLOCK_DeinitTcpuRefClk
 .text.CLOCK_InitTddrRefClk
                0x080026b0       0x7c ./drivers/fsl_clock.o
                0x080026b0                CLOCK_InitTddrRefClk
 .text.CLOCK_DeinitTddrRefClk
                0x0800272c       0x40 ./drivers/fsl_clock.o
                0x0800272c                CLOCK_DeinitTddrRefClk
 .text.CLOCK_InitT3RefClk
                0x0800276c       0x80 ./drivers/fsl_clock.o
                0x0800276c                CLOCK_InitT3RefClk
 .text.CLOCK_DeinitT3RefClk
                0x080027ec       0x38 ./drivers/fsl_clock.o
                0x080027ec                CLOCK_DeinitT3RefClk
 .text.CLOCK_ConfigAvPll
                0x08002824       0xf4 ./drivers/fsl_clock.o
 .text.CLOCK_ConfigAvPllCh1
                0x08002918       0x84 ./drivers/fsl_clock.o
 .text.CLOCK_ConfigAvPllCh2
                0x0800299c       0x64 ./drivers/fsl_clock.o
 .text.CLOCK_PowerUpAnaGrp
                0x08002a00       0x34 ./drivers/fsl_clock.o
 .text.CLOCK_PowerDownAnaGrp
                0x08002a34       0x30 ./drivers/fsl_clock.o
 .text.CLOCK_EnableAvPllCh
                0x08002a64      0x154 ./drivers/fsl_clock.o
                0x08002a64                CLOCK_EnableAvPllCh
 .text.CLOCK_DisableAvPllCh
                0x08002bb8       0x60 ./drivers/fsl_clock.o
                0x08002bb8                CLOCK_DisableAvPllCh
 .text.CLOCK_InitAvPll
                0x08002c18       0x88 ./drivers/fsl_clock.o
                0x08002c18                CLOCK_InitAvPll
 .text.CLOCK_DeinitAvPll
                0x08002ca0       0x54 ./drivers/fsl_clock.o
                0x08002ca0                CLOCK_DeinitAvPll
 .text.SDK_DelayAtLeastUs
                0x08002cf4       0x8c ./drivers/fsl_common_arm.o
                0x08002cf4                SDK_DelayAtLeastUs
 .text.FLEXCOMM_GetInstance
                0x08002d80       0x4c ./drivers/fsl_flexcomm.o
                0x08002d80                FLEXCOMM_GetInstance
 .text.FLEXCOMM_Init
                0x08002dcc       0x50 ./drivers/fsl_flexcomm.o
                0x08002dcc                FLEXCOMM_Init
 .text.FLEXCOMM0_DriverIRQHandler
                0x08002e1c       0x5c ./drivers/fsl_flexcomm.o
                0x08002e1c                FLEXCOMM0_DriverIRQHandler
 .text.FLEXCOMM1_DriverIRQHandler
                0x08002e78       0x5c ./drivers/fsl_flexcomm.o
                0x08002e78                FLEXCOMM1_DriverIRQHandler
 .text.FLEXCOMM2_DriverIRQHandler
                0x08002ed4       0x5c ./drivers/fsl_flexcomm.o
                0x08002ed4                FLEXCOMM2_DriverIRQHandler
 .text.FLEXCOMM3_DriverIRQHandler
                0x08002f30       0x5c ./drivers/fsl_flexcomm.o
                0x08002f30                FLEXCOMM3_DriverIRQHandler
 .text.FLEXCOMM14_DriverIRQHandler
                0x08002f8c       0x5c ./drivers/fsl_flexcomm.o
                0x08002f8c                FLEXCOMM14_DriverIRQHandler
 .text.FLEXSPI_DriverIRQHandler
                0x08002fe8       0x24 ./drivers/fsl_flexspi.o
                0x08002fe8                FLEXSPI_DriverIRQHandler
 .text.GPIO_EnablePortClock
                0x0800300c       0x34 ./drivers/fsl_gpio.o
 .text.GPIO_PortInit
                0x08003040       0x2c ./drivers/fsl_gpio.o
                0x08003040                GPIO_PortInit
 .text.otp_get_nonmask_status_result
                0x0800306c       0x60 ./drivers/fsl_ocotp.o
 .text.otp_wait_busy
                0x080030cc       0x50 ./drivers/fsl_ocotp.o
 .text.otp_clear_status
                0x0800311c       0x28 ./drivers/fsl_ocotp.o
 .text.OCOTP_OtpInit
                0x08003144       0x34 ./drivers/fsl_ocotp.o
                0x08003144                OCOTP_OtpInit
 .text.OCOTP_OtpDeinit
                0x08003178       0x44 ./drivers/fsl_ocotp.o
                0x08003178                OCOTP_OtpDeinit
 .text.OCOTP_OtpFuseRead
                0x080031bc       0x74 ./drivers/fsl_ocotp.o
                0x080031bc                OCOTP_OtpFuseRead
 .text.soc_otp_read
                0x08003230      0x120 ./drivers/fsl_ocotp.o
 .text.OCOTP_ReadSVC
                0x08003350       0x34 ./drivers/fsl_ocotp.o
                0x08003350                OCOTP_ReadSVC
 .text.OCOTP_ReadPackage
                0x08003384       0x64 ./drivers/fsl_ocotp.o
                0x08003384                OCOTP_ReadPackage
 .text.__NVIC_SetPriorityGrouping
                0x080033e8       0x48 ./drivers/fsl_power.o
 .text.__NVIC_GetPriorityGrouping
                0x08003430       0x1c ./drivers/fsl_power.o
 .text.POWER_GetThresholdParams
                0x0800344c      0x124 ./drivers/fsl_power.o
 .text.POWER_SaveNvicState
                0x08003570      0x140 ./drivers/fsl_power.o
 .text.POWER_RestoreNvicState
                0x080036b0      0x13c ./drivers/fsl_power.o
 .text.CAPTIMER_DriverIRQHandler
                0x080037ec       0x34 ./drivers/fsl_power.o
                0x080037ec                CAPTIMER_DriverIRQHandler
 .text.POWER_EnableWakeup
                0x08003820      0x1dc ./drivers/fsl_power.o
                0x08003820                POWER_EnableWakeup
 .text.POWER_InitVSensorThreshold
                0x080039fc      0x32c ./drivers/fsl_power.o
 .text.Power_InitLoadGdetCfg
                0x08003d28       0x7c ./drivers/fsl_power.o
                0x08003d28                Power_InitLoadGdetCfg
 .text.POWER_InitVoltage
                0x08003da4       0xa0 ./drivers/fsl_power.o
                0x08003da4                POWER_InitVoltage
 .text.POWER_TrimSvc
                0x08003e44      0x198 ./drivers/fsl_power.o
                0x08003e44                POWER_TrimSvc
 .text.RESET_SetPeripheralReset
                0x08003fdc       0xf8 ./drivers/fsl_reset.o
                0x08003fdc                RESET_SetPeripheralReset
 .text.RESET_ClearPeripheralReset
                0x080040d4      0x104 ./drivers/fsl_reset.o
                0x080040d4                RESET_ClearPeripheralReset
 .text.SPI_SetTransferDelay
                0x080041d8       0x60 ./drivers/fsl_spi.o
 .text.SPI_GetInstance
                0x08004238       0x4c ./drivers/fsl_spi.o
                0x08004238                SPI_GetInstance
 .text.SPI_SetDummyData
                0x08004284       0x2c ./drivers/fsl_spi.o
                0x08004284                SPI_SetDummyData
 .text.SPI_MasterGetDefaultConfig
                0x080042b0       0x80 ./drivers/fsl_spi.o
                0x080042b0                SPI_MasterGetDefaultConfig
 .text.SPI_MasterInit
                0x08004330      0x190 ./drivers/fsl_spi.o
                0x08004330                SPI_MasterInit
 .text.SPI_MasterSetBaud
                0x080044c0       0x9c ./drivers/fsl_spi.o
                0x080044c0                SPI_MasterSetBaud
 .text.SPI_MasterTransferBlocking
                0x0800455c      0x270 ./drivers/fsl_spi.o
                0x0800455c                SPI_MasterTransferBlocking
 .text.USART_Init
                0x080047cc      0x1d8 ./drivers/fsl_usart.o
                0x080047cc                USART_Init
 .text.USART_GetDefaultConfig
                0x080049a4       0xa0 ./drivers/fsl_usart.o
                0x080049a4                USART_GetDefaultConfig
 .text.USART_SetBaudRate
                0x08004a44      0x18c ./drivers/fsl_usart.o
                0x08004a44                USART_SetBaudRate
 .text.USART_WriteBlocking
                0x08004bd0       0x8c ./drivers/fsl_usart.o
                0x08004bd0                USART_WriteBlocking
 .text.USART_ReadBlocking
                0x08004c5c      0x104 ./drivers/fsl_usart.o
                0x08004c5c                USART_ReadBlocking
 .text.SystemInit
                0x08004d60       0xc4 ./device/system_RW612.o
                0x08004d60                SystemInit
 .text.getT3PllMciIrcClkFreq
                0x08004e24       0x50 ./device/system_RW612.o
 .text.getTcpuFvcoFreq
                0x08004e74       0x9c ./device/system_RW612.o
 .text.getT3PllMci256mClkFreq
                0x08004f10       0x1c ./device/system_RW612.o
 .text.getTcpuMciClkFreq
                0x08004f2c       0x24 ./device/system_RW612.o
 .text.getSysOscFreq
                0x08004f50       0x48 ./device/system_RW612.o
 .text.getLpOscFreq
                0x08004f98       0x30 ./device/system_RW612.o
 .text.getMainPllClkFreq
                0x08004fc8       0x20 ./device/system_RW612.o
 .text.SystemCoreClockUpdate
                0x08004fe8       0xc4 ./device/system_RW612.o
                0x08004fe8                SystemCoreClockUpdate
 .text.HAL_UartInitCommon
                0x080050ac      0x110 ./component/uart/fsl_adapter_usart.o
 .text.HAL_UartReceiveBlocking
                0x080051bc       0x6c ./component/uart/fsl_adapter_usart.o
                0x080051bc                HAL_UartReceiveBlocking
 .text.HAL_UartSendBlocking
                0x08005228       0x64 ./component/uart/fsl_adapter_usart.o
                0x08005228                HAL_UartSendBlocking
 .text.mcuxClEls_isBusy
                0x0800528c       0x24 ./component/els_pkc/src/comps/mcuxClEls/src/mcuxClEls_Common.o
 .text.mcuxClEls_GetErrorCode
                0x080052b0      0x1c0 ./component/els_pkc/src/comps/mcuxClEls/src/mcuxClEls_Common.o
                0x080052b0                mcuxClEls_GetErrorCode
 .text.mcuxClEls_WaitForOperation
                0x08005470       0x9c ./component/els_pkc/src/comps/mcuxClEls/src/mcuxClEls_Common.o
                0x08005470                mcuxClEls_WaitForOperation
 .text.mcuxClEls_ResetErrorFlags
                0x0800550c       0x74 ./component/els_pkc/src/comps/mcuxClEls/src/mcuxClEls_Common.o
                0x0800550c                mcuxClEls_ResetErrorFlags
 .text.mcuxClEls_setInput0_fixedSize
                0x08005580       0x20 ./component/els_pkc/src/comps/mcuxClEls/src/mcuxClEls_GlitchDetector.o
 .text.mcuxClEls_startCommand
                0x080055a0       0x40 ./component/els_pkc/src/comps/mcuxClEls/src/mcuxClEls_GlitchDetector.o
 .text.mcuxClEls_isBusy
                0x080055e0       0x24 ./component/els_pkc/src/comps/mcuxClEls/src/mcuxClEls_GlitchDetector.o
 .text.BOARD_InitDebugConsole
                0x08005604       0x44 ./board/board.o
                0x08005604                BOARD_InitDebugConsole
 .text.LoadGdetCfg
                0x08005648       0xd0 ./board/board.o
 .text.ConfigSvcSensor
                0x08005718      0x168 ./board/board.o
 .text.BOARD_ClockPreConfig
                0x08005880       0x6c ./board/board.o
                0x08005880                BOARD_ClockPreConfig
 .text.BOARD_ClockPostConfig
                0x080058ec       0x3c ./board/board.o
                0x080058ec                BOARD_ClockPostConfig
 .text.BOARD_BootClockRUN
                0x08005928      0x108 ./board/clock_config.o
                0x08005928                BOARD_BootClockRUN
 .text.IO_MUX_SetPinMux
                0x08005a30      0x2ac ./board/pin_mux.o
 .text.IO_MUX_SetPinConfig
                0x08005cdc       0xbc ./board/pin_mux.o
 .text.BOARD_InitPins
                0x08005d98      0x12c ./board/pin_mux.o
                0x08005d98                BOARD_InitPins
 .text._initio  0x08005ec4       0x78 C:/nxp/MCUXpressoIDE_25.6.136/ide/plugins/com.nxp.mcuxpresso.tools.win32_25.6.0.202501151204/tools/bin/../lib/gcc/arm-none-eabi/14.2.1/../../../../arm-none-eabi/lib/thumb/v8-m.main+fp/hard\libcr_c.a(initio.o)
                0x08005ec4                _initio
 .text._Cwritebuf
                0x08005f3c       0x70 C:/nxp/MCUXpressoIDE_25.6.136/ide/plugins/com.nxp.mcuxpresso.tools.win32_25.6.0.202501151204/tools/bin/../lib/gcc/arm-none-eabi/14.2.1/../../../../arm-none-eabi/lib/thumb/v8-m.main+fp/hard\libcr_c.a(_writebuf.o)
                0x08005f3c                _Cwritebuf
 .text.fflush   0x08005fac       0x3c C:/nxp/MCUXpressoIDE_25.6.136/ide/plugins/com.nxp.mcuxpresso.tools.win32_25.6.0.202501151204/tools/bin/../lib/gcc/arm-none-eabi/14.2.1/../../../../arm-none-eabi/lib/thumb/v8-m.main+fp/hard\libcr_c.a(fflush.o)
                0x08005fac                fflush
 .text.fseek    0x08005fe8       0xf8 C:/nxp/MCUXpressoIDE_25.6.136/ide/plugins/com.nxp.mcuxpresso.tools.win32_25.6.0.202501151204/tools/bin/../lib/gcc/arm-none-eabi/14.2.1/../../../../arm-none-eabi/lib/thumb/v8-m.main+fp/hard\libcr_c.a(fseek.o)
                0x08005fe8                fseek
 .text.ftell    0x080060e0       0x44 C:/nxp/MCUXpressoIDE_25.6.136/ide/plugins/com.nxp.mcuxpresso.tools.win32_25.6.0.202501151204/tools/bin/../lib/gcc/arm-none-eabi/14.2.1/../../../../arm-none-eabi/lib/thumb/v8-m.main+fp/hard\libcr_c.a(ftell.o)
                0x080060e0                ftell
 .text.DbgConsole_Printf
                0x08006124       0x2c ./utilities/debug_console_lite/fsl_debug_console.o
                0x08006124                DbgConsole_Printf
 .text.DbgConsole_PrintfPaddingCharacter
                0x08006150       0x40 ./utilities/debug_console_lite/fsl_debug_console.o
 .text.DbgConsole_ConvertRadixNumToString
                0x08006190       0xc2 ./utilities/debug_console_lite/fsl_debug_console.o
 .text.fsl_assert_hook
                0x08006252       0x1a ./utilities/fsl_assert.o
                0x08006252                fsl_assert_hook
 .text.WDT0_IRQHandler
                0x0800626c        0x8 ./startup/startup_rw612.o
                0x0800626c                WDT0_IRQHandler
 .text.DMA0_IRQHandler
                0x08006274        0x8 ./startup/startup_rw612.o
                0x08006274                DMA0_IRQHandler
 .text.GPIO_INTA_IRQHandler
                0x0800627c        0x8 ./startup/startup_rw612.o
                0x0800627c                GPIO_INTA_IRQHandler
 .text.GPIO_INTB_IRQHandler
                0x08006284        0x8 ./startup/startup_rw612.o
                0x08006284                GPIO_INTB_IRQHandler
 .text.PIN_INT0_IRQHandler
                0x0800628c        0x8 ./startup/startup_rw612.o
                0x0800628c                PIN_INT0_IRQHandler
 .text.PIN_INT1_IRQHandler
                0x08006294        0x8 ./startup/startup_rw612.o
                0x08006294                PIN_INT1_IRQHandler
 .text.PIN_INT2_IRQHandler
                0x0800629c        0x8 ./startup/startup_rw612.o
                0x0800629c                PIN_INT2_IRQHandler
 .text.PIN_INT3_IRQHandler
                0x080062a4        0x8 ./startup/startup_rw612.o
                0x080062a4                PIN_INT3_IRQHandler
 .text.UTICK_IRQHandler
                0x080062ac        0x8 ./startup/startup_rw612.o
                0x080062ac                UTICK_IRQHandler
 .text.MRT_IRQHandler
                0x080062b4        0x8 ./startup/startup_rw612.o
                0x080062b4                MRT_IRQHandler
 .text.CTIMER0_IRQHandler
                0x080062bc        0x8 ./startup/startup_rw612.o
                0x080062bc                CTIMER0_IRQHandler
 .text.CTIMER1_IRQHandler
                0x080062c4        0x8 ./startup/startup_rw612.o
                0x080062c4                CTIMER1_IRQHandler
 .text.SCT0_IRQHandler
                0x080062cc        0x8 ./startup/startup_rw612.o
                0x080062cc                SCT0_IRQHandler
 .text.CTIMER3_IRQHandler
                0x080062d4        0x8 ./startup/startup_rw612.o
                0x080062d4                CTIMER3_IRQHandler
 .text.FLEXCOMM0_IRQHandler
                0x080062dc        0x8 ./startup/startup_rw612.o
                0x080062dc                FLEXCOMM0_IRQHandler
 .text.FLEXCOMM1_IRQHandler
                0x080062e4        0x8 ./startup/startup_rw612.o
                0x080062e4                FLEXCOMM1_IRQHandler
 .text.FLEXCOMM2_IRQHandler
                0x080062ec        0x8 ./startup/startup_rw612.o
                0x080062ec                FLEXCOMM2_IRQHandler
 .text.FLEXCOMM3_IRQHandler
                0x080062f4        0x8 ./startup/startup_rw612.o
                0x080062f4                FLEXCOMM3_IRQHandler
 .text.Reserved34_IRQHandler
                0x080062fc        0x8 ./startup/startup_rw612.o
                0x080062fc                Reserved34_IRQHandler
 .text.Reserved35_IRQHandler
                0x08006304        0x8 ./startup/startup_rw612.o
                0x08006304                Reserved35_IRQHandler
 .text.FLEXCOMM14_IRQHandler
                0x0800630c        0x8 ./startup/startup_rw612.o
                0x0800630c                FLEXCOMM14_IRQHandler
 .text.Reserved37_IRQHandler
                0x08006314        0x8 ./startup/startup_rw612.o
                0x08006314                Reserved37_IRQHandler
 .text.Reserved38_IRQHandler
                0x0800631c        0x8 ./startup/startup_rw612.o
                0x0800631c                Reserved38_IRQHandler
 .text.GFMRT_IRQHandler
                0x08006324        0x8 ./startup/startup_rw612.o
                0x08006324                GFMRT_IRQHandler
 .text.Reserved40_IRQHandler
                0x0800632c        0x8 ./startup/startup_rw612.o
                0x0800632c                Reserved40_IRQHandler
 .text.DMIC_IRQHandler
                0x08006334        0x8 ./startup/startup_rw612.o
                0x08006334                DMIC_IRQHandler
 .text.WKDEEPSLEEP_IRQHandler
                0x0800633c        0x8 ./startup/startup_rw612.o
                0x0800633c                WKDEEPSLEEP_IRQHandler
 .text.HYPERVISOR_IRQHandler
                0x08006344        0x8 ./startup/startup_rw612.o
                0x08006344                HYPERVISOR_IRQHandler
 .text.SECUREVIOLATION_IRQHandler
                0x0800634c        0x8 ./startup/startup_rw612.o
                0x0800634c                SECUREVIOLATION_IRQHandler
 .text.HWVAD_IRQHandler
                0x08006354        0x8 ./startup/startup_rw612.o
                0x08006354                HWVAD_IRQHandler
 .text.Reserved46_IRQHandler
                0x0800635c        0x8 ./startup/startup_rw612.o
                0x0800635c                Reserved46_IRQHandler
 .text.Reserved47_IRQHandler
                0x08006364        0x8 ./startup/startup_rw612.o
                0x08006364                Reserved47_IRQHandler
 .text.RTC_IRQHandler
                0x0800636c        0x8 ./startup/startup_rw612.o
                0x0800636c                RTC_IRQHandler
 .text.Reserved49_IRQHandler
                0x08006374        0x8 ./startup/startup_rw612.o
                0x08006374                Reserved49_IRQHandler
 .text.Reserved50_IRQHandler
                0x0800637c        0x8 ./startup/startup_rw612.o
                0x0800637c                Reserved50_IRQHandler
 .text.PIN_INT4_IRQHandler
                0x08006384        0x8 ./startup/startup_rw612.o
                0x08006384                PIN_INT4_IRQHandler
 .text.PIN_INT5_IRQHandler
                0x0800638c        0x8 ./startup/startup_rw612.o
                0x0800638c                PIN_INT5_IRQHandler
 .text.PIN_INT6_IRQHandler
                0x08006394        0x8 ./startup/startup_rw612.o
                0x08006394                PIN_INT6_IRQHandler
 .text.PIN_INT7_IRQHandler
                0x0800639c        0x8 ./startup/startup_rw612.o
                0x0800639c                PIN_INT7_IRQHandler
 .text.CTIMER2_IRQHandler
                0x080063a4        0x8 ./startup/startup_rw612.o
                0x080063a4                CTIMER2_IRQHandler
 .text.CTIMER4_IRQHandler
                0x080063ac        0x8 ./startup/startup_rw612.o
                0x080063ac                CTIMER4_IRQHandler
 .text.OS_EVENT_TIMER_IRQHandler
                0x080063b4        0x8 ./startup/startup_rw612.o
                0x080063b4                OS_EVENT_TIMER_IRQHandler
 .text.FLEXSPI_IRQHandler
                0x080063bc        0x8 ./startup/startup_rw612.o
                0x080063bc                FLEXSPI_IRQHandler
 .text.Reserved59_IRQHandler
                0x080063c4        0x8 ./startup/startup_rw612.o
                0x080063c4                Reserved59_IRQHandler
 .text.Reserved60_IRQHandler
                0x080063cc        0x8 ./startup/startup_rw612.o
                0x080063cc                Reserved60_IRQHandler
 .text.Reserved61_IRQHandler
                0x080063d4        0x8 ./startup/startup_rw612.o
                0x080063d4                Reserved61_IRQHandler
 .text.SDIO_IRQHandler
                0x080063dc        0x8 ./startup/startup_rw612.o
                0x080063dc                SDIO_IRQHandler
 .text.SGPIO_INTA_IRQHandler
                0x080063e4        0x8 ./startup/startup_rw612.o
                0x080063e4                SGPIO_INTA_IRQHandler
 .text.SGPIO_INTB_IRQHandler
                0x080063ec        0x8 ./startup/startup_rw612.o
                0x080063ec                SGPIO_INTB_IRQHandler
 .text.Reserved65_IRQHandler
                0x080063f4        0x8 ./startup/startup_rw612.o
                0x080063f4                Reserved65_IRQHandler
 .text.USB_IRQHandler
                0x080063fc        0x8 ./startup/startup_rw612.o
                0x080063fc                USB_IRQHandler
 .text.Reserved67_IRQHandler
                0x08006404        0x8 ./startup/startup_rw612.o
                0x08006404                Reserved67_IRQHandler
 .text.Reserved68_IRQHandler
                0x0800640c        0x8 ./startup/startup_rw612.o
                0x0800640c                Reserved68_IRQHandler
 .text.Reserved69_IRQHandler
                0x08006414        0x8 ./startup/startup_rw612.o
                0x08006414                Reserved69_IRQHandler
 .text.DMA1_IRQHandler
                0x0800641c        0x8 ./startup/startup_rw612.o
                0x0800641c                DMA1_IRQHandler
 .text.PUF_IRQHandler
                0x08006424        0x8 ./startup/startup_rw612.o
                0x08006424                PUF_IRQHandler
 .text.POWERQUAD_IRQHandler
                0x0800642c        0x8 ./startup/startup_rw612.o
                0x0800642c                POWERQUAD_IRQHandler
 .text.Reserved73_IRQHandler
                0x08006434        0x8 ./startup/startup_rw612.o
                0x08006434                Reserved73_IRQHandler
 .text.Reserved74_IRQHandler
                0x0800643c        0x8 ./startup/startup_rw612.o
                0x0800643c                Reserved74_IRQHandler
 .text.Reserved75_IRQHandler
                0x08006444        0x8 ./startup/startup_rw612.o
                0x08006444                Reserved75_IRQHandler
 .text.Reserved76_IRQHandler
                0x0800644c        0x8 ./startup/startup_rw612.o
                0x0800644c                Reserved76_IRQHandler
 .text.LCD_IRQHandler
                0x08006454        0x8 ./startup/startup_rw612.o
                0x08006454                LCD_IRQHandler
 .text.CAPTIMER_IRQHandler
                0x0800645c        0x8 ./startup/startup_rw612.o
                0x0800645c                CAPTIMER_IRQHandler
 .text.Reserved79_IRQHandler
                0x08006464        0x8 ./startup/startup_rw612.o
                0x08006464                Reserved79_IRQHandler
 .text.W2MWKUP_DONE0_IRQHandler
                0x0800646c        0x8 ./startup/startup_rw612.o
                0x0800646c                W2MWKUP_DONE0_IRQHandler
 .text.W2MWKUP_DONE1_IRQHandler
                0x08006474        0x8 ./startup/startup_rw612.o
                0x08006474                W2MWKUP_DONE1_IRQHandler
 .text.W2MWKUP_DONE2_IRQHandler
                0x0800647c        0x8 ./startup/startup_rw612.o
                0x0800647c                W2MWKUP_DONE2_IRQHandler
 .text.W2MWKUP_DONE3_IRQHandler
                0x08006484        0x8 ./startup/startup_rw612.o
                0x08006484                W2MWKUP_DONE3_IRQHandler
 .text.W2MWKUP_DONE4_IRQHandler
                0x0800648c        0x8 ./startup/startup_rw612.o
                0x0800648c                W2MWKUP_DONE4_IRQHandler
 .text.W2MWKUP_DONE5_IRQHandler
                0x08006494        0x8 ./startup/startup_rw612.o
                0x08006494                W2MWKUP_DONE5_IRQHandler
 .text.W2MWKUP_DONE6_IRQHandler
                0x0800649c        0x8 ./startup/startup_rw612.o
                0x0800649c                W2MWKUP_DONE6_IRQHandler
 .text.W2MWKUP_DONE7_IRQHandler
                0x080064a4        0x8 ./startup/startup_rw612.o
                0x080064a4                W2MWKUP_DONE7_IRQHandler
 .text.W2MWKUP0_IRQHandler
                0x080064ac        0x8 ./startup/startup_rw612.o
                0x080064ac                W2MWKUP0_IRQHandler
 .text.W2MWKUP1_IRQHandler
                0x080064b4        0x8 ./startup/startup_rw612.o
                0x080064b4                W2MWKUP1_IRQHandler
 .text.WL_MCI_INT0_IRQHandler
                0x080064bc        0x8 ./startup/startup_rw612.o
                0x080064bc                WL_MCI_INT0_IRQHandler
 .text.WL_MCI_INT1_IRQHandler
                0x080064c4        0x8 ./startup/startup_rw612.o
                0x080064c4                WL_MCI_INT1_IRQHandler
 .text.WL_MCI_INT2_IRQHandler
                0x080064cc        0x8 ./startup/startup_rw612.o
                0x080064cc                WL_MCI_INT2_IRQHandler
 .text.WL_MCI_INT3_IRQHandler
                0x080064d4        0x8 ./startup/startup_rw612.o
                0x080064d4                WL_MCI_INT3_IRQHandler
 .text.WL_MCI_INT4_IRQHandler
                0x080064dc        0x8 ./startup/startup_rw612.o
                0x080064dc                WL_MCI_INT4_IRQHandler
 .text.WL_MCI_INT5_IRQHandler
                0x080064e4        0x8 ./startup/startup_rw612.o
                0x080064e4                WL_MCI_INT5_IRQHandler
 .text.WL_MCI_INT6_IRQHandler
                0x080064ec        0x8 ./startup/startup_rw612.o
                0x080064ec                WL_MCI_INT6_IRQHandler
 .text.WL_MCI_INT7_IRQHandler
                0x080064f4        0x8 ./startup/startup_rw612.o
                0x080064f4                WL_MCI_INT7_IRQHandler
 .text.B2MWKUP_DONE0_IRQHandler
                0x080064fc        0x8 ./startup/startup_rw612.o
                0x080064fc                B2MWKUP_DONE0_IRQHandler
 .text.B2MWKUP_DONE1_IRQHandler
                0x08006504        0x8 ./startup/startup_rw612.o
                0x08006504                B2MWKUP_DONE1_IRQHandler
 .text.B2MWKUP_DONE2_IRQHandler
                0x0800650c        0x8 ./startup/startup_rw612.o
                0x0800650c                B2MWKUP_DONE2_IRQHandler
 .text.B2MWKUP_DONE3_IRQHandler
                0x08006514        0x8 ./startup/startup_rw612.o
                0x08006514                B2MWKUP_DONE3_IRQHandler
 .text.B2MWKUP_DONE4_IRQHandler
                0x0800651c        0x8 ./startup/startup_rw612.o
                0x0800651c                B2MWKUP_DONE4_IRQHandler
 .text.B2MWKUP_DONE5_IRQHandler
                0x08006524        0x8 ./startup/startup_rw612.o
                0x08006524                B2MWKUP_DONE5_IRQHandler
 .text.B2MWKUP_DONE6_IRQHandler
                0x0800652c        0x8 ./startup/startup_rw612.o
                0x0800652c                B2MWKUP_DONE6_IRQHandler
 .text.B2MWKUP_DONE7_IRQHandler
                0x08006534        0x8 ./startup/startup_rw612.o
                0x08006534                B2MWKUP_DONE7_IRQHandler
 .text.B2MWKUP0_IRQHandler
                0x0800653c        0x8 ./startup/startup_rw612.o
                0x0800653c                B2MWKUP0_IRQHandler
 .text.B2MWKUP1_IRQHandler
                0x08006544        0x8 ./startup/startup_rw612.o
                0x08006544                B2MWKUP1_IRQHandler
 .text.BLE_MCI_INT0_IRQHandler
                0x0800654c        0x8 ./startup/startup_rw612.o
                0x0800654c                BLE_MCI_INT0_IRQHandler
 .text.BLE_MCI_INT1_IRQHandler
                0x08006554        0x8 ./startup/startup_rw612.o
                0x08006554                BLE_MCI_INT1_IRQHandler
 .text.BLE_MCI_INT2_IRQHandler
                0x0800655c        0x8 ./startup/startup_rw612.o
                0x0800655c                BLE_MCI_INT2_IRQHandler
 .text.BLE_MCI_INT3_IRQHandler
                0x08006564        0x8 ./startup/startup_rw612.o
                0x08006564                BLE_MCI_INT3_IRQHandler
 .text.BLE_MCI_INT4_IRQHandler
                0x0800656c        0x8 ./startup/startup_rw612.o
                0x0800656c                BLE_MCI_INT4_IRQHandler
 .text.BLE_MCI_INT5_IRQHandler
                0x08006574        0x8 ./startup/startup_rw612.o
                0x08006574                BLE_MCI_INT5_IRQHandler
 .text.BLE_MCI_INT6_IRQHandler
                0x0800657c        0x8 ./startup/startup_rw612.o
                0x0800657c                BLE_MCI_INT6_IRQHandler
 .text.BLE_MCI_INT7_IRQHandler
                0x08006584        0x8 ./startup/startup_rw612.o
                0x08006584                BLE_MCI_INT7_IRQHandler
 .text.PIN0_INT_IRQHandler
                0x0800658c        0x8 ./startup/startup_rw612.o
                0x0800658c                PIN0_INT_IRQHandler
 .text.PIN1_INT_IRQHandler
                0x08006594        0x8 ./startup/startup_rw612.o
                0x08006594                PIN1_INT_IRQHandler
 .text.ELS_IRQHandler
                0x0800659c        0x8 ./startup/startup_rw612.o
                0x0800659c                ELS_IRQHandler
 .text.ELS_GDET_IRQHandler
                0x080065a4        0x8 ./startup/startup_rw612.o
                0x080065a4                ELS_GDET_IRQHandler
 .text.ELS_GDET_UM_IRQHandler
                0x080065ac        0x8 ./startup/startup_rw612.o
                0x080065ac                ELS_GDET_UM_IRQHandler
 .text.PKC_INT_IRQHandler
                0x080065b4        0x8 ./startup/startup_rw612.o
                0x080065b4                PKC_INT_IRQHandler
 .text.PKC_ERR_IRQHandler
                0x080065bc        0x8 ./startup/startup_rw612.o
                0x080065bc                PKC_ERR_IRQHandler
 .text.CDOG_INT_IRQHandler
                0x080065c4        0x8 ./startup/startup_rw612.o
                0x080065c4                CDOG_INT_IRQHandler
 .text.GAU_DAC_IRQHandler
                0x080065cc        0x8 ./startup/startup_rw612.o
                0x080065cc                GAU_DAC_IRQHandler
 .text.GAU_ACOMP_WKUP_IRQHandler
                0x080065d4        0x8 ./startup/startup_rw612.o
                0x080065d4                GAU_ACOMP_WKUP_IRQHandler
 .text.GAU_ACOMP_IRQHandler
                0x080065dc        0x8 ./startup/startup_rw612.o
                0x080065dc                GAU_ACOMP_IRQHandler
 .text.GAU_ADC1_IRQHandler
                0x080065e4        0x8 ./startup/startup_rw612.o
                0x080065e4                GAU_ADC1_IRQHandler
 .text.GAU_ADC0_IRQHandler
                0x080065ec        0x8 ./startup/startup_rw612.o
                0x080065ec                GAU_ADC0_IRQHandler
 .text.USIM_IRQHandler
                0x080065f4        0x8 ./startup/startup_rw612.o
                0x080065f4                USIM_IRQHandler
 .text.OTP_IRQHandler
                0x080065fc        0x8 ./startup/startup_rw612.o
                0x080065fc                OTP_IRQHandler
 .text.ENET_IRQHandler
                0x08006604        0x8 ./startup/startup_rw612.o
                0x08006604                ENET_IRQHandler
 .text.ENET_TIMER_IRQHandler
                0x0800660c        0x8 ./startup/startup_rw612.o
                0x0800660c                ENET_TIMER_IRQHandler
 .text.PMIP_IRQHandler
                0x08006614        0x8 ./startup/startup_rw612.o
                0x08006614                PMIP_IRQHandler
 .text.PMIP_CHANGE_IRQHandler
                0x0800661c        0x8 ./startup/startup_rw612.o
                0x0800661c                PMIP_CHANGE_IRQHandler
 .text.ITRC_IRQHandler
                0x08006624        0x8 ./startup/startup_rw612.o
                0x08006624                ITRC_IRQHandler
 .text.Reserved136_IRQHandler
                0x0800662c        0x8 ./startup/startup_rw612.o
                0x0800662c                Reserved136_IRQHandler
 .text.Reserved137_IRQHandler
                0x08006634        0x8 ./startup/startup_rw612.o
                0x08006634                Reserved137_IRQHandler
 .text.Reserved138_IRQHandler
                0x0800663c        0x8 ./startup/startup_rw612.o
                0x0800663c                Reserved138_IRQHandler
 .text.TRNG_IRQHandler
                0x08006644        0x8 ./startup/startup_rw612.o
                0x08006644                TRNG_IRQHandler
 .text.ACC_C_INT_IRQHandler
                0x0800664c        0x8 ./startup/startup_rw612.o
                0x0800664c                ACC_C_INT_IRQHandler
 .text.ACC_S_INT_IRQHandler
                0x08006654        0x8 ./startup/startup_rw612.o
                0x08006654                ACC_S_INT_IRQHandler
 .text.WACC_IRQHandler
                0x0800665c        0x8 ./startup/startup_rw612.o
                0x0800665c                WACC_IRQHandler
 .text.BACC_IRQHandler
                0x08006664        0x8 ./startup/startup_rw612.o
                0x08006664                BACC_IRQHandler
 .text.GDMA_IRQHandler
                0x0800666c        0x8 ./startup/startup_rw612.o
                0x0800666c                GDMA_IRQHandler
 .text.HardFault_Handler
                0x08006674       0x36 ./source/semihost_hardfault.o
                0x08006674                HardFault_Handler
 .text.GPIO_PinWrite
                0x080066aa       0x2a ./source/spi_interrupt_b2b_transfer_master.o
 .text.delay_ms
                0x080066d4       0x32 ./source/spi_interrupt_b2b_transfer_master.o
 .text.CLOCK_GetClk32KFreq
                0x08006706       0x12 ./drivers/fsl_clock.o
 .text.CLOCK_Delay
                0x08006718       0x22 ./drivers/fsl_clock.o
 .text.CLOCK_SetClkDiv
                0x0800673a       0x78 ./drivers/fsl_clock.o
                0x0800673a                CLOCK_SetClkDiv
 .text.CLOCK_GetFFroFreq
                0x080067b2        0xe ./drivers/fsl_clock.o
                0x080067b2                CLOCK_GetFFroFreq
 .text.CLOCK_GetSFroFreq
                0x080067c0       0x10 ./drivers/fsl_clock.o
                0x080067c0                CLOCK_GetSFroFreq
 .text.DelayLoop
                0x080067d0       0x20 ./drivers/fsl_common_arm.o
 .text.FLEXCOMM_PeripheralIsPresent
                0x080067f0       0x64 ./drivers/fsl_flexcomm.o
 .text.FLEXCOMM_SetPeriph
                0x08006854       0x74 ./drivers/fsl_flexcomm.o
 .text.GPIO_PinInit
                0x080068c8       0xa4 ./drivers/fsl_gpio.o
                0x080068c8                GPIO_PinInit
 .text.OCOTP_ReadSocOtp
                0x0800696c       0x6a ./drivers/fsl_ocotp.o
                0x0800696c                OCOTP_ReadSocOtp
 .text.DisableGlobalIRQ
                0x080069d6       0x22 ./drivers/fsl_power.o
 .text.EnableGlobalIRQ
                0x080069f8       0x20 ./drivers/fsl_power.o
 .text.RESET_PeripheralReset
                0x08006a18       0x22 ./drivers/fsl_reset.o
                0x08006a18                RESET_PeripheralReset
 .text.SPI_Enable
                0x08006a3a       0x40 ./drivers/fsl_spi.o
 .text.USART_EnableContinuousSCLK
                0x08006a7a       0x38 ./drivers/fsl_usart.o
 .text.USART_SetRxTimeoutConfig
                0x08006ab2       0x68 ./drivers/fsl_usart.o
                0x08006ab2                USART_SetRxTimeoutConfig
 .text.getFFroFreq
                0x08006b1a        0xe ./device/system_RW612.o
 .text.getSFroFreq
                0x08006b28       0x10 ./device/system_RW612.o
 .text.SystemInitHook
                0x08006b38        0xe ./device/system_RW612.o
                0x08006b38                SystemInitHook
 .text.HAL_UartGetStatus
                0x08006b46       0x22 ./component/uart/fsl_adapter_usart.o
 .text.HAL_UartInit
                0x08006b68       0x36 ./component/uart/fsl_adapter_usart.o
                0x08006b68                HAL_UartInit
 .text.mcuxClEls_getSfrField
                0x08006b9e       0x24 ./component/els_pkc/src/comps/mcuxClEls/src/mcuxClEls_Common.o
 .text.mcuxClEls_GlitchDetector_LoadConfig_Async
                0x08006bc2       0x98 ./component/els_pkc/src/comps/mcuxClEls/src/mcuxClEls_GlitchDetector.o
                0x08006bc2                mcuxClEls_GlitchDetector_LoadConfig_Async
 .text.BOARD_InitBootClocks
                0x08006c5a        0xc ./board/clock_config.o
                0x08006c5a                BOARD_InitBootClocks
 .text.BOARD_InitHardware
                0x08006c66       0x1c ./board/hardware_init.o
                0x08006c66                BOARD_InitHardware
 .text.BOARD_InitBootPins
                0x08006c82        0xc ./board/pin_mux.o
                0x08006c82                BOARD_InitBootPins
 .text.__main   0x08006c8e        0xe C:/nxp/MCUXpressoIDE_25.6.136/ide/plugins/com.nxp.mcuxpresso.tools.win32_25.6.0.202501151204/tools/bin/../lib/gcc/arm-none-eabi/14.2.1/../../../../arm-none-eabi/lib/thumb/v8-m.main+fp/hard\libcr_nohost_nf.a(_cr__main.o)
                0x08006c8e                __main
 .text.memset   0x08006c9c        0x4 C:/nxp/MCUXpressoIDE_25.6.136/ide/plugins/com.nxp.mcuxpresso.tools.win32_25.6.0.202501151204/tools/bin/../lib/gcc/arm-none-eabi/14.2.1/../../../../arm-none-eabi/lib/thumb/v8-m.main+fp/hard\libcr_c.a(memset.o)
                0x08006c9c                memset
 .text.free     0x08006ca0       0x30 C:/nxp/MCUXpressoIDE_25.6.136/ide/plugins/com.nxp.mcuxpresso.tools.win32_25.6.0.202501151204/tools/bin/../lib/gcc/arm-none-eabi/14.2.1/../../../../arm-none-eabi/lib/thumb/v8-m.main+fp/hard\libcr_c.a(alloc.o)
                0x08006ca0                free
 .text.setvbuf  0x08006cd0       0x3e C:/nxp/MCUXpressoIDE_25.6.136/ide/plugins/com.nxp.mcuxpresso.tools.win32_25.6.0.202501151204/tools/bin/../lib/gcc/arm-none-eabi/14.2.1/../../../../arm-none-eabi/lib/thumb/v8-m.main+fp/hard\libcr_c.a(setvbuf.o)
                0x08006cd0                setvbuf
 .text.strlen   0x08006d0e       0x4e C:/nxp/MCUXpressoIDE_25.6.136/ide/plugins/com.nxp.mcuxpresso.tools.win32_25.6.0.202501151204/tools/bin/../lib/gcc/arm-none-eabi/14.2.1/../../../../arm-none-eabi/lib/thumb/v8-m.main+fp/hard\libcr_c.a(strlen.o)
                0x08006d0e                strlen
 .text._deferredlazyseek
                0x08006d5c       0x40 C:/nxp/MCUXpressoIDE_25.6.136/ide/plugins/com.nxp.mcuxpresso.tools.win32_25.6.0.202501151204/tools/bin/../lib/gcc/arm-none-eabi/14.2.1/../../../../arm-none-eabi/lib/thumb/v8-m.main+fp/hard\libcr_c.a(_deferredlazyseek.o)
                0x08006d5c                _deferredlazyseek
 .text._fdopen  0x08006d9c       0x68 C:/nxp/MCUXpressoIDE_25.6.136/ide/plugins/com.nxp.mcuxpresso.tools.win32_25.6.0.202501151204/tools/bin/../lib/gcc/arm-none-eabi/14.2.1/../../../../arm-none-eabi/lib/thumb/v8-m.main+fp/hard\libcr_c.a(_fdopen.o)
                0x08006d9c                _fdopen
 .text._fflush  0x08006e04       0x52 C:/nxp/MCUXpressoIDE_25.6.136/ide/plugins/com.nxp.mcuxpresso.tools.win32_25.6.0.202501151204/tools/bin/../lib/gcc/arm-none-eabi/14.2.1/../../../../arm-none-eabi/lib/thumb/v8-m.main+fp/hard\libcr_c.a(_fflush.o)
                0x08006e04                _fflush
 .text.fclose   0x08006e56       0x58 C:/nxp/MCUXpressoIDE_25.6.136/ide/plugins/com.nxp.mcuxpresso.tools.win32_25.6.0.202501151204/tools/bin/../lib/gcc/arm-none-eabi/14.2.1/../../../../arm-none-eabi/lib/thumb/v8-m.main+fp/hard\libcr_c.a(fclose.o)
                0x08006e56                fclose
 .text.remove   0x08006eae       0x14 C:/nxp/MCUXpressoIDE_25.6.136/ide/plugins/com.nxp.mcuxpresso.tools.win32_25.6.0.202501151204/tools/bin/../lib/gcc/arm-none-eabi/14.2.1/../../../../arm-none-eabi/lib/thumb/v8-m.main+fp/hard\libcr_c.a(remove.o)
                0x08006eae                remove
 .text._do_fflush
                0x08006ec2       0x40 C:/nxp/MCUXpressoIDE_25.6.136/ide/plugins/com.nxp.mcuxpresso.tools.win32_25.6.0.202501151204/tools/bin/../lib/gcc/arm-none-eabi/14.2.1/../../../../arm-none-eabi/lib/thumb/v8-m.main+fp/hard\libcr_c.a(_do_fflush.o)
                0x08006ec2                _do_fflush
 .text.__aeabi_division_uldivmod
                0x08006f02      0x174 C:/nxp/MCUXpressoIDE_25.6.136/ide/plugins/com.nxp.mcuxpresso.tools.win32_25.6.0.202501151204/tools/bin/../lib/gcc/arm-none-eabi/14.2.1/thumb/v8-m.main+fp/hard\libcr_eabihelpers.a(division_64.o)
                0x08006f02                __aeabi_uldivmod
                0x08006f06                __bhs_ldivmod1
 .text.__aeabi_division_idiv0
                0x08007076        0x2 C:/nxp/MCUXpressoIDE_25.6.136/ide/plugins/com.nxp.mcuxpresso.tools.win32_25.6.0.202501151204/tools/bin/../lib/gcc/arm-none-eabi/14.2.1/thumb/v8-m.main+fp/hard\libcr_eabihelpers.a(division_idiv0.o)
                0x08007076                __aeabi_idiv0
 .text.__aeabi_memset_lowlevel
                0x08007078       0x32 C:/nxp/MCUXpressoIDE_25.6.136/ide/plugins/com.nxp.mcuxpresso.tools.win32_25.6.0.202501151204/tools/bin/../lib/gcc/arm-none-eabi/14.2.1/thumb/v8-m.main+fp/hard\libcr_eabihelpers.a(memcpy.o)
                0x08007078                __aeabi_lowlevel_memset
 .text.__sys_close
                0x080070aa        0x6 C:/nxp/MCUXpressoIDE_25.6.136/ide/plugins/com.nxp.mcuxpresso.tools.win32_25.6.0.202501151204/tools/bin/../lib/gcc/arm-none-eabi/14.2.1/../../../../arm-none-eabi/lib/thumb/v8-m.main+fp/hard\libcr_nohost_nf.a(__sys_close.o)
                0x080070aa                __sys_close
 .text.__sys_flen
                0x080070b0        0x6 C:/nxp/MCUXpressoIDE_25.6.136/ide/plugins/com.nxp.mcuxpresso.tools.win32_25.6.0.202501151204/tools/bin/../lib/gcc/arm-none-eabi/14.2.1/../../../../arm-none-eabi/lib/thumb/v8-m.main+fp/hard\libcr_nohost_nf.a(__sys_flen.o)
                0x080070b0                __sys_flen
 .text.__sys_istty
                0x080070b6        0x6 C:/nxp/MCUXpressoIDE_25.6.136/ide/plugins/com.nxp.mcuxpresso.tools.win32_25.6.0.202501151204/tools/bin/../lib/gcc/arm-none-eabi/14.2.1/../../../../arm-none-eabi/lib/thumb/v8-m.main+fp/hard\libcr_nohost_nf.a(__sys_istty.o)
                0x080070b6                __sys_istty
 .text.__sys_remove
                0x080070bc        0x6 C:/nxp/MCUXpressoIDE_25.6.136/ide/plugins/com.nxp.mcuxpresso.tools.win32_25.6.0.202501151204/tools/bin/../lib/gcc/arm-none-eabi/14.2.1/../../../../arm-none-eabi/lib/thumb/v8-m.main+fp/hard\libcr_nohost_nf.a(__sys_remove.o)
                0x080070bc                __sys_remove
 .text.__sys_seek
                0x080070c2        0x6 C:/nxp/MCUXpressoIDE_25.6.136/ide/plugins/com.nxp.mcuxpresso.tools.win32_25.6.0.202501151204/tools/bin/../lib/gcc/arm-none-eabi/14.2.1/../../../../arm-none-eabi/lib/thumb/v8-m.main+fp/hard\libcr_nohost_nf.a(__sys_seek.o)
                0x080070c2                __sys_seek
 .text.__sys_tmpnam
                0x080070c8        0x6 C:/nxp/MCUXpressoIDE_25.6.136/ide/plugins/com.nxp.mcuxpresso.tools.win32_25.6.0.202501151204/tools/bin/../lib/gcc/arm-none-eabi/14.2.1/../../../../arm-none-eabi/lib/thumb/v8-m.main+fp/hard\libcr_nohost_nf.a(__sys_tmpnam.o)
                0x080070c8                __sys_tmpnam
 .text.__sys_write
                0x080070ce        0x4 C:/nxp/MCUXpressoIDE_25.6.136/ide/plugins/com.nxp.mcuxpresso.tools.win32_25.6.0.202501151204/tools/bin/../lib/gcc/arm-none-eabi/14.2.1/../../../../arm-none-eabi/lib/thumb/v8-m.main+fp/hard\libcr_nohost_nf.a(__sys_write.o)
                0x080070ce                __sys_write
 *fill*         0x080070d2        0x6 ff
 .text.__sys_write.__stub
                0x080070d8       0x20 linker stubs
 *(SORT_BY_ALIGNMENT(.rodata) SORT_BY_ALIGNMENT(.rodata.*) SORT_BY_ALIGNMENT(.constdata) SORT_BY_ALIGNMENT(.constdata.*))
 *fill*         0x080070f8        0x0 ff
 .rodata.__assertion_failed.str1.4
                0x080070f8     0x13c7 ./utilities/fsl_assert.o
                                 0x14 (size before relaxing)
 *fill*         0x080084bf        0x1 ff
 .rodata        0x080084c0        0x2 ./source/spi_interrupt_b2b_transfer_master.o
 .rodata.ADS1298_SPI_Init.str1.4
                0x080084c2       0x1a ./source/spi_interrupt_b2b_transfer_master.o
 .rodata.ADS1298_WriteCommand.str1.4
                0x080084c2       0x17 ./source/spi_interrupt_b2b_transfer_master.o
 .rodata.ADS1298_Reset.str1.4
                0x080084c2       0x17 ./source/spi_interrupt_b2b_transfer_master.o
 .rodata.ADS1298_ReadRegister.str1.4
                0x080084c2       0x32 ./source/spi_interrupt_b2b_transfer_master.o
 .rodata.main.str1.4
                0x080084c2      0x10a ./source/spi_interrupt_b2b_transfer_master.o
 *fill*         0x080084c2        0x2 ff
 .rodata.s_avpllFreq
                0x080084c4       0x2c ./drivers/fsl_clock.o
 .rodata.s_avpllFreqOff
                0x080084f0       0x2c ./drivers/fsl_clock.o
 .rodata.s_avpllPostDiv
                0x0800851c       0x2c ./drivers/fsl_clock.o
 .rodata.s_avpllPostDiv0p5
                0x08008548       0x2c ./drivers/fsl_clock.o
 .rodata.CLOCK_DelayUs.str1.4
                0x08008574       0x94 ./drivers/fsl_clock.o
 .rodata.CLOCK_GetT3PllMciIrcClkFreq.str1.4
                0x08008574       0x18 ./drivers/fsl_clock.o
 .rodata.CLOCK_GetTcpuFvcoFreq.str1.4
                0x08008574       0x18 ./drivers/fsl_clock.o
 .rodata.CLOCK_EnableClock.str1.4
                0x08008574       0x18 ./drivers/fsl_clock.o
 .rodata.CLOCK_DisableClock.str1.4
                0x08008574       0x18 ./drivers/fsl_clock.o
 .rodata.CLOCK_GetFRGClock.str1.4
                0x08008574       0x18 ./drivers/fsl_clock.o
 .rodata.CLOCK_SetFRGClock.str1.4
                0x08008574       0x60 ./drivers/fsl_clock.o
 .rodata.CLOCK_GetFlexCommClkFreq.str1.4
                0x08008574       0x18 ./drivers/fsl_clock.o
 .rodata.CLOCK_CfgTcpuRefClk.str1.4
                0x08008574       0x19 ./drivers/fsl_clock.o
 .rodata.CLOCK_InitAvPll.str1.4
                0x08008574       0x18 ./drivers/fsl_clock.o
 .rodata.SDK_DelayAtLeastUs.str1.4
                0x08008574       0x2b ./drivers/fsl_common_arm.o
 .rodata.s_flexcommBaseAddrs
                0x08008574       0x14 ./drivers/fsl_flexcomm.o
 .rodata.s_flexcommClocks
                0x08008588       0x14 ./drivers/fsl_flexcomm.o
 .rodata.s_flexcommResets
                0x0800859c        0xa ./drivers/fsl_flexcomm.o
 .rodata.FLEXCOMM_GetInstance.str1.4
                0x080085a6       0x41 ./drivers/fsl_flexcomm.o
 .rodata.FLEXCOMM0_DriverIRQHandler.str1.4
                0x080085a6       0x3c ./drivers/fsl_flexcomm.o
 .rodata.FLEXCOMM1_DriverIRQHandler.str1.4
                0x080085a6       0x3c ./drivers/fsl_flexcomm.o
 .rodata.FLEXCOMM2_DriverIRQHandler.str1.4
                0x080085a6       0x3c ./drivers/fsl_flexcomm.o
 .rodata.FLEXCOMM3_DriverIRQHandler.str1.4
                0x080085a6       0x3c ./drivers/fsl_flexcomm.o
 .rodata.FLEXCOMM14_DriverIRQHandler.str1.4
                0x080085a6       0x3c ./drivers/fsl_flexcomm.o
 *fill*         0x080085a6        0x2 ff
 .rodata.s_gpioClockName
                0x080085a8        0x8 ./drivers/fsl_gpio.o
 .rodata.s_gpioResets
                0x080085b0        0x4 ./drivers/fsl_gpio.o
 .rodata.GPIO_EnablePortClock.str1.4
                0x080085b4       0x33 ./drivers/fsl_gpio.o
 .rodata.OCOTP_ReadSVC.str1.4
                0x080085b4       0x1e ./drivers/fsl_ocotp.o
 .rodata.OCOTP_ReadPackage.str1.4
                0x080085b4       0x1f ./drivers/fsl_ocotp.o
 .rodata.str1.4
                0x080085b4      0x23b ./drivers/fsl_power.o
 .rodata.s_droTable
                0x080085b4       0x13 ./drivers/fsl_power.o
 .rodata.POWER_GetThresholdParams.str1.4
                0x080085c7       0x60 ./drivers/fsl_power.o
 .rodata.POWER_SaveNvicState.str1.4
                0x080085c7       0x76 ./drivers/fsl_power.o
 .rodata.POWER_RestoreNvicState.str1.4
                0x080085c7       0x76 ./drivers/fsl_power.o
 .rodata.POWER_EnableWakeup.str1.4
                0x080085c7       0x24 ./drivers/fsl_power.o
 .rodata.POWER_InitVSensorThreshold.str1.4
                0x080085c7      0x31b ./drivers/fsl_power.o
 .rodata.Power_InitLoadGdetCfg.str1.4
                0x080085c7       0x62 ./drivers/fsl_power.o
 .rodata.POWER_InitVoltage.str1.4
                0x080085c7       0x46 ./drivers/fsl_power.o
 .rodata.POWER_TrimSvc.str1.4
                0x080085c7       0x39 ./drivers/fsl_power.o
 .rodata.RESET_SetPeripheralReset.str1.4
                0x080085c7       0x1e ./drivers/fsl_reset.o
 .rodata.RESET_ClearPeripheralReset.str1.4
                0x080085c7       0x1f ./drivers/fsl_reset.o
 .rodata.SPI_SetTransferDelay.str1.4
                0x080085c7       0x3f ./drivers/fsl_spi.o
 *fill*         0x080085c7        0x1 ff
 .rodata.s_spiBaseAddrs
                0x080085c8       0x14 ./drivers/fsl_spi.o
 .rodata.SPI_GetInstance.str1.4
                0x080085dc       0x37 ./drivers/fsl_spi.o
 .rodata.SPI_MasterGetDefaultConfig.str1.4
                0x080085dc       0x1f ./drivers/fsl_spi.o
 .rodata.SPI_MasterInit.str1.4
                0x080085dc       0x4d ./drivers/fsl_spi.o
 .rodata.SPI_MasterSetBaud.str1.4
                0x080085dc       0x51 ./drivers/fsl_spi.o
 .rodata.SPI_MasterTransferBlocking.str1.4
                0x080085dc       0x6a ./drivers/fsl_spi.o
 .rodata.USART_Init.str1.4
                0x080085dc       0x4f ./drivers/fsl_usart.o
 .rodata.USART_GetDefaultConfig.str1.4
                0x080085dc       0x21 ./drivers/fsl_usart.o
 .rodata.USART_SetBaudRate.str1.4
                0x080085dc       0x53 ./drivers/fsl_usart.o
 .rodata.USART_WriteBlocking.str1.4
                0x080085dc       0x36 ./drivers/fsl_usart.o
 .rodata.USART_ReadBlocking.str1.4
                0x080085dc       0x36 ./drivers/fsl_usart.o
 .rodata.s_UsartAdapterBase
                0x080085dc       0x14 ./component/uart/fsl_adapter_usart.o
 .rodata.HAL_UartInitCommon.str1.4
                0x080085f0       0xeb ./component/uart/fsl_adapter_usart.o
 .rodata.HAL_UartReceiveBlocking.str1.4
                0x080085f0       0x65 ./component/uart/fsl_adapter_usart.o
 .rodata.HAL_UartSendBlocking.str1.4
                0x080085f0       0x65 ./component/uart/fsl_adapter_usart.o
 .rodata        0x080085f0       0x24 ./board/board.o
 .rodata.ConfigSvcSensor.str1.4
                0x08008614       0x28 ./board/board.o
 .rodata.avpllConfig_BOARD_BootClockRUN
                0x08008614        0x3 ./board/clock_config.o
                0x08008614                avpllConfig_BOARD_BootClockRUN
 .rodata.IO_MUX_SetPinMux.str1.4
                0x08008617      0x12f ./board/pin_mux.o
 .rodata.IO_MUX_SetPinConfig.str1.4
                0x08008617       0x77 ./board/pin_mux.o
 *fill*         0x08008617        0x1 ff
 .rodata.__num_Ciob_streams
                0x08008618        0x4 C:/nxp/MCUXpressoIDE_25.6.136/ide/plugins/com.nxp.mcuxpresso.tools.win32_25.6.0.202501151204/tools/bin/../lib/gcc/arm-none-eabi/14.2.1/../../../../arm-none-eabi/lib/thumb/v8-m.main+fp/hard\libcr_nohost_nf.a(__ciob.o)
                0x08008618                __num_Ciob_streams
 .rodata._initio.str1.1
                0x0800861c        0x4 C:/nxp/MCUXpressoIDE_25.6.136/ide/plugins/com.nxp.mcuxpresso.tools.win32_25.6.0.202501151204/tools/bin/../lib/gcc/arm-none-eabi/14.2.1/../../../../arm-none-eabi/lib/thumb/v8-m.main+fp/hard\libcr_c.a(initio.o)
                0x08008620                        . = ALIGN (0x4)

.glue_7         0x08008620        0x0
 .glue_7        0x08008620        0x0 linker stubs

.glue_7t        0x08008620        0x0
 .glue_7t       0x08008620        0x0 linker stubs

.vfp11_veneer   0x08008620        0x0
 .vfp11_veneer  0x08008620        0x0 linker stubs

.v4_bx          0x08008620        0x0
 .v4_bx         0x08008620        0x0 linker stubs

.iplt           0x08008620        0x0
 .iplt          0x08008620        0x0 ./utilities/debug_console_lite/fsl_debug_console.o

.rel.dyn        0x08008620        0x0
 .rel.iplt      0x08008620        0x0 ./utilities/debug_console_lite/fsl_debug_console.o

.ARM.extab
 *(SORT_BY_ALIGNMENT(.ARM.extab*) SORT_BY_ALIGNMENT(.gnu.linkonce.armextab.*))

.ARM.exidx      0x08008620        0x0
                0x08008620                        __exidx_start = .
 *(SORT_BY_ALIGNMENT(.ARM.exidx*) SORT_BY_ALIGNMENT(.gnu.linkonce.armexidx.*))
                0x08008620                        __exidx_end = .
                0x08008620                        _etext = .

.uninit_RESERVED
                0x20000000        0x0
                0x20000000                        _start_uninit_RESERVED = .
 *(SORT_BY_ALIGNMENT(.bss.$RESERVED*))
                0x20000000                        . = ALIGN (0x4)
                0x20000000                        _end_uninit_RESERVED = .

.data           0x20000000      0xc24 load address 0x08008620
 FILL mask 0xff
                0x20000000                        _data = .
                [!provide]                        PROVIDE (__start_data_RAM = .)
                [!provide]                        PROVIDE (__start_data_SRAM = .)
 *(SORT_BY_ALIGNMENT(vtable))
 *(SORT_BY_ALIGNMENT(.ramfunc*))
 *(SORT_BY_ALIGNMENT(CodeQuickAccess))
 CodeQuickAccess
                0x20000000      0xa44 ./drivers/fsl_power.o
                0x20000000                POWER_SetSleepMode
                0x20000060                POWER_EnterPowerMode
                0x200000cc                POWER_DisableGDetVSensors
                0x20000248                POWER_EnableGDetVSensors
 CodeQuickAccess
                0x20000a44      0x1a0 ./board/board.o
                0x20000a44                BOARD_SetFlexspiClock
                0x20000acc                BOARD_DeinitFlash
                0x20000b24                BOARD_InitFlash
 *fill*         0x20000be4        0x4 ff
 CodeQuickAccess.__stub
                0x20000be8       0x38 linker stubs
 *(SORT_BY_ALIGNMENT(DataQuickAccess))
 *(SORT_BY_ALIGNMENT(RamFunction))
 *(SORT_BY_ALIGNMENT(.data*))
 .data.SystemCoreClock
                0x20000c20        0x4 ./device/system_RW612.o
                0x20000c20                SystemCoreClock
                0x20000c24                        . = ALIGN (0x4)
                0x20000c24                        _edata = .
                [!provide]                        PROVIDE (__end_data_RAM = .)
                [!provide]                        PROVIDE (__end_data_SRAM = .)

.igot.plt       0x20000c24        0x0 load address 0x08009244
 .igot.plt      0x20000c24        0x0 ./utilities/debug_console_lite/fsl_debug_console.o

.bss            0x20000c24      0x270
                0x20000c24                        _bss = .
                [!provide]                        PROVIDE (__start_bss_RAM = .)
                [!provide]                        PROVIDE (__start_bss_SRAM = .)
 *(SORT_BY_ALIGNMENT(.bss*))
 .bss.s_debugConsole
                0x20000c24       0x14 ./utilities/debug_console_lite/fsl_debug_console.o
 .bss.g_clkinFreq
                0x20000c38        0x4 ./drivers/fsl_clock.o
                0x20000c38                g_clkinFreq
 .bss.g_mclkinFreq
                0x20000c3c        0x4 ./drivers/fsl_clock.o
                0x20000c3c                g_mclkinFreq
 .bss.s_flexcommIrqHandler
                0x20000c40       0x14 ./drivers/fsl_flexcomm.o
 .bss.s_flexcommHandle
                0x20000c54       0x14 ./drivers/fsl_flexcomm.o
 .bss.s_flexspiHandle
                0x20000c68        0x4 ./drivers/fsl_flexspi.o
 .bss.s_flexspiIsr
                0x20000c6c        0x4 ./drivers/fsl_flexspi.o
 .bss.s_nvicContext
                0x20000c70       0xec ./drivers/fsl_power.o
 .bss.s_systickContext
                0x20000d5c        0x8 ./drivers/fsl_power.o
 .bss.s_clockContext
                0x20000d64        0x4 ./drivers/fsl_power.o
 .bss.s_gdetSensorContext
                0x20000d68       0x28 ./drivers/fsl_power.o
 .bss.s_captPulseCb
                0x20000d90        0x4 ./drivers/fsl_power.o
 .bss.s_captPulseCbParam
                0x20000d94        0x4 ./drivers/fsl_power.o
 .bss.s_preSwitch
                0x20000d98        0x4 ./drivers/fsl_power.o
 .bss.s_preSwitchParam
                0x20000d9c        0x4 ./drivers/fsl_power.o
 .bss.s_postSwitch
                0x20000da0        0x4 ./drivers/fsl_power.o
 .bss.s_postSwitchParam
                0x20000da4        0x4 ./drivers/fsl_power.o
 .bss.s_gdetCfgloadFunc
                0x20000da8        0x4 ./drivers/fsl_power.o
 .bss.s_gdetCfgData
                0x20000dac       0x1c ./drivers/fsl_power.o
 .bss.g_configs
                0x20000dc8        0xa ./drivers/fsl_spi.o
 *fill*         0x20000dd2        0x2 
 .bss.s_dummyData
                0x20000dd4        0x5 ./drivers/fsl_spi.o
                0x20000dd4                s_dummyData
 *fill*         0x20000dd9        0x3 
 .bss.errno     0x20000ddc        0x4 C:/nxp/MCUXpressoIDE_25.6.136/ide/plugins/com.nxp.mcuxpresso.tools.win32_25.6.0.202501151204/tools/bin/../lib/gcc/arm-none-eabi/14.2.1/../../../../arm-none-eabi/lib/thumb/v8-m.main+fp/hard\libcr_c.a(errno.o)
                0x20000ddc                errno
 .bss.__Ciob    0x20000de0       0xb4 C:/nxp/MCUXpressoIDE_25.6.136/ide/plugins/com.nxp.mcuxpresso.tools.win32_25.6.0.202501151204/tools/bin/../lib/gcc/arm-none-eabi/14.2.1/../../../../arm-none-eabi/lib/thumb/v8-m.main+fp/hard\libcr_nohost_nf.a(__ciob.o)
                0x20000de0                __Ciob
 *(SORT_BY_ALIGNMENT(COMMON))
                0x20000e94                        . = ALIGN (0x4)
                0x20000e94                        _ebss = .
                [!provide]                        PROVIDE (__end_bss_RAM = .)
                [!provide]                        PROVIDE (__end_bss_SRAM = .)
                [!provide]                        PROVIDE (end = .)

.noinit         0x20000e94        0x0
                0x20000e94                        _noinit = .
                [!provide]                        PROVIDE (__start_noinit_RAM = .)
                [!provide]                        PROVIDE (__start_noinit_SRAM = .)
 *(SORT_BY_ALIGNMENT(.noinit*))
                0x20000e94                        . = ALIGN (0x4)
                0x20000e94                        _end_noinit = .
                [!provide]                        PROVIDE (__end_noinit_RAM = .)
                [!provide]                        PROVIDE (__end_noinit_SRAM = .)
                0x00001000                        _HeapSize = 0x1000

.heap           0x20000e94     0x1000
                0x20000e94                        _pvHeapStart = .
                0x20001e94                        . = (. + _HeapSize)
 *fill*         0x20000e94     0x1000 
                0x20001e94                        . = ALIGN (0x4)
                0x20001e94                        _pvHeapLimit = .
                0x00001000                        _StackSize = 0x1000

.heap2stackfill
                0x20001e94     0x1000
                0x20002e94                        . = (. + _StackSize)
 *fill*         0x20001e94     0x1000 

.stack          0x2012f000        0x0
                0x2012f000                        _vStackBase = .
                0x2012f000                        . = ALIGN (0x4)
                0x20130000                        _vStackTop = (. + _StackSize)
                0x08001000                        _image_start = LOADADDR (.text)
                0x08009244                        _image_end = (LOADADDR (.data) + SIZEOF (.data))
                0x00008244                        _image_size = (_image_end - _image_start)
OUTPUT(flash_with_two_cs_pins.axf elf32-littlearm)
LOAD linker stubs

.debug_info     0x00000000    0x20def
 .debug_info    0x00000000      0xd1e ./utilities/debug_console_lite/fsl_debug_console.o
 .debug_info    0x00000d1e      0x1c9 ./utilities/fsl_assert.o
 .debug_info    0x00000ee7       0x24 ./utilities/fsl_memcpy.o
 .debug_info    0x00000f0b     0x11bf ./startup/startup_rw612.o
 .debug_info    0x000020ca       0x3c ./source/semihost_hardfault.o
 .debug_info    0x00002106      0xbae ./source/spi_interrupt_b2b_transfer_master.o
 .debug_info    0x00002cb4      0x83f ./flash_config/flash_config.o
 .debug_info    0x000034f3     0x34d2 ./drivers/fsl_clock.o
 .debug_info    0x000069c5      0x38b ./drivers/fsl_common_arm.o
 .debug_info    0x00006d50      0xf18 ./drivers/fsl_flexcomm.o
 .debug_info    0x00007c68     0x2784 ./drivers/fsl_flexspi.o
 .debug_info    0x0000a3ec      0xe66 ./drivers/fsl_gpio.o
 .debug_info    0x0000b252      0xe10 ./drivers/fsl_ocotp.o
 .debug_info    0x0000c062     0x4c1b ./drivers/fsl_power.o
 .debug_info    0x00010c7d      0x48e ./drivers/fsl_reset.o
 .debug_info    0x0001110b     0x1c03 ./drivers/fsl_spi.o
 .debug_info    0x00012d0e     0x1c99 ./drivers/fsl_usart.o
 .debug_info    0x000149a7     0x1569 ./device/system_RW612.o
 .debug_info    0x00015f10      0xdba ./component/uart/fsl_adapter_usart.o
 .debug_info    0x00016cca      0xf1e ./component/els_pkc/src/comps/mcuxClEls/src/mcuxClEls_Common.o
 .debug_info    0x00017be8      0x68f ./component/els_pkc/src/comps/mcuxClEls/src/mcuxClEls_GlitchDetector.o
 .debug_info    0x00018277     0x37db ./board/board.o
 .debug_info    0x0001ba52     0x1788 ./board/clock_config.o
 .debug_info    0x0001d1da      0x4f6 ./board/hardware_init.o
 .debug_info    0x0001d6d0      0xda0 ./board/pin_mux.o
 .debug_info    0x0001e470       0x85 C:/nxp/MCUXpressoIDE_25.6.136/ide/plugins/com.nxp.mcuxpresso.tools.win32_25.6.0.202501151204/tools/bin/../lib/gcc/arm-none-eabi/14.2.1/../../../../arm-none-eabi/lib/thumb/v8-m.main+fp/hard\libcr_nohost_nf.a(_cr__main.o)
 .debug_info    0x0001e4f5       0xfc C:/nxp/MCUXpressoIDE_25.6.136/ide/plugins/com.nxp.mcuxpresso.tools.win32_25.6.0.202501151204/tools/bin/../lib/gcc/arm-none-eabi/14.2.1/../../../../arm-none-eabi/lib/thumb/v8-m.main+fp/hard\libcr_c.a(memset.o)
 .debug_info    0x0001e5f1      0x520 C:/nxp/MCUXpressoIDE_25.6.136/ide/plugins/com.nxp.mcuxpresso.tools.win32_25.6.0.202501151204/tools/bin/../lib/gcc/arm-none-eabi/14.2.1/../../../../arm-none-eabi/lib/thumb/v8-m.main+fp/hard\libcr_c.a(alloc.o)
 .debug_info    0x0001eb11       0x44 C:/nxp/MCUXpressoIDE_25.6.136/ide/plugins/com.nxp.mcuxpresso.tools.win32_25.6.0.202501151204/tools/bin/../lib/gcc/arm-none-eabi/14.2.1/../../../../arm-none-eabi/lib/thumb/v8-m.main+fp/hard\libcr_c.a(errno.o)
 .debug_info    0x0001eb55      0x339 C:/nxp/MCUXpressoIDE_25.6.136/ide/plugins/com.nxp.mcuxpresso.tools.win32_25.6.0.202501151204/tools/bin/../lib/gcc/arm-none-eabi/14.2.1/../../../../arm-none-eabi/lib/thumb/v8-m.main+fp/hard\libcr_c.a(initio.o)
 .debug_info    0x0001ee8e      0x1fd C:/nxp/MCUXpressoIDE_25.6.136/ide/plugins/com.nxp.mcuxpresso.tools.win32_25.6.0.202501151204/tools/bin/../lib/gcc/arm-none-eabi/14.2.1/../../../../arm-none-eabi/lib/thumb/v8-m.main+fp/hard\libcr_c.a(setvbuf.o)
 .debug_info    0x0001f08b       0xe1 C:/nxp/MCUXpressoIDE_25.6.136/ide/plugins/com.nxp.mcuxpresso.tools.win32_25.6.0.202501151204/tools/bin/../lib/gcc/arm-none-eabi/14.2.1/../../../../arm-none-eabi/lib/thumb/v8-m.main+fp/hard\libcr_c.a(strlen.o)
 .debug_info    0x0001f16c      0x396 C:/nxp/MCUXpressoIDE_25.6.136/ide/plugins/com.nxp.mcuxpresso.tools.win32_25.6.0.202501151204/tools/bin/../lib/gcc/arm-none-eabi/14.2.1/../../../../arm-none-eabi/lib/thumb/v8-m.main+fp/hard\libcr_c.a(_deferredlazyseek.o)
 .debug_info    0x0001f502      0x24b C:/nxp/MCUXpressoIDE_25.6.136/ide/plugins/com.nxp.mcuxpresso.tools.win32_25.6.0.202501151204/tools/bin/../lib/gcc/arm-none-eabi/14.2.1/../../../../arm-none-eabi/lib/thumb/v8-m.main+fp/hard\libcr_c.a(_fdopen.o)
 .debug_info    0x0001f74d      0x1e3 C:/nxp/MCUXpressoIDE_25.6.136/ide/plugins/com.nxp.mcuxpresso.tools.win32_25.6.0.202501151204/tools/bin/../lib/gcc/arm-none-eabi/14.2.1/../../../../arm-none-eabi/lib/thumb/v8-m.main+fp/hard\libcr_c.a(_fflush.o)
 .debug_info    0x0001f930      0x289 C:/nxp/MCUXpressoIDE_25.6.136/ide/plugins/com.nxp.mcuxpresso.tools.win32_25.6.0.202501151204/tools/bin/../lib/gcc/arm-none-eabi/14.2.1/../../../../arm-none-eabi/lib/thumb/v8-m.main+fp/hard\libcr_c.a(_writebuf.o)
 .debug_info    0x0001fbb9      0x31e C:/nxp/MCUXpressoIDE_25.6.136/ide/plugins/com.nxp.mcuxpresso.tools.win32_25.6.0.202501151204/tools/bin/../lib/gcc/arm-none-eabi/14.2.1/../../../../arm-none-eabi/lib/thumb/v8-m.main+fp/hard\libcr_c.a(fclose.o)
 .debug_info    0x0001fed7      0x209 C:/nxp/MCUXpressoIDE_25.6.136/ide/plugins/com.nxp.mcuxpresso.tools.win32_25.6.0.202501151204/tools/bin/../lib/gcc/arm-none-eabi/14.2.1/../../../../arm-none-eabi/lib/thumb/v8-m.main+fp/hard\libcr_c.a(fflush.o)
 .debug_info    0x000200e0      0x276 C:/nxp/MCUXpressoIDE_25.6.136/ide/plugins/com.nxp.mcuxpresso.tools.win32_25.6.0.202501151204/tools/bin/../lib/gcc/arm-none-eabi/14.2.1/../../../../arm-none-eabi/lib/thumb/v8-m.main+fp/hard\libcr_c.a(fseek.o)
 .debug_info    0x00020356      0x197 C:/nxp/MCUXpressoIDE_25.6.136/ide/plugins/com.nxp.mcuxpresso.tools.win32_25.6.0.202501151204/tools/bin/../lib/gcc/arm-none-eabi/14.2.1/../../../../arm-none-eabi/lib/thumb/v8-m.main+fp/hard\libcr_c.a(ftell.o)
 .debug_info    0x000204ed      0x1d7 C:/nxp/MCUXpressoIDE_25.6.136/ide/plugins/com.nxp.mcuxpresso.tools.win32_25.6.0.202501151204/tools/bin/../lib/gcc/arm-none-eabi/14.2.1/../../../../arm-none-eabi/lib/thumb/v8-m.main+fp/hard\libcr_c.a(remove.o)
 .debug_info    0x000206c4      0x23a C:/nxp/MCUXpressoIDE_25.6.136/ide/plugins/com.nxp.mcuxpresso.tools.win32_25.6.0.202501151204/tools/bin/../lib/gcc/arm-none-eabi/14.2.1/../../../../arm-none-eabi/lib/thumb/v8-m.main+fp/hard\libcr_c.a(_do_fflush.o)
 .debug_info    0x000208fe      0x18b C:/nxp/MCUXpressoIDE_25.6.136/ide/plugins/com.nxp.mcuxpresso.tools.win32_25.6.0.202501151204/tools/bin/../lib/gcc/arm-none-eabi/14.2.1/../../../../arm-none-eabi/lib/thumb/v8-m.main+fp/hard\libcr_nohost_nf.a(__ciob.o)
 .debug_info    0x00020a89       0x6a C:/nxp/MCUXpressoIDE_25.6.136/ide/plugins/com.nxp.mcuxpresso.tools.win32_25.6.0.202501151204/tools/bin/../lib/gcc/arm-none-eabi/14.2.1/../../../../arm-none-eabi/lib/thumb/v8-m.main+fp/hard\libcr_nohost_nf.a(__sys_close.o)
 .debug_info    0x00020af3       0x6a C:/nxp/MCUXpressoIDE_25.6.136/ide/plugins/com.nxp.mcuxpresso.tools.win32_25.6.0.202501151204/tools/bin/../lib/gcc/arm-none-eabi/14.2.1/../../../../arm-none-eabi/lib/thumb/v8-m.main+fp/hard\libcr_nohost_nf.a(__sys_flen.o)
 .debug_info    0x00020b5d       0x6a C:/nxp/MCUXpressoIDE_25.6.136/ide/plugins/com.nxp.mcuxpresso.tools.win32_25.6.0.202501151204/tools/bin/../lib/gcc/arm-none-eabi/14.2.1/../../../../arm-none-eabi/lib/thumb/v8-m.main+fp/hard\libcr_nohost_nf.a(__sys_istty.o)
 .debug_info    0x00020bc7       0x8a C:/nxp/MCUXpressoIDE_25.6.136/ide/plugins/com.nxp.mcuxpresso.tools.win32_25.6.0.202501151204/tools/bin/../lib/gcc/arm-none-eabi/14.2.1/../../../../arm-none-eabi/lib/thumb/v8-m.main+fp/hard\libcr_nohost_nf.a(__sys_remove.o)
 .debug_info    0x00020c51       0x78 C:/nxp/MCUXpressoIDE_25.6.136/ide/plugins/com.nxp.mcuxpresso.tools.win32_25.6.0.202501151204/tools/bin/../lib/gcc/arm-none-eabi/14.2.1/../../../../arm-none-eabi/lib/thumb/v8-m.main+fp/hard\libcr_nohost_nf.a(__sys_seek.o)
 .debug_info    0x00020cc9       0x93 C:/nxp/MCUXpressoIDE_25.6.136/ide/plugins/com.nxp.mcuxpresso.tools.win32_25.6.0.202501151204/tools/bin/../lib/gcc/arm-none-eabi/14.2.1/../../../../arm-none-eabi/lib/thumb/v8-m.main+fp/hard\libcr_nohost_nf.a(__sys_tmpnam.o)
 .debug_info    0x00020d5c       0x93 C:/nxp/MCUXpressoIDE_25.6.136/ide/plugins/com.nxp.mcuxpresso.tools.win32_25.6.0.202501151204/tools/bin/../lib/gcc/arm-none-eabi/14.2.1/../../../../arm-none-eabi/lib/thumb/v8-m.main+fp/hard\libcr_nohost_nf.a(__sys_write.o)

.debug_abbrev   0x00000000     0x4c26
 .debug_abbrev  0x00000000      0x256 ./utilities/debug_console_lite/fsl_debug_console.o
 .debug_abbrev  0x00000256      0x114 ./utilities/fsl_assert.o
 .debug_abbrev  0x0000036a       0x14 ./utilities/fsl_memcpy.o
 .debug_abbrev  0x0000037e      0x15f ./startup/startup_rw612.o
 .debug_abbrev  0x000004dd       0x31 ./source/semihost_hardfault.o
 .debug_abbrev  0x0000050e      0x264 ./source/spi_interrupt_b2b_transfer_master.o
 .debug_abbrev  0x00000772       0xf3 ./flash_config/flash_config.o
 .debug_abbrev  0x00000865      0x457 ./drivers/fsl_clock.o
 .debug_abbrev  0x00000cbc      0x16a ./drivers/fsl_common_arm.o
 .debug_abbrev  0x00000e26      0x272 ./drivers/fsl_flexcomm.o
 .debug_abbrev  0x00001098      0x39c ./drivers/fsl_flexspi.o
 .debug_abbrev  0x00001434      0x24e ./drivers/fsl_gpio.o
 .debug_abbrev  0x00001682      0x296 ./drivers/fsl_ocotp.o
 .debug_abbrev  0x00001918      0x4c2 ./drivers/fsl_power.o
 .debug_abbrev  0x00001dda      0x123 ./drivers/fsl_reset.o
 .debug_abbrev  0x00001efd      0x367 ./drivers/fsl_spi.o
 .debug_abbrev  0x00002264      0x410 ./drivers/fsl_usart.o
 .debug_abbrev  0x00002674      0x1fe ./device/system_RW612.o
 .debug_abbrev  0x00002872      0x214 ./component/uart/fsl_adapter_usart.o
 .debug_abbrev  0x00002a86      0x268 ./component/els_pkc/src/comps/mcuxClEls/src/mcuxClEls_Common.o
 .debug_abbrev  0x00002cee      0x13e ./component/els_pkc/src/comps/mcuxClEls/src/mcuxClEls_GlitchDetector.o
 .debug_abbrev  0x00002e2c      0x3d2 ./board/board.o
 .debug_abbrev  0x000031fe      0x1c3 ./board/clock_config.o
 .debug_abbrev  0x000033c1       0xb5 ./board/hardware_init.o
 .debug_abbrev  0x00003476      0x201 ./board/pin_mux.o
 .debug_abbrev  0x00003677       0x70 C:/nxp/MCUXpressoIDE_25.6.136/ide/plugins/com.nxp.mcuxpresso.tools.win32_25.6.0.202501151204/tools/bin/../lib/gcc/arm-none-eabi/14.2.1/../../../../arm-none-eabi/lib/thumb/v8-m.main+fp/hard\libcr_nohost_nf.a(_cr__main.o)
 .debug_abbrev  0x000036e7       0xa8 C:/nxp/MCUXpressoIDE_25.6.136/ide/plugins/com.nxp.mcuxpresso.tools.win32_25.6.0.202501151204/tools/bin/../lib/gcc/arm-none-eabi/14.2.1/../../../../arm-none-eabi/lib/thumb/v8-m.main+fp/hard\libcr_c.a(memset.o)
 .debug_abbrev  0x0000378f      0x284 C:/nxp/MCUXpressoIDE_25.6.136/ide/plugins/com.nxp.mcuxpresso.tools.win32_25.6.0.202501151204/tools/bin/../lib/gcc/arm-none-eabi/14.2.1/../../../../arm-none-eabi/lib/thumb/v8-m.main+fp/hard\libcr_c.a(alloc.o)
 .debug_abbrev  0x00003a13       0x44 C:/nxp/MCUXpressoIDE_25.6.136/ide/plugins/com.nxp.mcuxpresso.tools.win32_25.6.0.202501151204/tools/bin/../lib/gcc/arm-none-eabi/14.2.1/../../../../arm-none-eabi/lib/thumb/v8-m.main+fp/hard\libcr_c.a(errno.o)
 .debug_abbrev  0x00003a57      0x169 C:/nxp/MCUXpressoIDE_25.6.136/ide/plugins/com.nxp.mcuxpresso.tools.win32_25.6.0.202501151204/tools/bin/../lib/gcc/arm-none-eabi/14.2.1/../../../../arm-none-eabi/lib/thumb/v8-m.main+fp/hard\libcr_c.a(initio.o)
 .debug_abbrev  0x00003bc0       0xe1 C:/nxp/MCUXpressoIDE_25.6.136/ide/plugins/com.nxp.mcuxpresso.tools.win32_25.6.0.202501151204/tools/bin/../lib/gcc/arm-none-eabi/14.2.1/../../../../arm-none-eabi/lib/thumb/v8-m.main+fp/hard\libcr_c.a(setvbuf.o)
 .debug_abbrev  0x00003ca1       0xa7 C:/nxp/MCUXpressoIDE_25.6.136/ide/plugins/com.nxp.mcuxpresso.tools.win32_25.6.0.202501151204/tools/bin/../lib/gcc/arm-none-eabi/14.2.1/../../../../arm-none-eabi/lib/thumb/v8-m.main+fp/hard\libcr_c.a(strlen.o)
 .debug_abbrev  0x00003d48      0x18e C:/nxp/MCUXpressoIDE_25.6.136/ide/plugins/com.nxp.mcuxpresso.tools.win32_25.6.0.202501151204/tools/bin/../lib/gcc/arm-none-eabi/14.2.1/../../../../arm-none-eabi/lib/thumb/v8-m.main+fp/hard\libcr_c.a(_deferredlazyseek.o)
 .debug_abbrev  0x00003ed6      0x119 C:/nxp/MCUXpressoIDE_25.6.136/ide/plugins/com.nxp.mcuxpresso.tools.win32_25.6.0.202501151204/tools/bin/../lib/gcc/arm-none-eabi/14.2.1/../../../../arm-none-eabi/lib/thumb/v8-m.main+fp/hard\libcr_c.a(_fdopen.o)
 .debug_abbrev  0x00003fef       0xf1 C:/nxp/MCUXpressoIDE_25.6.136/ide/plugins/com.nxp.mcuxpresso.tools.win32_25.6.0.202501151204/tools/bin/../lib/gcc/arm-none-eabi/14.2.1/../../../../arm-none-eabi/lib/thumb/v8-m.main+fp/hard\libcr_c.a(_fflush.o)
 .debug_abbrev  0x000040e0      0x126 C:/nxp/MCUXpressoIDE_25.6.136/ide/plugins/com.nxp.mcuxpresso.tools.win32_25.6.0.202501151204/tools/bin/../lib/gcc/arm-none-eabi/14.2.1/../../../../arm-none-eabi/lib/thumb/v8-m.main+fp/hard\libcr_c.a(_writebuf.o)
 .debug_abbrev  0x00004206      0x158 C:/nxp/MCUXpressoIDE_25.6.136/ide/plugins/com.nxp.mcuxpresso.tools.win32_25.6.0.202501151204/tools/bin/../lib/gcc/arm-none-eabi/14.2.1/../../../../arm-none-eabi/lib/thumb/v8-m.main+fp/hard\libcr_c.a(fclose.o)
 .debug_abbrev  0x0000435e      0x125 C:/nxp/MCUXpressoIDE_25.6.136/ide/plugins/com.nxp.mcuxpresso.tools.win32_25.6.0.202501151204/tools/bin/../lib/gcc/arm-none-eabi/14.2.1/../../../../arm-none-eabi/lib/thumb/v8-m.main+fp/hard\libcr_c.a(fflush.o)
 .debug_abbrev  0x00004483      0x11b C:/nxp/MCUXpressoIDE_25.6.136/ide/plugins/com.nxp.mcuxpresso.tools.win32_25.6.0.202501151204/tools/bin/../lib/gcc/arm-none-eabi/14.2.1/../../../../arm-none-eabi/lib/thumb/v8-m.main+fp/hard\libcr_c.a(fseek.o)
 .debug_abbrev  0x0000459e       0xc2 C:/nxp/MCUXpressoIDE_25.6.136/ide/plugins/com.nxp.mcuxpresso.tools.win32_25.6.0.202501151204/tools/bin/../lib/gcc/arm-none-eabi/14.2.1/../../../../arm-none-eabi/lib/thumb/v8-m.main+fp/hard\libcr_c.a(ftell.o)
 .debug_abbrev  0x00004660       0xfb C:/nxp/MCUXpressoIDE_25.6.136/ide/plugins/com.nxp.mcuxpresso.tools.win32_25.6.0.202501151204/tools/bin/../lib/gcc/arm-none-eabi/14.2.1/../../../../arm-none-eabi/lib/thumb/v8-m.main+fp/hard\libcr_c.a(remove.o)
 .debug_abbrev  0x0000475b      0x12c C:/nxp/MCUXpressoIDE_25.6.136/ide/plugins/com.nxp.mcuxpresso.tools.win32_25.6.0.202501151204/tools/bin/../lib/gcc/arm-none-eabi/14.2.1/../../../../arm-none-eabi/lib/thumb/v8-m.main+fp/hard\libcr_c.a(_do_fflush.o)
 .debug_abbrev  0x00004887       0xb5 C:/nxp/MCUXpressoIDE_25.6.136/ide/plugins/com.nxp.mcuxpresso.tools.win32_25.6.0.202501151204/tools/bin/../lib/gcc/arm-none-eabi/14.2.1/../../../../arm-none-eabi/lib/thumb/v8-m.main+fp/hard\libcr_nohost_nf.a(__ciob.o)
 .debug_abbrev  0x0000493c       0x5c C:/nxp/MCUXpressoIDE_25.6.136/ide/plugins/com.nxp.mcuxpresso.tools.win32_25.6.0.202501151204/tools/bin/../lib/gcc/arm-none-eabi/14.2.1/../../../../arm-none-eabi/lib/thumb/v8-m.main+fp/hard\libcr_nohost_nf.a(__sys_close.o)
 .debug_abbrev  0x00004998       0x5c C:/nxp/MCUXpressoIDE_25.6.136/ide/plugins/com.nxp.mcuxpresso.tools.win32_25.6.0.202501151204/tools/bin/../lib/gcc/arm-none-eabi/14.2.1/../../../../arm-none-eabi/lib/thumb/v8-m.main+fp/hard\libcr_nohost_nf.a(__sys_flen.o)
 .debug_abbrev  0x000049f4       0x5c C:/nxp/MCUXpressoIDE_25.6.136/ide/plugins/com.nxp.mcuxpresso.tools.win32_25.6.0.202501151204/tools/bin/../lib/gcc/arm-none-eabi/14.2.1/../../../../arm-none-eabi/lib/thumb/v8-m.main+fp/hard\libcr_nohost_nf.a(__sys_istty.o)
 .debug_abbrev  0x00004a50       0x7d C:/nxp/MCUXpressoIDE_25.6.136/ide/plugins/com.nxp.mcuxpresso.tools.win32_25.6.0.202501151204/tools/bin/../lib/gcc/arm-none-eabi/14.2.1/../../../../arm-none-eabi/lib/thumb/v8-m.main+fp/hard\libcr_nohost_nf.a(__sys_remove.o)
 .debug_abbrev  0x00004acd       0x6d C:/nxp/MCUXpressoIDE_25.6.136/ide/plugins/com.nxp.mcuxpresso.tools.win32_25.6.0.202501151204/tools/bin/../lib/gcc/arm-none-eabi/14.2.1/../../../../arm-none-eabi/lib/thumb/v8-m.main+fp/hard\libcr_nohost_nf.a(__sys_seek.o)
 .debug_abbrev  0x00004b3a       0x76 C:/nxp/MCUXpressoIDE_25.6.136/ide/plugins/com.nxp.mcuxpresso.tools.win32_25.6.0.202501151204/tools/bin/../lib/gcc/arm-none-eabi/14.2.1/../../../../arm-none-eabi/lib/thumb/v8-m.main+fp/hard\libcr_nohost_nf.a(__sys_tmpnam.o)
 .debug_abbrev  0x00004bb0       0x76 C:/nxp/MCUXpressoIDE_25.6.136/ide/plugins/com.nxp.mcuxpresso.tools.win32_25.6.0.202501151204/tools/bin/../lib/gcc/arm-none-eabi/14.2.1/../../../../arm-none-eabi/lib/thumb/v8-m.main+fp/hard\libcr_nohost_nf.a(__sys_write.o)

.debug_aranges  0x00000000     0x1488
 .debug_aranges
                0x00000000       0x78 ./utilities/debug_console_lite/fsl_debug_console.o
 .debug_aranges
                0x00000078       0x28 ./utilities/fsl_assert.o