Archive member included to satisfy reference by file (symbol)

C:/nxp/MCUXpressoIDE_25.6.136/ide/plugins/com.nxp.mcuxpresso.tools.win32_25.6.0.202501151204/tools/bin/../lib/gcc/arm-none-eabi/14.2.1/../../../../arm-none-eabi/lib/thumb/v8-m.main+fp/hard\libcr_nohost_nf.a(_cr__main.o)
                              ./startup/startup_rw612.o (__main)
C:/nxp/MCUXpressoIDE_25.6.136/ide/plugins/com.nxp.mcuxpresso.tools.win32_25.6.0.202501151204/tools/bin/../lib/gcc/arm-none-eabi/14.2.1/../../../../arm-none-eabi/lib/thumb/v8-m.main+fp/hard\libcr_c.a(memset.o)
                              ./drivers/fsl_cache.o (memset)
C:/nxp/MCUXpressoIDE_25.6.136/ide/plugins/com.nxp.mcuxpresso.tools.win32_25.6.0.202501151204/tools/bin/../lib/gcc/arm-none-eabi/14.2.1/../../../../arm-none-eabi/lib/thumb/v8-m.main+fp/hard\libcr_c.a(alloc.o)
                              ./drivers/fsl_common.o (malloc)
C:/nxp/MCUXpressoIDE_25.6.136/ide/plugins/com.nxp.mcuxpresso.tools.win32_25.6.0.202501151204/tools/bin/../lib/gcc/arm-none-eabi/14.2.1/../../../../arm-none-eabi/lib/thumb/v8-m.main+fp/hard\libcr_c.a(errno.o)
                              ./utilities/str/fsl_str.o (errno)
C:/nxp/MCUXpressoIDE_25.6.136/ide/plugins/com.nxp.mcuxpresso.tools.win32_25.6.0.202501151204/tools/bin/../lib/gcc/arm-none-eabi/14.2.1/../../../../arm-none-eabi/lib/thumb/v8-m.main+fp/hard\libcr_c.a(initio.o)
                              C:/nxp/MCUXpressoIDE_25.6.136/ide/plugins/com.nxp.mcuxpresso.tools.win32_25.6.0.202501151204/tools/bin/../lib/gcc/arm-none-eabi/14.2.1/../../../../arm-none-eabi/lib/thumb/v8-m.main+fp/hard\libcr_nohost_nf.a(_cr__main.o) (_initio)
C:/nxp/MCUXpressoIDE_25.6.136/ide/plugins/com.nxp.mcuxpresso.tools.win32_25.6.0.202501151204/tools/bin/../lib/gcc/arm-none-eabi/14.2.1/../../../../arm-none-eabi/lib/thumb/v8-m.main+fp/hard\libcr_c.a(scanf.o)
                              ./utilities/str/fsl_str.o (strtoul)
C:/nxp/MCUXpressoIDE_25.6.136/ide/plugins/com.nxp.mcuxpresso.tools.win32_25.6.0.202501151204/tools/bin/../lib/gcc/arm-none-eabi/14.2.1/../../../../arm-none-eabi/lib/thumb/v8-m.main+fp/hard\libcr_c.a(setvbuf.o)
                              C:/nxp/MCUXpressoIDE_25.6.136/ide/plugins/com.nxp.mcuxpresso.tools.win32_25.6.0.202501151204/tools/bin/../lib/gcc/arm-none-eabi/14.2.1/../../../../arm-none-eabi/lib/thumb/v8-m.main+fp/hard\libcr_c.a(initio.o) (setvbuf)
C:/nxp/MCUXpressoIDE_25.6.136/ide/plugins/com.nxp.mcuxpresso.tools.win32_25.6.0.202501151204/tools/bin/../lib/gcc/arm-none-eabi/14.2.1/../../../../arm-none-eabi/lib/thumb/v8-m.main+fp/hard\libcr_c.a(strlen.o)
                              ./utilities/str/fsl_str.o (strlen)
C:/nxp/MCUXpressoIDE_25.6.136/ide/plugins/com.nxp.mcuxpresso.tools.win32_25.6.0.202501151204/tools/bin/../lib/gcc/arm-none-eabi/14.2.1/../../../../arm-none-eabi/lib/thumb/v8-m.main+fp/hard\libcr_c.a(ungetc.o)
                              C:/nxp/MCUXpressoIDE_25.6.136/ide/plugins/com.nxp.mcuxpresso.tools.win32_25.6.0.202501151204/tools/bin/../lib/gcc/arm-none-eabi/14.2.1/../../../../arm-none-eabi/lib/thumb/v8-m.main+fp/hard\libcr_c.a(scanf.o) (ungetc)
C:/nxp/MCUXpressoIDE_25.6.136/ide/plugins/com.nxp.mcuxpresso.tools.win32_25.6.0.202501151204/tools/bin/../lib/gcc/arm-none-eabi/14.2.1/../../../../arm-none-eabi/lib/thumb/v8-m.main+fp/hard\libcr_c.a(__fillbuf.o)
                              C:/nxp/MCUXpressoIDE_25.6.136/ide/plugins/com.nxp.mcuxpresso.tools.win32_25.6.0.202501151204/tools/bin/../lib/gcc/arm-none-eabi/14.2.1/../../../../arm-none-eabi/lib/thumb/v8-m.main+fp/hard\libcr_c.a(scanf.o) (__filbuf)
C:/nxp/MCUXpressoIDE_25.6.136/ide/plugins/com.nxp.mcuxpresso.tools.win32_25.6.0.202501151204/tools/bin/../lib/gcc/arm-none-eabi/14.2.1/../../../../arm-none-eabi/lib/thumb/v8-m.main+fp/hard\libcr_c.a(__init_alloc.o)
                              C:/nxp/MCUXpressoIDE_25.6.136/ide/plugins/com.nxp.mcuxpresso.tools.win32_25.6.0.202501151204/tools/bin/../lib/gcc/arm-none-eabi/14.2.1/../../../../arm-none-eabi/lib/thumb/v8-m.main+fp/hard\libcr_c.a(alloc.o) (__heaps)
C:/nxp/MCUXpressoIDE_25.6.136/ide/plugins/com.nxp.mcuxpresso.tools.win32_25.6.0.202501151204/tools/bin/../lib/gcc/arm-none-eabi/14.2.1/../../../../arm-none-eabi/lib/thumb/v8-m.main+fp/hard\libcr_c.a(_cr_sbrk.o)
                              C:/nxp/MCUXpressoIDE_25.6.136/ide/plugins/com.nxp.mcuxpresso.tools.win32_25.6.0.202501151204/tools/bin/../lib/gcc/arm-none-eabi/14.2.1/../../../../arm-none-eabi/lib/thumb/v8-m.main+fp/hard\libcr_c.a(alloc.o) (_sbrk)
C:/nxp/MCUXpressoIDE_25.6.136/ide/plugins/com.nxp.mcuxpresso.tools.win32_25.6.0.202501151204/tools/bin/../lib/gcc/arm-none-eabi/14.2.1/../../../../arm-none-eabi/lib/thumb/v8-m.main+fp/hard\libcr_c.a(_deferredlazyseek.o)
                              C:/nxp/MCUXpressoIDE_25.6.136/ide/plugins/com.nxp.mcuxpresso.tools.win32_25.6.0.202501151204/tools/bin/../lib/gcc/arm-none-eabi/14.2.1/../../../../arm-none-eabi/lib/thumb/v8-m.main+fp/hard\libcr_c.a(__fillbuf.o) (_deferredlazyseek)
[...]
Memory Configuration

Name             Origin             Length             Attributes
QSPI_FLASH       0x08000000         0x00800000         xr
SRAM             0x20000000         0x00130000         xrw
*default*        0x00000000         0xffffffff

Linker script and memory map

LOAD ./utilities/str/fsl_str.o
LOAD ./utilities/debug_console_lite/fsl_debug_console.o
LOAD ./utilities/fsl_assert.o
LOAD ./utilities/fsl_memcpy.o
LOAD ./startup/startup_rw612.o
LOAD ./source/semihost_hardfault.o
LOAD ./source/spi_interrupt_b2b_transfer_master.o
LOAD ./flash_config/flash_config.o
LOAD ./drivers/fsl_cache.o
LOAD ./drivers/fsl_clock.o
LOAD ./drivers/fsl_common.o
LOAD ./drivers/fsl_common_arm.o
LOAD ./drivers/fsl_flexcomm.o
LOAD ./drivers/fsl_flexspi.o
LOAD ./drivers/fsl_gpio.o
LOAD ./drivers/fsl_i2s_bridge.o
LOAD ./drivers/fsl_inputmux.o
LOAD ./drivers/fsl_iped.o
LOAD ./drivers/fsl_ocotp.o
LOAD ./drivers/fsl_power.o
LOAD ./drivers/fsl_reset.o
LOAD ./drivers/fsl_spi.o
LOAD ./drivers/fsl_usart.o
LOAD ./device/system_RW612.o
LOAD ./component/uart/fsl_adapter_usart.o
LOAD ./component/els_pkc/src/comps/mcuxCsslParamIntegrity/src/mcuxCsslParamIntegrity32.o
LOAD ./component/els_pkc/src/comps/mcuxCsslMemory/src/mcuxCsslMemory_Clear.o
LOAD ./component/els_pkc/src/comps/mcuxCsslMemory/src/mcuxCsslMemory_Compare.o
LOAD ./component/els_pkc/src/comps/mcuxCsslMemory/src/mcuxCsslMemory_Copy.o
LOAD ./component/els_pkc/src/comps/mcuxCsslMemory/src/mcuxCsslMemory_Set.o
LOAD ./component/els_pkc/src/comps/mcuxClMemory/src/mcuxClMemory.o
LOAD ./component/els_pkc/src/comps/mcuxClEls/src/mcuxClEls_Common.o
LOAD ./component/els_pkc/src/comps/mcuxClEls/src/mcuxClEls_GlitchDetector.o
LOAD ./component/els_pkc/src/comps/mcuxClBuffer/src/mcuxClBuffer.o
LOAD ./board/board.o
LOAD ./board/clock_config.o
LOAD ./board/hardware_init.o
LOAD ./board/pin_mux.o
START GROUP
LOAD C:/nxp/MCUXpressoIDE_25.6.136/ide/plugins/com.nxp.mcuxpresso.tools.win32_25.6.0.202501151204/tools/bin/../lib/gcc/arm-none-eabi/14.2.1/../../../../arm-none-eabi/lib/thumb/v8-m.main+fp/hard\libcr_nohost_nf.a
LOAD C:/nxp/MCUXpressoIDE_25.6.136/ide/plugins/com.nxp.mcuxpresso.tools.win32_25.6.0.202501151204/tools/bin/../lib/gcc/arm-none-eabi/14.2.1/../../../../arm-none-eabi/lib/thumb/v8-m.main+fp/hard\libcr_c.a
LOAD C:/nxp/MCUXpressoIDE_25.6.136/ide/plugins/com.nxp.mcuxpresso.tools.win32_25.6.0.202501151204/tools/bin/../lib/gcc/arm-none-eabi/14.2.1/thumb/v8-m.main+fp/hard\libcr_eabihelpers.a
LOAD C:/nxp/MCUXpressoIDE_25.6.136/ide/plugins/com.nxp.mcuxpresso.tools.win32_25.6.0.202501151204/tools/bin/../lib/gcc/arm-none-eabi/14.2.1/thumb/v8-m.main+fp/hard\libgcc.a
END GROUP
                0x08000000                        __base_QSPI_FLASH = 0x8000000
                0x08000000                        __base_Flash = 0x8000000
                0x08800000                        __top_QSPI_FLASH = 0x8800000
                0x08800000                        __top_Flash = 0x8800000
                0x20000000                        __base_SRAM = 0x20000000
                0x20000000                        __base_RAM = 0x20000000
                0x20130000                        __top_SRAM = 0x20130000
                0x20130000                        __top_RAM = 0x20130000

.boot_hdr       0x08000000     0x1000
 FILL mask 0xff
                0x00000400                        . = 0x400
 *fill*         0x08000000      0x400 ff
                0x08000400                        __FLASH_BASE = .
 *(SORT_BY_ALIGNMENT(.flash_conf))
 .flash_conf    0x08000400      0xc00 ./flash_config/flash_config.o
                0x08000400                flexspi_config
                0x00001000                        . = 0x1000

.text           0x08001000     0x774c
 FILL mask 0xff
                0x08001000                        __vectors_start__ = ABSOLUTE (.)
 *(SORT_BY_ALIGNMENT(.isr_vector))
 .isr_vector    0x08001000      0x244 ./startup/startup_rw612.o
                0x08001000                g_pfnVectors
                0x08001000                __Vectors
                0x08001244                        . = ALIGN (0x4)
                0x08001244                        __section_table_start = .
                0x08001244                        __data_section_table = .
                0x08001244        0x4 LONG 0x800874c LOADADDR (.data)
                0x08001248        0x4 LONG 0x20000000 ADDR (.data)
                0x0800124c        0x4 LONG 0xc24 SIZEOF (.data)
                0x08001250                        __data_section_table_end = .
                0x08001250                        __bss_section_table = .
                0x08001250        0x4 LONG 0x20000c24 ADDR (.bss)
                0x08001254        0x4 LONG 0x324 SIZEOF (.bss)
                0x08001258                        __bss_section_table_end = .
                0x08001258                        __section_table_end = .
 *(SORT_BY_ALIGNMENT(.after_vectors*))
 .after_vectors.reset
                0x08001258       0x68 ./startup/startup_rw612.o
                0x08001258                ResetISR
 .after_vectors.init_data
                0x080012c0       0x1e ./startup/startup_rw612.o
                0x080012c0                data_init
 .after_vectors.init_bss
                0x080012de       0x12 ./startup/startup_rw612.o
                0x080012de                bss_init
 .after_vectors
                0x080012f0       0x16 ./startup/startup_rw612.o
                0x080012f0                NMI_Handler
                0x080012f4                MemManage_Handler
                0x080012f6                BusFault_Handler
                0x080012f8                UsageFault_Handler
                0x080012fa                SecureFault_Handler
                0x080012fc                SVC_Handler
                0x080012fe                DebugMon_Handler
                0x08001300                PendSV_Handler
                0x08001302                SysTick_Handler
                0x08001304                Reserved75_DriverIRQHandler
                0x08001304                GAU_ACOMP_WKUP_DriverIRQHandler
                0x08001304                SGPIO_INTA_DriverIRQHandler
                0x08001304                B2MWKUP0_DriverIRQHandler
                0x08001304                DMA0_DriverIRQHandler
                0x08001304                B2MWKUP_DONE2_DriverIRQHandler
                0x08001304                PKC_ERR_DriverIRQHandler
                0x08001304                BLE_MCI_INT7_DriverIRQHandler
                0x08001304                BLE_MCI_INT3_DriverIRQHandler
                0x08001304                BLE_MCI_INT5_DriverIRQHandler
                0x08001304                B2MWKUP_DONE0_DriverIRQHandler
                0x08001304                HWVAD_DriverIRQHandler
                0x08001304                USIM_DriverIRQHandler
                0x08001304                WKDEEPSLEEP_DriverIRQHandler
                0x08001304                B2MWKUP_DONE3_DriverIRQHandler
                0x08001304                Reserved73_DriverIRQHandler
                0x08001304                WL_MCI_INT5_DriverIRQHandler
                0x08001304                ENET_TIMER_DriverIRQHandler
                0x08001304                PIN_INT3_DriverIRQHandler
                0x08001304                PIN_INT2_DriverIRQHandler
                0x08001304                ELS_DriverIRQHandler
                0x08001304                OTP_DriverIRQHandler
                0x08001304                GPIO_INTB_DriverIRQHandler
                0x08001304                TRNG_DriverIRQHandler
                0x08001304                ACC_C_INT_DriverIRQHandler
                0x08001304                PIN_INT0_DriverIRQHandler
                0x08001304                GFMRT_DriverIRQHandler
                0x08001304                Reserved76_DriverIRQHandler
                0x08001304                CTIMER2_DriverIRQHandler
                0x08001304                Reserved69_DriverIRQHandler
                0x08001304                WL_MCI_INT3_DriverIRQHandler
                0x08001304                SECUREVIOLATION_DriverIRQHandler
                0x08001304                BACC_DriverIRQHandler
                0x08001304                Reserved34_DriverIRQHandler
                0x08001304                IntDefaultHandler
                0x08001304                Reserved138_DriverIRQHandler
                0x08001304                Reserved136_DriverIRQHandler
                0x08001304                Reserved67_DriverIRQHandler
                0x08001304                W2MWKUP_DONE7_DriverIRQHandler
                0x08001304                W2MWKUP1_DriverIRQHandler
                0x08001304                W2MWKUP_DONE4_DriverIRQHandler
                0x08001304                WL_MCI_INT1_DriverIRQHandler
                0x08001304                B2MWKUP_DONE7_DriverIRQHandler
                0x08001304                PIN_INT4_DriverIRQHandler
                0x08001304                PIN_INT5_DriverIRQHandler
                0x08001304                PIN0_INT_DriverIRQHandler
                0x08001304                ENET_DriverIRQHandler
                0x08001304                Reserved47_DriverIRQHandler
                0x08001304                GAU_ADC0_DriverIRQHandler
                0x08001304                CTIMER4_DriverIRQHandler
                0x08001304                WL_MCI_INT0_DriverIRQHandler
                0x08001304                PIN_INT7_DriverIRQHandler
                0x08001304                GDMA_DriverIRQHandler
                0x08001304                BLE_MCI_INT1_DriverIRQHandler
                0x08001304                OS_EVENT_TIMER_DriverIRQHandler
                0x08001304                Reserved38_DriverIRQHandler
                0x08001304                POWERQUAD_DriverIRQHandler
                0x08001304                ELS_GDET_DriverIRQHandler
                0x08001304                Reserved35_DriverIRQHandler
                0x08001304                CTIMER0_DriverIRQHandler
                0x08001304                Reserved79_DriverIRQHandler
                0x08001304                MRT_DriverIRQHandler
                0x08001304                BLE_MCI_INT6_DriverIRQHandler
                0x08001304                CTIMER1_DriverIRQHandler
                0x08001304                PIN1_INT_DriverIRQHandler
                0x08001304                PIN_INT6_DriverIRQHandler
                0x08001304                W2MWKUP_DONE6_DriverIRQHandler
                0x08001304                SGPIO_INTB_DriverIRQHandler
                0x08001304                ACC_S_INT_DriverIRQHandler
                0x08001304                PMIP_CHANGE_DriverIRQHandler
                0x08001304                PIN_INT1_DriverIRQHandler
                0x08001304                W2MWKUP0_DriverIRQHandler
                0x08001304                CTIMER3_DriverIRQHandler
                0x08001304                W2MWKUP_DONE0_DriverIRQHandler
                0x08001304                Reserved74_DriverIRQHandler
                0x08001304                PKC_INT_DriverIRQHandler
                0x08001304                GPIO_INTA_DriverIRQHandler
                0x08001304                Reserved61_DriverIRQHandler
                0x08001304                WL_MCI_INT2_DriverIRQHandler
                0x08001304                PUF_DriverIRQHandler
                0x08001304                GAU_ACOMP_DriverIRQHandler
                0x08001304                Reserved40_DriverIRQHandler
                0x08001304                RTC_DriverIRQHandler
                0x08001304                WACC_DriverIRQHandler
                0x08001304                Reserved65_DriverIRQHandler
                0x08001304                LCD_DriverIRQHandler
                0x08001304                B2MWKUP1_DriverIRQHandler
                0x08001304                W2MWKUP_DONE1_DriverIRQHandler
                0x08001304                BLE_MCI_INT4_DriverIRQHandler
                0x08001304                PMIP_DriverIRQHandler
                0x08001304                BLE_MCI_INT2_DriverIRQHandler
                0x08001304                GAU_DAC_DriverIRQHandler
                0x08001304                Reserved60_DriverIRQHandler
                0x08001304                WL_MCI_INT4_DriverIRQHandler
                0x08001304                Reserved49_DriverIRQHandler
                0x08001304                DMIC_DriverIRQHandler
                0x08001304                DMA1_DriverIRQHandler
                0x08001304                Reserved137_DriverIRQHandler
                0x08001304                B2MWKUP_DONE4_DriverIRQHandler
                0x08001304                B2MWKUP_DONE1_DriverIRQHandler
                0x08001304                GAU_ADC1_DriverIRQHandler
                0x08001304                BLE_MCI_INT0_DriverIRQHandler
                0x08001304                ELS_GDET_UM_DriverIRQHandler
                0x08001304                WL_MCI_INT7_DriverIRQHandler
                0x08001304                UTICK_DriverIRQHandler
                0x08001304                W2MWKUP_DONE2_DriverIRQHandler
                0x08001304                B2MWKUP_DONE6_DriverIRQHandler
                0x08001304                WDT0_DriverIRQHandler
                0x08001304                Reserved68_DriverIRQHandler
                0x08001304                Reserved59_DriverIRQHandler
                0x08001304                SDIO_DriverIRQHandler
                0x08001304                WL_MCI_INT6_DriverIRQHandler
                0x08001304                W2MWKUP_DONE3_DriverIRQHandler
                0x08001304                B2MWKUP_DONE5_DriverIRQHandler
                0x08001304                CDOG_INT_DriverIRQHandler
                0x08001304                Reserved46_DriverIRQHandler
                0x08001304                Reserved37_DriverIRQHandler
                0x08001304                SCT0_DriverIRQHandler
                0x08001304                HYPERVISOR_DriverIRQHandler
                0x08001304                ITRC_DriverIRQHandler
                0x08001304                Reserved50_DriverIRQHandler
                0x08001304                W2MWKUP_DONE5_DriverIRQHandler
                0x08001304                USB_DriverIRQHandler
 *(SORT_BY_ALIGNMENT(.text*))
 *fill*         0x08001306        0x2 ff
 .text.DbgConsole_Init
                0x08001308       0x88 ./utilities/debug_console_lite/fsl_debug_console.o
                0x08001308                DbgConsole_Init
 .text.DbgConsole_Vprintf
                0x08001390       0x3c ./utilities/debug_console_lite/fsl_debug_console.o
                0x08001390                DbgConsole_Vprintf
 .text.DbgConsole_Putchar
                0x080013cc       0x30 ./utilities/debug_console_lite/fsl_debug_console.o
                0x080013cc                DbgConsole_Putchar
 .text.DbgConsole_PrintfFormattedData
                0x080013fc      0x3e0 ./utilities/debug_console_lite/fsl_debug_console.o
 .text.__assertion_failed
                0x080017dc       0x3c ./utilities/fsl_assert.o
                0x080017dc                __assertion_failed
 .text          0x08001818       0xa0 ./utilities/fsl_memcpy.o
                0x08001818                memcpy
 .text.masterCallback
                0x080018b8       0x24 ./source/spi_interrupt_b2b_transfer_master.o
 .text.main     0x080018dc      0x11c ./source/spi_interrupt_b2b_transfer_master.o
                0x080018dc                main
 .text.CLOCK_GetSysOscFreq
                0x080019f8       0x54 ./drivers/fsl_clock.o
 .text.CLOCK_GetMclkInClkFreq
                0x08001a4c       0x18 ./drivers/fsl_clock.o
 .text.CLOCK_GetLpOscFreq
                0x08001a64       0x30 ./drivers/fsl_clock.o
 .text.CLOCK_DelayUs
                0x08001a94       0x90 ./drivers/fsl_clock.o
 .text.CLOCK_GetT3PllMciIrcClkFreq
                0x08001b24       0x58 ./drivers/fsl_clock.o
                0x08001b24                CLOCK_GetT3PllMciIrcClkFreq
 .text.CLOCK_GetT3PllMci256mClkFreq
                0x08001b7c       0x1c ./drivers/fsl_clock.o
                0x08001b7c                CLOCK_GetT3PllMci256mClkFreq
 .text.CLOCK_GetTcpuFvcoFreq
                0x08001b98       0xa4 ./drivers/fsl_clock.o
 .text.CLOCK_GetTcpuMciClkFreq
                0x08001c3c       0x24 ./drivers/fsl_clock.o
                0x08001c3c                CLOCK_GetTcpuMciClkFreq
 .text.CLOCK_EnableClock
                0x08001c60      0x118 ./drivers/fsl_clock.o
                0x08001c60                CLOCK_EnableClock
 .text.CLOCK_DisableClock
                0x08001d78      0x104 ./drivers/fsl_clock.o
                0x08001d78                CLOCK_DisableClock
 .text.CLOCK_AttachClk
                0x08001e7c       0xf4 ./drivers/fsl_clock.o
                0x08001e7c                CLOCK_AttachClk
 .text.CLOCK_GetAvPllCh1Freq
                0x08001f70       0x5c ./drivers/fsl_clock.o
                0x08001f70                CLOCK_GetAvPllCh1Freq
 .text.CLOCK_GetMainPllClkFreq
                0x08001fcc       0x20 ./drivers/fsl_clock.o
 .text.CLOCK_GetAudioPllClkFreq
                0x08001fec       0x20 ./drivers/fsl_clock.o
 .text.CLOCK_GetMainClkFreq
                0x0800200c       0xac ./drivers/fsl_clock.o
                0x0800200c                CLOCK_GetMainClkFreq
 .text.CLOCK_GetFRGClock
                0x080020b8      0x148 ./drivers/fsl_clock.o
                0x080020b8                CLOCK_GetFRGClock
 .text.CLOCK_SetFRGClock
                0x08002200       0xa4 ./drivers/fsl_clock.o
                0x08002200                CLOCK_SetFRGClock
 .text.CLOCK_GetFlexCommClkFreq
                0x080022a4       0xa4 ./drivers/fsl_clock.o
                0x080022a4                CLOCK_GetFlexCommClkFreq
 .text.CLOCK_CfgTcpuRefClk
                0x08002348      0x114 ./drivers/fsl_clock.o
 .text.CLOCK_InitTcpuRefClk
                0x0800245c       0x70 ./drivers/fsl_clock.o
                0x0800245c                CLOCK_InitTcpuRefClk
 .text.CLOCK_DeinitTcpuRefClk
                0x080024cc       0x40 ./drivers/fsl_clock.o
                0x080024cc                CLOCK_DeinitTcpuRefClk
 .text.CLOCK_InitTddrRefClk
                0x0800250c       0x7c ./drivers/fsl_clock.o
                0x0800250c                CLOCK_InitTddrRefClk
 .text.CLOCK_DeinitTddrRefClk
                0x08002588       0x40 ./drivers/fsl_clock.o
                0x08002588                CLOCK_DeinitTddrRefClk
 .text.CLOCK_InitT3RefClk
                0x080025c8       0x80 ./drivers/fsl_clock.o
                0x080025c8                CLOCK_InitT3RefClk
 .text.CLOCK_DeinitT3RefClk
                0x08002648       0x38 ./drivers/fsl_clock.o
                0x08002648                CLOCK_DeinitT3RefClk
 .text.CLOCK_ConfigAvPll
                0x08002680       0xf4 ./drivers/fsl_clock.o
 .text.CLOCK_ConfigAvPllCh1
                0x08002774       0x84 ./drivers/fsl_clock.o
 .text.CLOCK_ConfigAvPllCh2
                0x080027f8       0x64 ./drivers/fsl_clock.o
 .text.CLOCK_PowerUpAnaGrp
                0x0800285c       0x34 ./drivers/fsl_clock.o
 .text.CLOCK_PowerDownAnaGrp
                0x08002890       0x30 ./drivers/fsl_clock.o
 .text.CLOCK_EnableAvPllCh
                0x080028c0      0x154 ./drivers/fsl_clock.o
                0x080028c0                CLOCK_EnableAvPllCh
 .text.CLOCK_DisableAvPllCh
                0x08002a14       0x60 ./drivers/fsl_clock.o
                0x08002a14                CLOCK_DisableAvPllCh
 .text.CLOCK_InitAvPll
                0x08002a74       0x88 ./drivers/fsl_clock.o
                0x08002a74                CLOCK_InitAvPll
 .text.CLOCK_DeinitAvPll
                0x08002afc       0x54 ./drivers/fsl_clock.o
                0x08002afc                CLOCK_DeinitAvPll
 .text.SDK_DelayAtLeastUs
                0x08002b50       0x8c ./drivers/fsl_common_arm.o
                0x08002b50                SDK_DelayAtLeastUs
 .text.FLEXCOMM_GetInstance
                0x08002bdc       0x4c ./drivers/fsl_flexcomm.o
                0x08002bdc                FLEXCOMM_GetInstance
 .text.FLEXCOMM_Init
                0x08002c28       0x50 ./drivers/fsl_flexcomm.o
                0x08002c28                FLEXCOMM_Init
 .text.FLEXCOMM_SetIRQHandler
                0x08002c78       0x44 ./drivers/fsl_flexcomm.o
                0x08002c78                FLEXCOMM_SetIRQHandler
 .text.FLEXCOMM0_DriverIRQHandler
                0x08002cbc       0x5c ./drivers/fsl_flexcomm.o
                0x08002cbc                FLEXCOMM0_DriverIRQHandler
 .text.FLEXCOMM1_DriverIRQHandler
                0x08002d18       0x5c ./drivers/fsl_flexcomm.o
                0x08002d18                FLEXCOMM1_DriverIRQHandler
 .text.FLEXCOMM2_DriverIRQHandler
                0x08002d74       0x5c ./drivers/fsl_flexcomm.o
                0x08002d74                FLEXCOMM2_DriverIRQHandler
 .text.FLEXCOMM3_DriverIRQHandler
                0x08002dd0       0x5c ./drivers/fsl_flexcomm.o
                0x08002dd0                FLEXCOMM3_DriverIRQHandler
 .text.FLEXCOMM14_DriverIRQHandler
                0x08002e2c       0x5c ./drivers/fsl_flexcomm.o
                0x08002e2c                FLEXCOMM14_DriverIRQHandler
 .text.FLEXSPI_DriverIRQHandler
                0x08002e88       0x24 ./drivers/fsl_flexspi.o
                0x08002e88                FLEXSPI_DriverIRQHandler
 .text.otp_get_nonmask_status_result
                0x08002eac       0x60 ./drivers/fsl_ocotp.o
 .text.otp_wait_busy
                0x08002f0c       0x50 ./drivers/fsl_ocotp.o
 .text.otp_clear_status
                0x08002f5c       0x28 ./drivers/fsl_ocotp.o
 .text.OCOTP_OtpInit
                0x08002f84       0x34 ./drivers/fsl_ocotp.o
                0x08002f84                OCOTP_OtpInit
 .text.OCOTP_OtpDeinit
                0x08002fb8       0x44 ./drivers/fsl_ocotp.o
                0x08002fb8                OCOTP_OtpDeinit
 .text.OCOTP_OtpFuseRead
                0x08002ffc       0x74 ./drivers/fsl_ocotp.o
                0x08002ffc                OCOTP_OtpFuseRead
 .text.soc_otp_read
                0x08003070      0x120 ./drivers/fsl_ocotp.o
 .text.OCOTP_ReadSVC
                0x08003190       0x34 ./drivers/fsl_ocotp.o
                0x08003190                OCOTP_ReadSVC
 .text.OCOTP_ReadPackage
                0x080031c4       0x64 ./drivers/fsl_ocotp.o
                0x080031c4                OCOTP_ReadPackage
 .text.__NVIC_SetPriorityGrouping
                0x08003228       0x48 ./drivers/fsl_power.o
 .text.__NVIC_GetPriorityGrouping
                0x08003270       0x1c ./drivers/fsl_power.o
 .text.POWER_GetThresholdParams
                0x0800328c      0x124 ./drivers/fsl_power.o
 .text.POWER_SaveNvicState
                0x080033b0      0x140 ./drivers/fsl_power.o
 .text.POWER_RestoreNvicState
                0x080034f0      0x13c ./drivers/fsl_power.o
 .text.CAPTIMER_DriverIRQHandler
                0x0800362c       0x34 ./drivers/fsl_power.o
                0x0800362c                CAPTIMER_DriverIRQHandler
 .text.POWER_EnableWakeup
                0x08003660      0x1dc ./drivers/fsl_power.o
                0x08003660                POWER_EnableWakeup
 .text.POWER_InitVSensorThreshold
                0x0800383c      0x32c ./drivers/fsl_power.o
 .text.Power_InitLoadGdetCfg
                0x08003b68       0x7c ./drivers/fsl_power.o
                0x08003b68                Power_InitLoadGdetCfg
 .text.POWER_InitVoltage
                0x08003be4       0xa0 ./drivers/fsl_power.o
                0x08003be4                POWER_InitVoltage
 .text.POWER_TrimSvc
                0x08003c84      0x198 ./drivers/fsl_power.o
                0x08003c84                POWER_TrimSvc
 .text.RESET_SetPeripheralReset
                0x08003e1c       0xf8 ./drivers/fsl_reset.o
                0x08003e1c                RESET_SetPeripheralReset
 .text.RESET_ClearPeripheralReset
                0x08003f14      0x104 ./drivers/fsl_reset.o
                0x08003f14                RESET_ClearPeripheralReset
 .text.__NVIC_EnableIRQ
                0x08004018       0x3c ./drivers/fsl_spi.o
 .text.SPI_SetTransferDelay
                0x08004054       0x60 ./drivers/fsl_spi.o
 .text.SPI_GetInstance
                0x080040b4       0x4c ./drivers/fsl_spi.o
                0x080040b4                SPI_GetInstance
 .text.SPI_SetDummyData
                0x08004100       0x2c ./drivers/fsl_spi.o
                0x08004100                SPI_SetDummyData
 .text.SPI_MasterGetDefaultConfig
                0x0800412c       0x88 ./drivers/fsl_spi.o
                0x0800412c                SPI_MasterGetDefaultConfig
 .text.SPI_MasterInit
                0x080041b4      0x190 ./drivers/fsl_spi.o
                0x080041b4                SPI_MasterInit
 .text.SPI_MasterSetBaud
                0x08004344       0x9c ./drivers/fsl_spi.o
                0x08004344                SPI_MasterSetBaud
 .text.SPI_MasterTransferCreateHandle
                0x080043e0       0xf0 ./drivers/fsl_spi.o
                0x080043e0                SPI_MasterTransferCreateHandle
 .text.SPI_MasterTransferNonBlocking
                0x080044d0      0x138 ./drivers/fsl_spi.o
                0x080044d0                SPI_MasterTransferNonBlocking
 .text.SPI_TransferHandleIRQInternal
                0x08004608      0x270 ./drivers/fsl_spi.o
 .text.SPI_MasterTransferHandleIRQ
                0x08004878      0x1a4 ./drivers/fsl_spi.o
                0x08004878                SPI_MasterTransferHandleIRQ
 .text.USART_Init
                0x08004a1c      0x1d8 ./drivers/fsl_usart.o
                0x08004a1c                USART_Init
 .text.USART_GetDefaultConfig
                0x08004bf4       0xa0 ./drivers/fsl_usart.o
                0x08004bf4                USART_GetDefaultConfig
 .text.USART_SetBaudRate
                0x08004c94      0x18c ./drivers/fsl_usart.o
                0x08004c94                USART_SetBaudRate
 .text.USART_WriteBlocking
                0x08004e20       0x8c ./drivers/fsl_usart.o
                0x08004e20                USART_WriteBlocking
 .text.USART_ReadBlocking
                0x08004eac      0x104 ./drivers/fsl_usart.o
                0x08004eac                USART_ReadBlocking
 .text.SystemInit
                0x08004fb0       0xc4 ./device/system_RW612.o
                0x08004fb0                SystemInit
 .text.getT3PllMciIrcClkFreq
                0x08005074       0x50 ./device/system_RW612.o
 .text.getTcpuFvcoFreq
                0x080050c4       0x9c ./device/system_RW612.o
 .text.getT3PllMci256mClkFreq
                0x08005160       0x1c ./device/system_RW612.o
 .text.getTcpuMciClkFreq
                0x0800517c       0x24 ./device/system_RW612.o
 .text.getSysOscFreq
                0x080051a0       0x48 ./device/system_RW612.o
 .text.getLpOscFreq
                0x080051e8       0x30 ./device/system_RW612.o
 .text.getMainPllClkFreq
                0x08005218       0x20 ./device/system_RW612.o
 .text.SystemCoreClockUpdate
                0x08005238       0xc4 ./device/system_RW612.o
                0x08005238                SystemCoreClockUpdate
 .text.HAL_UartInitCommon
                0x080052fc      0x110 ./component/uart/fsl_adapter_usart.o
 .text.HAL_UartReceiveBlocking
                0x0800540c       0x6c ./component/uart/fsl_adapter_usart.o
                0x0800540c                HAL_UartReceiveBlocking
 .text.HAL_UartSendBlocking
                0x08005478       0x64 ./component/uart/fsl_adapter_usart.o
                0x08005478                HAL_UartSendBlocking
 .text.mcuxClEls_isBusy
                0x080054dc       0x24 ./component/els_pkc/src/comps/mcuxClEls/src/mcuxClEls_Common.o
 .text.mcuxClEls_GetErrorCode
                0x08005500      0x1c0 ./component/els_pkc/src/comps/mcuxClEls/src/mcuxClEls_Common.o
                0x08005500                mcuxClEls_GetErrorCode
 .text.mcuxClEls_WaitForOperation
                0x080056c0       0x9c ./component/els_pkc/src/comps/mcuxClEls/src/mcuxClEls_Common.o
                0x080056c0                mcuxClEls_WaitForOperation
 .text.mcuxClEls_ResetErrorFlags
                0x0800575c       0x74 ./component/els_pkc/src/comps/mcuxClEls/src/mcuxClEls_Common.o
                0x0800575c                mcuxClEls_ResetErrorFlags
 .text.mcuxClEls_setInput0_fixedSize
                0x080057d0       0x20 ./component/els_pkc/src/comps/mcuxClEls/src/mcuxClEls_GlitchDetector.o
 .text.mcuxClEls_startCommand
                0x080057f0       0x40 ./component/els_pkc/src/comps/mcuxClEls/src/mcuxClEls_GlitchDetector.o
 .text.mcuxClEls_isBusy
                0x08005830       0x24 ./component/els_pkc/src/comps/mcuxClEls/src/mcuxClEls_GlitchDetector.o
 .text.BOARD_InitDebugConsole
                0x08005854       0x44 ./board/board.o
                0x08005854                BOARD_InitDebugConsole
 .text.LoadGdetCfg
                0x08005898       0xd0 ./board/board.o
 .text.ConfigSvcSensor
                0x08005968      0x168 ./board/board.o
 .text.BOARD_ClockPreConfig
                0x08005ad0       0x6c ./board/board.o
                0x08005ad0                BOARD_ClockPreConfig
 .text.BOARD_ClockPostConfig
                0x08005b3c       0x3c ./board/board.o
                0x08005b3c                BOARD_ClockPostConfig
 .text.BOARD_BootClockRUN
                0x08005b78      0x108 ./board/clock_config.o
                0x08005b78                BOARD_BootClockRUN
 .text.IO_MUX_SetPinMux
                0x08005c80      0x2ac ./board/pin_mux.o
 .text.IO_MUX_SetPinConfig
                0x08005f2c       0xbc ./board/pin_mux.o
 .text.BOARD_InitPins
                0x08005fe8       0x8c ./board/pin_mux.o
                0x08005fe8                BOARD_InitPins
 .text._initio  0x08006074       0x78 C:/nxp/MCUXpressoIDE_25.6.136/ide/plugins/com.nxp.mcuxpresso.tools.win32_25.6.0.202501151204/tools/bin/../lib/gcc/arm-none-eabi/14.2.1/../../../../arm-none-eabi/lib/thumb/v8-m.main+fp/hard\libcr_c.a(initio.o)
                0x08006074                _initio
 .text._Cwritebuf
                0x080060ec       0x70 C:/nxp/MCUXpressoIDE_25.6.136/ide/plugins/com.nxp.mcuxpresso.tools.win32_25.6.0.202501151204/tools/bin/../lib/gcc/arm-none-eabi/14.2.1/../../../../arm-none-eabi/lib/thumb/v8-m.main+fp/hard\libcr_c.a(_writebuf.o)
                0x080060ec                _Cwritebuf
 .text.fflush   0x0800615c       0x3c C:/nxp/MCUXpressoIDE_25.6.136/ide/plugins/com.nxp.mcuxpresso.tools.win32_25.6.0.202501151204/tools/bin/../lib/gcc/arm-none-eabi/14.2.1/../../../../arm-none-eabi/lib/thumb/v8-m.main+fp/hard\libcr_c.a(fflush.o)
                0x0800615c                fflush
 .text.fseek    0x08006198       0xf8 C:/nxp/MCUXpressoIDE_25.6.136/ide/plugins/com.nxp.mcuxpresso.tools.win32_25.6.0.202501151204/tools/bin/../lib/gcc/arm-none-eabi/14.2.1/../../../../arm-none-eabi/lib/thumb/v8-m.main+fp/hard\libcr_c.a(fseek.o)
                0x08006198                fseek
 .text.ftell    0x08006290       0x44 C:/nxp/MCUXpressoIDE_25.6.136/ide/plugins/com.nxp.mcuxpresso.tools.win32_25.6.0.202501151204/tools/bin/../lib/gcc/arm-none-eabi/14.2.1/../../../../arm-none-eabi/lib/thumb/v8-m.main+fp/hard\libcr_c.a(ftell.o)
                0x08006290                ftell
 .text.DbgConsole_Printf
                0x080062d4       0x2c ./utilities/debug_console_lite/fsl_debug_console.o
                0x080062d4                DbgConsole_Printf
 .text.DbgConsole_PrintfPaddingCharacter
                0x08006300       0x40 ./utilities/debug_console_lite/fsl_debug_console.o
 .text.DbgConsole_ConvertRadixNumToString
                0x08006340       0xc2 ./utilities/debug_console_lite/fsl_debug_console.o
 .text.fsl_assert_hook
                0x08006402       0x1a ./utilities/fsl_assert.o
                0x08006402                fsl_assert_hook
 .text.WDT0_IRQHandler
                0x0800641c        0x8 ./startup/startup_rw612.o
                0x0800641c                WDT0_IRQHandler
 .text.DMA0_IRQHandler
                0x08006424        0x8 ./startup/startup_rw612.o
                0x08006424                DMA0_IRQHandler
 .text.GPIO_INTA_IRQHandler
                0x0800642c        0x8 ./startup/startup_rw612.o
                0x0800642c                GPIO_INTA_IRQHandler
 .text.GPIO_INTB_IRQHandler
                0x08006434        0x8 ./startup/startup_rw612.o
                0x08006434                GPIO_INTB_IRQHandler
 .text.PIN_INT0_IRQHandler
                0x0800643c        0x8 ./startup/startup_rw612.o
                0x0800643c                PIN_INT0_IRQHandler
 .text.PIN_INT1_IRQHandler
                0x08006444        0x8 ./startup/startup_rw612.o
                0x08006444                PIN_INT1_IRQHandler
 .text.PIN_INT2_IRQHandler
                0x0800644c        0x8 ./startup/startup_rw612.o
                0x0800644c                PIN_INT2_IRQHandler
 .text.PIN_INT3_IRQHandler
                0x08006454        0x8 ./startup/startup_rw612.o
                0x08006454                PIN_INT3_IRQHandler
 .text.UTICK_IRQHandler
                0x0800645c        0x8 ./startup/startup_rw612.o
                0x0800645c                UTICK_IRQHandler
 .text.MRT_IRQHandler
                0x08006464        0x8 ./startup/startup_rw612.o
                0x08006464                MRT_IRQHandler
 .text.CTIMER0_IRQHandler
                0x0800646c        0x8 ./startup/startup_rw612.o
                0x0800646c                CTIMER0_IRQHandler
 .text.CTIMER1_IRQHandler
                0x08006474        0x8 ./startup/startup_rw612.o
                0x08006474                CTIMER1_IRQHandler
 .text.SCT0_IRQHandler
                0x0800647c        0x8 ./startup/startup_rw612.o
                0x0800647c                SCT0_IRQHandler
 .text.CTIMER3_IRQHandler
                0x08006484        0x8 ./startup/startup_rw612.o
                0x08006484                CTIMER3_IRQHandler
 .text.FLEXCOMM0_IRQHandler
                0x0800648c        0x8 ./startup/startup_rw612.o
                0x0800648c                FLEXCOMM0_IRQHandler
 .text.FLEXCOMM1_IRQHandler
                0x08006494        0x8 ./startup/startup_rw612.o
                0x08006494                FLEXCOMM1_IRQHandler
 .text.FLEXCOMM2_IRQHandler
                0x0800649c        0x8 ./startup/startup_rw612.o
                0x0800649c                FLEXCOMM2_IRQHandler
 .text.FLEXCOMM3_IRQHandler
                0x080064a4        0x8 ./startup/startup_rw612.o
                0x080064a4                FLEXCOMM3_IRQHandler
 .text.Reserved34_IRQHandler
                0x080064ac        0x8 ./startup/startup_rw612.o
                0x080064ac                Reserved34_IRQHandler
 .text.Reserved35_IRQHandler
                0x080064b4        0x8 ./startup/startup_rw612.o
                0x080064b4                Reserved35_IRQHandler
 .text.FLEXCOMM14_IRQHandler
                0x080064bc        0x8 ./startup/startup_rw612.o
                0x080064bc                FLEXCOMM14_IRQHandler
 .text.Reserved37_IRQHandler
                0x080064c4        0x8 ./startup/startup_rw612.o
                0x080064c4                Reserved37_IRQHandler
 .text.Reserved38_IRQHandler
                0x080064cc        0x8 ./startup/startup_rw612.o
                0x080064cc                Reserved38_IRQHandler
 .text.GFMRT_IRQHandler
                0x080064d4        0x8 ./startup/startup_rw612.o
                0x080064d4                GFMRT_IRQHandler
 .text.Reserved40_IRQHandler
                0x080064dc        0x8 ./startup/startup_rw612.o
                0x080064dc                Reserved40_IRQHandler
 .text.DMIC_IRQHandler
                0x080064e4        0x8 ./startup/startup_rw612.o
                0x080064e4                DMIC_IRQHandler
 .text.WKDEEPSLEEP_IRQHandler
                0x080064ec        0x8 ./startup/startup_rw612.o
                0x080064ec                WKDEEPSLEEP_IRQHandler
 .text.HYPERVISOR_IRQHandler
                0x080064f4        0x8 ./startup/startup_rw612.o
                0x080064f4                HYPERVISOR_IRQHandler
 .text.SECUREVIOLATION_IRQHandler
                0x080064fc        0x8 ./startup/startup_rw612.o
                0x080064fc                SECUREVIOLATION_IRQHandler
 .text.HWVAD_IRQHandler
                0x08006504        0x8 ./startup/startup_rw612.o
                0x08006504                HWVAD_IRQHandler
 .text.Reserved46_IRQHandler
                0x0800650c        0x8 ./startup/startup_rw612.o
                0x0800650c                Reserved46_IRQHandler
 .text.Reserved47_IRQHandler
                0x08006514        0x8 ./startup/startup_rw612.o
                0x08006514                Reserved47_IRQHandler
 .text.RTC_IRQHandler
                0x0800651c        0x8 ./startup/startup_rw612.o
                0x0800651c                RTC_IRQHandler
 .text.Reserved49_IRQHandler
                0x08006524        0x8 ./startup/startup_rw612.o
                0x08006524                Reserved49_IRQHandler
 .text.Reserved50_IRQHandler
                0x0800652c        0x8 ./startup/startup_rw612.o
                0x0800652c                Reserved50_IRQHandler
 .text.PIN_INT4_IRQHandler
                0x08006534        0x8 ./startup/startup_rw612.o
                0x08006534                PIN_INT4_IRQHandler
 .text.PIN_INT5_IRQHandler
                0x0800653c        0x8 ./startup/startup_rw612.o
                0x0800653c                PIN_INT5_IRQHandler
 .text.PIN_INT6_IRQHandler
                0x08006544        0x8 ./startup/startup_rw612.o
                0x08006544                PIN_INT6_IRQHandler
 .text.PIN_INT7_IRQHandler
                0x0800654c        0x8 ./startup/startup_rw612.o
                0x0800654c                PIN_INT7_IRQHandler
 .text.CTIMER2_IRQHandler
                0x08006554        0x8 ./startup/startup_rw612.o
                0x08006554                CTIMER2_IRQHandler
 .text.CTIMER4_IRQHandler
                0x0800655c        0x8 ./startup/startup_rw612.o
                0x0800655c                CTIMER4_IRQHandler
 .text.OS_EVENT_TIMER_IRQHandler
                0x08006564        0x8 ./startup/startup_rw612.o
                0x08006564                OS_EVENT_TIMER_IRQHandler
 .text.FLEXSPI_IRQHandler
                0x0800656c        0x8 ./startup/startup_rw612.o
                0x0800656c                FLEXSPI_IRQHandler
 .text.Reserved59_IRQHandler
                0x08006574        0x8 ./startup/startup_rw612.o
                0x08006574                Reserved59_IRQHandler
 .text.Reserved60_IRQHandler
                0x0800657c        0x8 ./startup/startup_rw612.o
                0x0800657c                Reserved60_IRQHandler
 .text.Reserved61_IRQHandler
                0x08006584        0x8 ./startup/startup_rw612.o
                0x08006584                Reserved61_IRQHandler
 .text.SDIO_IRQHandler
                0x0800658c        0x8 ./startup/startup_rw612.o
                0x0800658c                SDIO_IRQHandler
 .text.SGPIO_INTA_IRQHandler
                0x08006594        0x8 ./startup/startup_rw612.o
                0x08006594                SGPIO_INTA_IRQHandler
 .text.SGPIO_INTB_IRQHandler
                0x0800659c        0x8 ./startup/startup_rw612.o
                0x0800659c                SGPIO_INTB_IRQHandler
 .text.Reserved65_IRQHandler
                0x080065a4        0x8 ./startup/startup_rw612.o
                0x080065a4                Reserved65_IRQHandler
 .text.USB_IRQHandler
                0x080065ac        0x8 ./startup/startup_rw612.o
                0x080065ac                USB_IRQHandler
 .text.Reserved67_IRQHandler
                0x080065b4        0x8 ./startup/startup_rw612.o
                0x080065b4                Reserved67_IRQHandler
 .text.Reserved68_IRQHandler
                0x080065bc        0x8 ./startup/startup_rw612.o
                0x080065bc                Reserved68_IRQHandler
 .text.Reserved69_IRQHandler
                0x080065c4        0x8 ./startup/startup_rw612.o
                0x080065c4                Reserved69_IRQHandler
 .text.DMA1_IRQHandler
                0x080065cc        0x8 ./startup/startup_rw612.o
                0x080065cc                DMA1_IRQHandler
 .text.PUF_IRQHandler
                0x080065d4        0x8 ./startup/startup_rw612.o
                0x080065d4                PUF_IRQHandler
 .text.POWERQUAD_IRQHandler
                0x080065dc        0x8 ./startup/startup_rw612.o
                0x080065dc                POWERQUAD_IRQHandler
 .text.Reserved73_IRQHandler
                0x080065e4        0x8 ./startup/startup_rw612.o
                0x080065e4                Reserved73_IRQHandler
 .text.Reserved74_IRQHandler
                0x080065ec        0x8 ./startup/startup_rw612.o
                0x080065ec                Reserved74_IRQHandler
 .text.Reserved75_IRQHandler
                0x080065f4        0x8 ./startup/startup_rw612.o
                0x080065f4                Reserved75_IRQHandler
 .text.Reserved76_IRQHandler
                0x080065fc        0x8 ./startup/startup_rw612.o
                0x080065fc                Reserved76_IRQHandler
 .text.LCD_IRQHandler
                0x08006604        0x8 ./startup/startup_rw612.o
                0x08006604                LCD_IRQHandler
 .text.CAPTIMER_IRQHandler
                0x0800660c        0x8 ./startup/startup_rw612.o
                0x0800660c                CAPTIMER_IRQHandler
 .text.Reserved79_IRQHandler
                0x08006614        0x8 ./startup/startup_rw612.o
                0x08006614                Reserved79_IRQHandler
 .text.W2MWKUP_DONE0_IRQHandler
                0x0800661c        0x8 ./startup/startup_rw612.o
                0x0800661c                W2MWKUP_DONE0_IRQHandler
 .text.W2MWKUP_DONE1_IRQHandler
                0x08006624        0x8 ./startup/startup_rw612.o
                0x08006624                W2MWKUP_DONE1_IRQHandler
 .text.W2MWKUP_DONE2_IRQHandler
                0x0800662c        0x8 ./startup/startup_rw612.o
                0x0800662c                W2MWKUP_DONE2_IRQHandler
 .text.W2MWKUP_DONE3_IRQHandler
                0x08006634        0x8 ./startup/startup_rw612.o
                0x08006634                W2MWKUP_DONE3_IRQHandler
 .text.W2MWKUP_DONE4_IRQHandler
                0x0800663c        0x8 ./startup/startup_rw612.o
                0x0800663c                W2MWKUP_DONE4_IRQHandler
 .text.W2MWKUP_DONE5_IRQHandler
                0x08006644        0x8 ./startup/startup_rw612.o
                0x08006644                W2MWKUP_DONE5_IRQHandler
 .text.W2MWKUP_DONE6_IRQHandler
                0x0800664c        0x8 ./startup/startup_rw612.o
                0x0800664c                W2MWKUP_DONE6_IRQHandler
 .text.W2MWKUP_DONE7_IRQHandler
                0x08006654        0x8 ./startup/startup_rw612.o
                0x08006654                W2MWKUP_DONE7_IRQHandler
 .text.W2MWKUP0_IRQHandler
                0x0800665c        0x8 ./startup/startup_rw612.o
                0x0800665c                W2MWKUP0_IRQHandler
 .text.W2MWKUP1_IRQHandler
                0x08006664        0x8 ./startup/startup_rw612.o
                0x08006664                W2MWKUP1_IRQHandler
 .text.WL_MCI_INT0_IRQHandler
                0x0800666c        0x8 ./startup/startup_rw612.o
                0x0800666c                WL_MCI_INT0_IRQHandler
 .text.WL_MCI_INT1_IRQHandler
                0x08006674        0x8 ./startup/startup_rw612.o
                0x08006674                WL_MCI_INT1_IRQHandler
 .text.WL_MCI_INT2_IRQHandler
                0x0800667c        0x8 ./startup/startup_rw612.o
                0x0800667c                WL_MCI_INT2_IRQHandler
 .text.WL_MCI_INT3_IRQHandler
                0x08006684        0x8 ./startup/startup_rw612.o
                0x08006684                WL_MCI_INT3_IRQHandler
 .text.WL_MCI_INT4_IRQHandler
                0x0800668c        0x8 ./startup/startup_rw612.o
                0x0800668c                WL_MCI_INT4_IRQHandler
 .text.WL_MCI_INT5_IRQHandler
                0x08006694        0x8 ./startup/startup_rw612.o
                0x08006694                WL_MCI_INT5_IRQHandler
 .text.WL_MCI_INT6_IRQHandler
                0x0800669c        0x8 ./startup/startup_rw612.o
                0x0800669c                WL_MCI_INT6_IRQHandler
 .text.WL_MCI_INT7_IRQHandler
                0x080066a4        0x8 ./startup/startup_rw612.o
                0x080066a4                WL_MCI_INT7_IRQHandler
 .text.B2MWKUP_DONE0_IRQHandler
                0x080066ac        0x8 ./startup/startup_rw612.o
                0x080066ac                B2MWKUP_DONE0_IRQHandler
 .text.B2MWKUP_DONE1_IRQHandler
                0x080066b4        0x8 ./startup/startup_rw612.o
                0x080066b4                B2MWKUP_DONE1_IRQHandler
 .text.B2MWKUP_DONE2_IRQHandler
                0x080066bc        0x8 ./startup/startup_rw612.o
                0x080066bc                B2MWKUP_DONE2_IRQHandler
 .text.B2MWKUP_DONE3_IRQHandler
                0x080066c4        0x8 ./startup/startup_rw612.o
                0x080066c4                B2MWKUP_DONE3_IRQHandler
 .text.B2MWKUP_DONE4_IRQHandler
                0x080066cc        0x8 ./startup/startup_rw612.o
                0x080066cc                B2MWKUP_DONE4_IRQHandler
 .text.B2MWKUP_DONE5_IRQHandler
                0x080066d4        0x8 ./startup/startup_rw612.o
                0x080066d4                B2MWKUP_DONE5_IRQHandler
 .text.B2MWKUP_DONE6_IRQHandler
                0x080066dc        0x8 ./startup/startup_rw612.o
                0x080066dc                B2MWKUP_DONE6_IRQHandler
 .text.B2MWKUP_DONE7_IRQHandler
                0x080066e4        0x8 ./startup/startup_rw612.o
                0x080066e4                B2MWKUP_DONE7_IRQHandler
 .text.B2MWKUP0_IRQHandler
                0x080066ec        0x8 ./startup/startup_rw612.o
                0x080066ec                B2MWKUP0_IRQHandler
 .text.B2MWKUP1_IRQHandler
                0x080066f4        0x8 ./startup/startup_rw612.o
                0x080066f4                B2MWKUP1_IRQHandler
 .text.BLE_MCI_INT0_IRQHandler
                0x080066fc        0x8 ./startup/startup_rw612.o
                0x080066fc                BLE_MCI_INT0_IRQHandler
 .text.BLE_MCI_INT1_IRQHandler
                0x08006704        0x8 ./startup/startup_rw612.o
                0x08006704                BLE_MCI_INT1_IRQHandler
 .text.BLE_MCI_INT2_IRQHandler
                0x0800670c        0x8 ./startup/startup_rw612.o
                0x0800670c                BLE_MCI_INT2_IRQHandler
 .text.BLE_MCI_INT3_IRQHandler
                0x08006714        0x8 ./startup/startup_rw612.o
                0x08006714                BLE_MCI_INT3_IRQHandler
 .text.BLE_MCI_INT4_IRQHandler
                0x0800671c        0x8 ./startup/startup_rw612.o
                0x0800671c                BLE_MCI_INT4_IRQHandler
 .text.BLE_MCI_INT5_IRQHandler
                0x08006724        0x8 ./startup/startup_rw612.o
                0x08006724                BLE_MCI_INT5_IRQHandler
 .text.BLE_MCI_INT6_IRQHandler
                0x0800672c        0x8 ./startup/startup_rw612.o
                0x0800672c                BLE_MCI_INT6_IRQHandler
 .text.BLE_MCI_INT7_IRQHandler
                0x08006734        0x8 ./startup/startup_rw612.o
                0x08006734                BLE_MCI_INT7_IRQHandler
 .text.PIN0_INT_IRQHandler
                0x0800673c        0x8 ./startup/startup_rw612.o
                0x0800673c                PIN0_INT_IRQHandler
 .text.PIN1_INT_IRQHandler
                0x08006744        0x8 ./startup/startup_rw612.o
                0x08006744                PIN1_INT_IRQHandler
 .text.ELS_IRQHandler
                0x0800674c        0x8 ./startup/startup_rw612.o
                0x0800674c                ELS_IRQHandler
 .text.ELS_GDET_IRQHandler
                0x08006754        0x8 ./startup/startup_rw612.o
                0x08006754                ELS_GDET_IRQHandler
 .text.ELS_GDET_UM_IRQHandler
                0x0800675c        0x8 ./startup/startup_rw612.o
                0x0800675c                ELS_GDET_UM_IRQHandler
 .text.PKC_INT_IRQHandler
                0x08006764        0x8 ./startup/startup_rw612.o
                0x08006764                PKC_INT_IRQHandler
 .text.PKC_ERR_IRQHandler
                0x0800676c        0x8 ./startup/startup_rw612.o
                0x0800676c                PKC_ERR_IRQHandler
 .text.CDOG_INT_IRQHandler
                0x08006774        0x8 ./startup/startup_rw612.o
                0x08006774                CDOG_INT_IRQHandler
 .text.GAU_DAC_IRQHandler
                0x0800677c        0x8 ./startup/startup_rw612.o
                0x0800677c                GAU_DAC_IRQHandler
 .text.GAU_ACOMP_WKUP_IRQHandler
                0x08006784        0x8 ./startup/startup_rw612.o
                0x08006784                GAU_ACOMP_WKUP_IRQHandler
 .text.GAU_ACOMP_IRQHandler
                0x0800678c        0x8 ./startup/startup_rw612.o
                0x0800678c                GAU_ACOMP_IRQHandler
 .text.GAU_ADC1_IRQHandler
                0x08006794        0x8 ./startup/startup_rw612.o
                0x08006794                GAU_ADC1_IRQHandler
 .text.GAU_ADC0_IRQHandler
                0x0800679c        0x8 ./startup/startup_rw612.o
                0x0800679c                GAU_ADC0_IRQHandler
 .text.USIM_IRQHandler
                0x080067a4        0x8 ./startup/startup_rw612.o
                0x080067a4                USIM_IRQHandler
 .text.OTP_IRQHandler
                0x080067ac        0x8 ./startup/startup_rw612.o
                0x080067ac                OTP_IRQHandler
 .text.ENET_IRQHandler
                0x080067b4        0x8 ./startup/startup_rw612.o
                0x080067b4                ENET_IRQHandler
 .text.ENET_TIMER_IRQHandler
                0x080067bc        0x8 ./startup/startup_rw612.o
                0x080067bc                ENET_TIMER_IRQHandler
 .text.PMIP_IRQHandler
                0x080067c4        0x8 ./startup/startup_rw612.o
                0x080067c4                PMIP_IRQHandler
 .text.PMIP_CHANGE_IRQHandler
                0x080067cc        0x8 ./startup/startup_rw612.o
                0x080067cc                PMIP_CHANGE_IRQHandler
 .text.ITRC_IRQHandler
                0x080067d4        0x8 ./startup/startup_rw612.o
                0x080067d4                ITRC_IRQHandler
 .text.Reserved136_IRQHandler
                0x080067dc        0x8 ./startup/startup_rw612.o
                0x080067dc                Reserved136_IRQHandler
 .text.Reserved137_IRQHandler
                0x080067e4        0x8 ./startup/startup_rw612.o
                0x080067e4                Reserved137_IRQHandler
 .text.Reserved138_IRQHandler
                0x080067ec        0x8 ./startup/startup_rw612.o
                0x080067ec                Reserved138_IRQHandler
 .text.TRNG_IRQHandler
                0x080067f4        0x8 ./startup/startup_rw612.o
                0x080067f4                TRNG_IRQHandler
 .text.ACC_C_INT_IRQHandler
                0x080067fc        0x8 ./startup/startup_rw612.o
                0x080067fc                ACC_C_INT_IRQHandler
 .text.ACC_S_INT_IRQHandler
                0x08006804        0x8 ./startup/startup_rw612.o
                0x08006804                ACC_S_INT_IRQHandler
 .text.WACC_IRQHandler
                0x0800680c        0x8 ./startup/startup_rw612.o
                0x0800680c                WACC_IRQHandler
 .text.BACC_IRQHandler
                0x08006814        0x8 ./startup/startup_rw612.o
                0x08006814                BACC_IRQHandler
 .text.GDMA_IRQHandler
                0x0800681c        0x8 ./startup/startup_rw612.o
                0x0800681c                GDMA_IRQHandler
 .text.HardFault_Handler
                0x08006824       0x36 ./source/semihost_hardfault.o
                0x08006824                HardFault_Handler
 .text.CLOCK_GetClk32KFreq
                0x0800685a       0x12 ./drivers/fsl_clock.o
 .text.CLOCK_Delay
                0x0800686c       0x22 ./drivers/fsl_clock.o
 .text.CLOCK_SetClkDiv
                0x0800688e       0x78 ./drivers/fsl_clock.o
                0x0800688e                CLOCK_SetClkDiv
 .text.CLOCK_GetFFroFreq
                0x08006906        0xe ./drivers/fsl_clock.o
                0x08006906                CLOCK_GetFFroFreq
 .text.CLOCK_GetSFroFreq
                0x08006914       0x10 ./drivers/fsl_clock.o
                0x08006914                CLOCK_GetSFroFreq
 .text.DelayLoop
                0x08006924       0x20 ./drivers/fsl_common_arm.o
 .text.FLEXCOMM_PeripheralIsPresent
                0x08006944       0x64 ./drivers/fsl_flexcomm.o
 .text.FLEXCOMM_SetPeriph
                0x080069a8       0x74 ./drivers/fsl_flexcomm.o
 .text.OCOTP_ReadSocOtp
                0x08006a1c       0x6a ./drivers/fsl_ocotp.o
                0x08006a1c                OCOTP_ReadSocOtp
 .text.DisableGlobalIRQ
                0x08006a86       0x22 ./drivers/fsl_power.o
 .text.EnableGlobalIRQ
                0x08006aa8       0x20 ./drivers/fsl_power.o
 .text.RESET_PeripheralReset
                0x08006ac8       0x22 ./drivers/fsl_reset.o
                0x08006ac8                RESET_PeripheralReset
 .text.EnableIRQ
                0x08006aea       0x32 ./drivers/fsl_spi.o
 .text.SPI_Enable
                0x08006b1c       0x40 ./drivers/fsl_spi.o
 .text.SPI_SlaveTransferHandleIRQ
                0x08006b5c       0x1a ./drivers/fsl_spi.o
 .text.USART_EnableContinuousSCLK
                0x08006b76       0x38 ./drivers/fsl_usart.o
 .text.USART_SetRxTimeoutConfig
                0x08006bae       0x68 ./drivers/fsl_usart.o
                0x08006bae                USART_SetRxTimeoutConfig
 .text.getFFroFreq
                0x08006c16        0xe ./device/system_RW612.o
 .text.getSFroFreq
                0x08006c24       0x10 ./device/system_RW612.o
 .text.SystemInitHook
                0x08006c34        0xe ./device/system_RW612.o
                0x08006c34                SystemInitHook
 .text.HAL_UartGetStatus
                0x08006c42       0x22 ./component/uart/fsl_adapter_usart.o
 .text.HAL_UartInit
                0x08006c64       0x36 ./component/uart/fsl_adapter_usart.o
                0x08006c64                HAL_UartInit
 .text.mcuxClEls_getSfrField
                0x08006c9a       0x24 ./component/els_pkc/src/comps/mcuxClEls/src/mcuxClEls_Common.o
 .text.mcuxClEls_GlitchDetector_LoadConfig_Async
                0x08006cbe       0x98 ./component/els_pkc/src/comps/mcuxClEls/src/mcuxClEls_GlitchDetector.o
                0x08006cbe                mcuxClEls_GlitchDetector_LoadConfig_Async
 .text.BOARD_InitBootClocks
                0x08006d56        0xc ./board/clock_config.o
                0x08006d56                BOARD_InitBootClocks
 .text.BOARD_InitHardware
                0x08006d62       0x1c ./board/hardware_init.o
                0x08006d62                BOARD_InitHardware
 .text.BOARD_InitBootPins
                0x08006d7e        0xc ./board/pin_mux.o
                0x08006d7e                BOARD_InitBootPins
 .text.__main   0x08006d8a        0xe C:/nxp/MCUXpressoIDE_25.6.136/ide/plugins/com.nxp.mcuxpresso.tools.win32_25.6.0.202501151204/tools/bin/../lib/gcc/arm-none-eabi/14.2.1/../../../../arm-none-eabi/lib/thumb/v8-m.main+fp/hard\libcr_nohost_nf.a(_cr__main.o)
                0x08006d8a                __main
 .text.memset   0x08006d98        0x4 C:/nxp/MCUXpressoIDE_25.6.136/ide/plugins/com.nxp.mcuxpresso.tools.win32_25.6.0.202501151204/tools/bin/../lib/gcc/arm-none-eabi/14.2.1/../../../../arm-none-eabi/lib/thumb/v8-m.main+fp/hard\libcr_c.a(memset.o)
                0x08006d98                memset
 .text.free     0x08006d9c       0x30 C:/nxp/MCUXpressoIDE_25.6.136/ide/plugins/com.nxp.mcuxpresso.tools.win32_25.6.0.202501151204/tools/bin/../lib/gcc/arm-none-eabi/14.2.1/../../../../arm-none-eabi/lib/thumb/v8-m.main+fp/hard\libcr_c.a(alloc.o)
                0x08006d9c                free
 .text.setvbuf  0x08006dcc       0x3e C:/nxp/MCUXpressoIDE_25.6.136/ide/plugins/com.nxp.mcuxpresso.tools.win32_25.6.0.202501151204/tools/bin/../lib/gcc/arm-none-eabi/14.2.1/../../../../arm-none-eabi/lib/thumb/v8-m.main+fp/hard\libcr_c.a(setvbuf.o)
                0x08006dcc                setvbuf
 .text.strlen   0x08006e0a       0x4e C:/nxp/MCUXpressoIDE_25.6.136/ide/plugins/com.nxp.mcuxpresso.tools.win32_25.6.0.202501151204/tools/bin/../lib/gcc/arm-none-eabi/14.2.1/../../../../arm-none-eabi/lib/thumb/v8-m.main+fp/hard\libcr_c.a(strlen.o)
                0x08006e0a                strlen
 .text._deferredlazyseek
                0x08006e58       0x40 C:/nxp/MCUXpressoIDE_25.6.136/ide/plugins/com.nxp.mcuxpresso.tools.win32_25.6.0.202501151204/tools/bin/../lib/gcc/arm-none-eabi/14.2.1/../../../../arm-none-eabi/lib/thumb/v8-m.main+fp/hard\libcr_c.a(_deferredlazyseek.o)
                0x08006e58                _deferredlazyseek
 .text._fdopen  0x08006e98       0x68 C:/nxp/MCUXpressoIDE_25.6.136/ide/plugins/com.nxp.mcuxpresso.tools.win32_25.6.0.202501151204/tools/bin/../lib/gcc/arm-none-eabi/14.2.1/../../../../arm-none-eabi/lib/thumb/v8-m.main+fp/hard\libcr_c.a(_fdopen.o)
                0x08006e98                _fdopen
 .text._fflush  0x08006f00       0x52 C:/nxp/MCUXpressoIDE_25.6.136/ide/plugins/com.nxp.mcuxpresso.tools.win32_25.6.0.202501151204/tools/bin/../lib/gcc/arm-none-eabi/14.2.1/../../../../arm-none-eabi/lib/thumb/v8-m.main+fp/hard\libcr_c.a(_fflush.o)
                0x08006f00                _fflush
 .text.fclose   0x08006f52       0x58 C:/nxp/MCUXpressoIDE_25.6.136/ide/plugins/com.nxp.mcuxpresso.tools.win32_25.6.0.202501151204/tools/bin/../lib/gcc/arm-none-eabi/14.2.1/../../../../arm-none-eabi/lib/thumb/v8-m.main+fp/hard\libcr_c.a(fclose.o)
                0x08006f52                fclose
 .text.remove   0x08006faa       0x14 C:/nxp/MCUXpressoIDE_25.6.136/ide/plugins/com.nxp.mcuxpresso.tools.win32_25.6.0.202501151204/tools/bin/../lib/gcc/arm-none-eabi/14.2.1/../../../../arm-none-eabi/lib/thumb/v8-m.main+fp/hard\libcr_c.a(remove.o)
                0x08006faa                remove
 .text._do_fflush
                0x08006fbe       0x40 C:/nxp/MCUXpressoIDE_25.6.136/ide/plugins/com.nxp.mcuxpresso.tools.win32_25.6.0.202501151204/tools/bin/../lib/gcc/arm-none-eabi/14.2.1/../../../../arm-none-eabi/lib/thumb/v8-m.main+fp/hard\libcr_c.a(_do_fflush.o)
                0x08006fbe                _do_fflush
 .text.__aeabi_division_uldivmod
                0x08006ffe      0x174 C:/nxp/MCUXpressoIDE_25.6.136/ide/plugins/com.nxp.mcuxpresso.tools.win32_25.6.0.202501151204/tools/bin/../lib/gcc/arm-none-eabi/14.2.1/thumb/v8-m.main+fp/hard\libcr_eabihelpers.a(division_64.o)
                0x08006ffe                __aeabi_uldivmod
                0x08007002                __bhs_ldivmod1
 .text.__aeabi_division_idiv0
                0x08007172        0x2 C:/nxp/MCUXpressoIDE_25.6.136/ide/plugins/com.nxp.mcuxpresso.tools.win32_25.6.0.202501151204/tools/bin/../lib/gcc/arm-none-eabi/14.2.1/thumb/v8-m.main+fp/hard\libcr_eabihelpers.a(division_idiv0.o)
                0x08007172                __aeabi_idiv0
 .text.__aeabi_memset_lowlevel
                0x08007174       0x32 C:/nxp/MCUXpressoIDE_25.6.136/ide/plugins/com.nxp.mcuxpresso.tools.win32_25.6.0.202501151204/tools/bin/../lib/gcc/arm-none-eabi/14.2.1/thumb/v8-m.main+fp/hard\libcr_eabihelpers.a(memcpy.o)
                0x08007174                __aeabi_lowlevel_memset
 .text.__sys_close
                0x080071a6        0x6 C:/nxp/MCUXpressoIDE_25.6.136/ide/plugins/com.nxp.mcuxpresso.tools.win32_25.6.0.202501151204/tools/bin/../lib/gcc/arm-none-eabi/14.2.1/../../../../arm-none-eabi/lib/thumb/v8-m.main+fp/hard\libcr_nohost_nf.a(__sys_close.o)
                0x080071a6                __sys_close
 .text.__sys_flen
                0x080071ac        0x6 C:/nxp/MCUXpressoIDE_25.6.136/ide/plugins/com.nxp.mcuxpresso.tools.win32_25.6.0.202501151204/tools/bin/../lib/gcc/arm-none-eabi/14.2.1/../../../../arm-none-eabi/lib/thumb/v8-m.main+fp/hard\libcr_nohost_nf.a(__sys_flen.o)
                0x080071ac                __sys_flen
 .text.__sys_istty
                0x080071b2        0x6 C:/nxp/MCUXpressoIDE_25.6.136/ide/plugins/com.nxp.mcuxpresso.tools.win32_25.6.0.202501151204/tools/bin/../lib/gcc/arm-none-eabi/14.2.1/../../../../arm-none-eabi/lib/thumb/v8-m.main+fp/hard\libcr_nohost_nf.a(__sys_istty.o)
                0x080071b2                __sys_istty
 .text.__sys_remove
                0x080071b8        0x6 C:/nxp/MCUXpressoIDE_25.6.136/ide/plugins/com.nxp.mcuxpresso.tools.win32_25.6.0.202501151204/tools/bin/../lib/gcc/arm-none-eabi/14.2.1/../../../../arm-none-eabi/lib/thumb/v8-m.main+fp/hard\libcr_nohost_nf.a(__sys_remove.o)
                0x080071b8                __sys_remove
 .text.__sys_seek
                0x080071be        0x6 C:/nxp/MCUXpressoIDE_25.6.136/ide/plugins/com.nxp.mcuxpresso.tools.win32_25.6.0.202501151204/tools/bin/../lib/gcc/arm-none-eabi/14.2.1/../../../../arm-none-eabi/lib/thumb/v8-m.main+fp/hard\libcr_nohost_nf.a(__sys_seek.o)
                0x080071be                __sys_seek
 .text.__sys_tmpnam
                0x080071c4        0x6 C:/nxp/MCUXpressoIDE_25.6.136/ide/plugins/com.nxp.mcuxpresso.tools.win32_25.6.0.202501151204/tools/bin/../lib/gcc/arm-none-eabi/14.2.1/../../../../arm-none-eabi/lib/thumb/v8-m.main+fp/hard\libcr_nohost_nf.a(__sys_tmpnam.o)
                0x080071c4                __sys_tmpnam
 .text.__sys_write
                0x080071ca        0x4 C:/nxp/MCUXpressoIDE_25.6.136/ide/plugins/com.nxp.mcuxpresso.tools.win32_25.6.0.202501151204/tools/bin/../lib/gcc/arm-none-eabi/14.2.1/../../../../arm-none-eabi/lib/thumb/v8-m.main+fp/hard\libcr_nohost_nf.a(__sys_write.o)
                0x080071ca                __sys_write
 *fill*         0x080071ce        0x2 ff
 .text.__sys_write.__stub
                0x080071d0       0x20 linker stubs
 *(SORT_BY_ALIGNMENT(.rodata) SORT_BY_ALIGNMENT(.rodata.*) SORT_BY_ALIGNMENT(.constdata) SORT_BY_ALIGNMENT(.constdata.*))
 *fill*         0x080071f0        0x0 ff
 .rodata.__assertion_failed.str1.4
                0x080071f0     0x13fd ./utilities/fsl_assert.o
                                 0x14 (size before relaxing)
 .rodata.main.str1.4
                0x080085ed       0x3f ./source/spi_interrupt_b2b_transfer_master.o
 *fill*         0x080085ed        0x3 ff
 .rodata.s_avpllFreq
                0x080085f0       0x2c ./drivers/fsl_clock.o
 .rodata.s_avpllFreqOff
                0x0800861c       0x2c ./drivers/fsl_clock.o
 .rodata.s_avpllPostDiv
                0x08008648       0x2c ./drivers/fsl_clock.o
 .rodata.s_avpllPostDiv0p5
                0x08008674       0x2c ./drivers/fsl_clock.o
 .rodata.CLOCK_DelayUs.str1.4
                0x080086a0       0x94 ./drivers/fsl_clock.o
 .rodata.CLOCK_GetT3PllMciIrcClkFreq.str1.4
                0x080086a0       0x18 ./drivers/fsl_clock.o
 .rodata.CLOCK_GetTcpuFvcoFreq.str1.4
                0x080086a0       0x18 ./drivers/fsl_clock.o
 .rodata.CLOCK_EnableClock.str1.4
                0x080086a0       0x18 ./drivers/fsl_clock.o
 .rodata.CLOCK_DisableClock.str1.4
                0x080086a0       0x18 ./drivers/fsl_clock.o
 .rodata.CLOCK_GetFRGClock.str1.4
                0x080086a0       0x18 ./drivers/fsl_clock.o
 .rodata.CLOCK_SetFRGClock.str1.4
                0x080086a0       0x60 ./drivers/fsl_clock.o
 .rodata.CLOCK_GetFlexCommClkFreq.str1.4
                0x080086a0       0x18 ./drivers/fsl_clock.o
 .rodata.CLOCK_CfgTcpuRefClk.str1.4
                0x080086a0       0x19 ./drivers/fsl_clock.o
 .rodata.CLOCK_InitAvPll.str1.4
                0x080086a0       0x18 ./drivers/fsl_clock.o
 .rodata.SDK_DelayAtLeastUs.str1.4
                0x080086a0       0x2b ./drivers/fsl_common_arm.o
 .rodata.s_flexcommBaseAddrs
                0x080086a0       0x14 ./drivers/fsl_flexcomm.o
 .rodata.s_flexcommClocks
                0x080086b4       0x14 ./drivers/fsl_flexcomm.o
 .rodata.s_flexcommResets
                0x080086c8        0xa ./drivers/fsl_flexcomm.o
 .rodata.FLEXCOMM_GetInstance.str1.4
                0x080086d2       0x41 ./drivers/fsl_flexcomm.o
 .rodata.FLEXCOMM0_DriverIRQHandler.str1.4
                0x080086d2       0x3c ./drivers/fsl_flexcomm.o
 .rodata.FLEXCOMM1_DriverIRQHandler.str1.4
                0x080086d2       0x3c ./drivers/fsl_flexcomm.o
 .rodata.FLEXCOMM2_DriverIRQHandler.str1.4
                0x080086d2       0x3c ./drivers/fsl_flexcomm.o
 .rodata.FLEXCOMM3_DriverIRQHandler.str1.4
                0x080086d2       0x3c ./drivers/fsl_flexcomm.o
 .rodata.FLEXCOMM14_DriverIRQHandler.str1.4
                0x080086d2       0x3c ./drivers/fsl_flexcomm.o
 .rodata.OCOTP_ReadSVC.str1.4
                0x080086d2       0x1e ./drivers/fsl_ocotp.o
 .rodata.OCOTP_ReadPackage.str1.4
                0x080086d2       0x1f ./drivers/fsl_ocotp.o
 .rodata.str1.4
                0x080086d2      0x23b ./drivers/fsl_power.o
 *fill*         0x080086d2        0x2 ff
 .rodata.s_droTable
                0x080086d4       0x13 ./drivers/fsl_power.o
 .rodata.POWER_GetThresholdParams.str1.4
                0x080086e7       0x60 ./drivers/fsl_power.o
 .rodata.POWER_SaveNvicState.str1.4
                0x080086e7       0x76 ./drivers/fsl_power.o
 .rodata.POWER_RestoreNvicState.str1.4
                0x080086e7       0x76 ./drivers/fsl_power.o
 .rodata.POWER_EnableWakeup.str1.4
                0x080086e7       0x24 ./drivers/fsl_power.o
 .rodata.POWER_InitVSensorThreshold.str1.4
                0x080086e7      0x31b ./drivers/fsl_power.o
 .rodata.Power_InitLoadGdetCfg.str1.4
                0x080086e7       0x62 ./drivers/fsl_power.o
 .rodata.POWER_InitVoltage.str1.4
                0x080086e7       0x46 ./drivers/fsl_power.o
 .rodata.POWER_TrimSvc.str1.4
                0x080086e7       0x39 ./drivers/fsl_power.o
 .rodata.RESET_SetPeripheralReset.str1.4
                0x080086e7       0x1e ./drivers/fsl_reset.o
 .rodata.RESET_ClearPeripheralReset.str1.4
                0x080086e7       0x1f ./drivers/fsl_reset.o
 .rodata.SPI_SetTransferDelay.str1.4
                0x080086e7       0x3f ./drivers/fsl_spi.o
 *fill*         0x080086e7        0x1 ff
 .rodata.s_spiBaseAddrs
                0x080086e8       0x14 ./drivers/fsl_spi.o
 .rodata.s_spiIRQ
                0x080086fc        0xa ./drivers/fsl_spi.o
 .rodata.SPI_GetInstance.str1.4
                0x08008706       0x37 ./drivers/fsl_spi.o
 .rodata.SPI_MasterGetDefaultConfig.str1.4
                0x08008706       0x1f ./drivers/fsl_spi.o
 .rodata.SPI_MasterInit.str1.4
                0x08008706       0x4d ./drivers/fsl_spi.o
 .rodata.SPI_MasterSetBaud.str1.4
                0x08008706       0x51 ./drivers/fsl_spi.o
 .rodata.SPI_MasterTransferCreateHandle.str1.4
                0x08008706       0x3f ./drivers/fsl_spi.o
 .rodata.SPI_MasterTransferNonBlocking.str1.4
                0x08008706       0xe4 ./drivers/fsl_spi.o
 .rodata.SPI_TransferHandleIRQInternal.str1.4
                0x08008706       0x6d ./drivers/fsl_spi.o
 .rodata.SPI_MasterTransferHandleIRQ.str1.4
                0x08008706       0x34 ./drivers/fsl_spi.o
 .rodata.USART_Init.str1.4
                0x08008706       0x4f ./drivers/fsl_usart.o
 .rodata.USART_GetDefaultConfig.str1.4
                0x08008706       0x21 ./drivers/fsl_usart.o
 .rodata.USART_SetBaudRate.str1.4
                0x08008706       0x53 ./drivers/fsl_usart.o
 .rodata.USART_WriteBlocking.str1.4
                0x08008706       0x36 ./drivers/fsl_usart.o
 .rodata.USART_ReadBlocking.str1.4
                0x08008706       0x36 ./drivers/fsl_usart.o
 *fill*         0x08008706        0x2 ff
 .rodata.s_UsartAdapterBase
                0x08008708       0x14 ./component/uart/fsl_adapter_usart.o
 .rodata.HAL_UartInitCommon.str1.4
                0x0800871c       0xeb ./component/uart/fsl_adapter_usart.o
 .rodata.HAL_UartReceiveBlocking.str1.4
                0x0800871c       0x65 ./component/uart/fsl_adapter_usart.o
 .rodata.HAL_UartSendBlocking.str1.4
                0x0800871c       0x65 ./component/uart/fsl_adapter_usart.o
 .rodata        0x0800871c       0x24 ./board/board.o
 .rodata.ConfigSvcSensor.str1.4
                0x08008740       0x28 ./board/board.o
 .rodata.avpllConfig_BOARD_BootClockRUN
                0x08008740        0x3 ./board/clock_config.o
                0x08008740                avpllConfig_BOARD_BootClockRUN
 .rodata.IO_MUX_SetPinMux.str1.4
                0x08008743      0x169 ./board/pin_mux.o
 .rodata.IO_MUX_SetPinConfig.str1.4
                0x08008743       0x95 ./board/pin_mux.o
 *fill*         0x08008743        0x1 ff
 .rodata.__num_Ciob_streams
                0x08008744        0x4 C:/nxp/MCUXpressoIDE_25.6.136/ide/plugins/com.nxp.mcuxpresso.tools.win32_25.6.0.202501151204/tools/bin/../lib/gcc/arm-none-eabi/14.2.1/../../../../arm-none-eabi/lib/thumb/v8-m.main+fp/hard\libcr_nohost_nf.a(__ciob.o)
                0x08008744                __num_Ciob_streams
 .rodata._initio.str1.1
                0x08008748        0x4 C:/nxp/MCUXpressoIDE_25.6.136/ide/plugins/com.nxp.mcuxpresso.tools.win32_25.6.0.202501151204/tools/bin/../lib/gcc/arm-none-eabi/14.2.1/../../../../arm-none-eabi/lib/thumb/v8-m.main+fp/hard\libcr_c.a(initio.o)
                0x0800874c                        . = ALIGN (0x4)

.glue_7         0x0800874c        0x0
 .glue_7        0x0800874c        0x0 linker stubs

.glue_7t        0x0800874c        0x0
 .glue_7t       0x0800874c        0x0 linker stubs

.vfp11_veneer   0x0800874c        0x0
 .vfp11_veneer  0x0800874c        0x0 linker stubs

.v4_bx          0x0800874c        0x0
 .v4_bx         0x0800874c        0x0 linker stubs

.iplt           0x0800874c        0x0
 .iplt          0x0800874c        0x0 ./utilities/debug_console_lite/fsl_debug_console.o

.rel.dyn        0x0800874c        0x0
 .rel.iplt      0x0800874c        0x0 ./utilities/debug_console_lite/fsl_debug_console.o

.ARM.extab
 *(SORT_BY_ALIGNMENT(.ARM.extab*) SORT_BY_ALIGNMENT(.gnu.linkonce.armextab.*))

.ARM.exidx      0x0800874c        0x0
                0x0800874c                        __exidx_start = .
 *(SORT_BY_ALIGNMENT(.ARM.exidx*) SORT_BY_ALIGNMENT(.gnu.linkonce.armexidx.*))
                0x0800874c                        __exidx_end = .
                0x0800874c                        _etext = .

.uninit_RESERVED
                0x20000000        0x0
                0x20000000                        _start_uninit_RESERVED = .
 *(SORT_BY_ALIGNMENT(.bss.$RESERVED*))
                0x20000000                        . = ALIGN (0x4)
                0x20000000                        _end_uninit_RESERVED = .

.data           0x20000000      0xc24 load address 0x0800874c
 FILL mask 0xff
                0x20000000                        _data = .
                [!provide]                        PROVIDE (__start_data_RAM = .)
                [!provide]                        PROVIDE (__start_data_SRAM = .)
 *(SORT_BY_ALIGNMENT(vtable))
 *(SORT_BY_ALIGNMENT(.ramfunc*))
 *(SORT_BY_ALIGNMENT(CodeQuickAccess))
 CodeQuickAccess
                0x20000000      0xa44 ./drivers/fsl_power.o
                0x20000000                POWER_SetSleepMode
                0x20000060                POWER_EnterPowerMode
                0x200000cc                POWER_DisableGDetVSensors
                0x20000248                POWER_EnableGDetVSensors
 CodeQuickAccess
                0x20000a44      0x1a0 ./board/board.o
                0x20000a44                BOARD_SetFlexspiClock
                0x20000acc                BOARD_DeinitFlash
                0x20000b24                BOARD_InitFlash
 *fill*         0x20000be4        0x4 ff
 CodeQuickAccess.__stub
                0x20000be8       0x38 linker stubs
 *(SORT_BY_ALIGNMENT(DataQuickAccess))
 *(SORT_BY_ALIGNMENT(RamFunction))
 *(SORT_BY_ALIGNMENT(.data*))
 .data.SystemCoreClock
                0x20000c20        0x4 ./device/system_RW612.o
                0x20000c20                SystemCoreClock
                0x20000c24                        . = ALIGN (0x4)
                0x20000c24                        _edata = .
                [!provide]                        PROVIDE (__end_data_RAM = .)
                [!provide]                        PROVIDE (__end_data_SRAM = .)

.igot.plt       0x20000c24        0x0 load address 0x08009370
 .igot.plt      0x20000c24        0x0 ./utilities/debug_console_lite/fsl_debug_console.o

.bss            0x20000c24      0x324
                0x20000c24                        _bss = .
                [!provide]                        PROVIDE (__start_bss_RAM = .)
                [!provide]                        PROVIDE (__start_bss_SRAM = .)
 *(SORT_BY_ALIGNMENT(.bss*))
 .bss.s_debugConsole
                0x20000c24       0x14 ./utilities/debug_console_lite/fsl_debug_console.o
 .bss.srcBuff   0x20000c38       0x40 ./source/spi_interrupt_b2b_transfer_master.o
 .bss.destBuff  0x20000c78       0x40 ./source/spi_interrupt_b2b_transfer_master.o
 .bss.handle    0x20000cb8       0x30 ./source/spi_interrupt_b2b_transfer_master.o
                0x20000cb8                handle
 .bss.g_clkinFreq
                0x20000ce8        0x4 ./drivers/fsl_clock.o
                0x20000ce8                g_clkinFreq
 .bss.g_mclkinFreq
                0x20000cec        0x4 ./drivers/fsl_clock.o
                0x20000cec                g_mclkinFreq
 .bss.s_flexcommIrqHandler
                0x20000cf0       0x14 ./drivers/fsl_flexcomm.o
 .bss.s_flexcommHandle
                0x20000d04       0x14 ./drivers/fsl_flexcomm.o
 .bss.s_flexspiHandle
                0x20000d18        0x4 ./drivers/fsl_flexspi.o
 .bss.s_flexspiIsr
                0x20000d1c        0x4 ./drivers/fsl_flexspi.o
 .bss.s_nvicContext
                0x20000d20       0xec ./drivers/fsl_power.o
 .bss.s_systickContext
                0x20000e0c        0x8 ./drivers/fsl_power.o
 .bss.s_clockContext
                0x20000e14        0x4 ./drivers/fsl_power.o
 .bss.s_gdetSensorContext
                0x20000e18       0x28 ./drivers/fsl_power.o
 .bss.s_captPulseCb
                0x20000e40        0x4 ./drivers/fsl_power.o
 .bss.s_captPulseCbParam
                0x20000e44        0x4 ./drivers/fsl_power.o
 .bss.s_preSwitch
                0x20000e48        0x4 ./drivers/fsl_power.o
 .bss.s_preSwitchParam
                0x20000e4c        0x4 ./drivers/fsl_power.o
 .bss.s_postSwitch
                0x20000e50        0x4 ./drivers/fsl_power.o
 .bss.s_postSwitchParam
                0x20000e54        0x4 ./drivers/fsl_power.o
 .bss.s_gdetCfgloadFunc
                0x20000e58        0x4 ./drivers/fsl_power.o
 .bss.s_gdetCfgData
                0x20000e5c       0x1c ./drivers/fsl_power.o
 .bss.g_configs
                0x20000e78        0xa ./drivers/fsl_spi.o
 *fill*         0x20000e82        0x2 
 .bss.s_dummyData
                0x20000e84        0x5 ./drivers/fsl_spi.o
                0x20000e84                s_dummyData
 *fill*         0x20000e89        0x3 
 .bss.errno     0x20000e8c        0x4 C:/nxp/MCUXpressoIDE_25.6.136/ide/plugins/com.nxp.mcuxpresso.tools.win32_25.6.0.202501151204/tools/bin/../lib/gcc/arm-none-eabi/14.2.1/../../../../arm-none-eabi/lib/thumb/v8-m.main+fp/hard\libcr_c.a(errno.o)
                0x20000e8c                errno
 .bss.__Ciob    0x20000e90       0xb4 C:/nxp/MCUXpressoIDE_25.6.136/ide/plugins/com.nxp.mcuxpresso.tools.win32_25.6.0.202501151204/tools/bin/../lib/gcc/arm-none-eabi/14.2.1/../../../../arm-none-eabi/lib/thumb/v8-m.main+fp/hard\libcr_nohost_nf.a(__ciob.o)
                0x20000e90                __Ciob
 .bss.masterFinished
                0x20000f44        0x1 ./source/spi_interrupt_b2b_transfer_master.o
 *(SORT_BY_ALIGNMENT(COMMON))
                0x20000f48                        . = ALIGN (0x4)
 *fill*         0x20000f45        0x3 
                0x20000f48                        _ebss = .
                [!provide]                        PROVIDE (__end_bss_RAM = .)
                [!provide]                        PROVIDE (__end_bss_SRAM = .)
                [!provide]                        PROVIDE (end = .)

.noinit         0x20000f48        0x0
                0x20000f48                        _noinit = .
                [!provide]                        PROVIDE (__start_noinit_RAM = .)
                [!provide]                        PROVIDE (__start_noinit_SRAM = .)
 *(SORT_BY_ALIGNMENT(.noinit*))
                0x20000f48                        . = ALIGN (0x4)
                0x20000f48                        _end_noinit = .
                [!provide]                        PROVIDE (__end_noinit_RAM = .)
                [!provide]                        PROVIDE (__end_noinit_SRAM = .)
                0x00001000                        _HeapSize = 0x1000

.heap           0x20000f48     0x1000
                0x20000f48                        _pvHeapStart = .
                0x20001f48                        . = (. + _HeapSize)
 *fill*         0x20000f48     0x1000 
                0x20001f48                        . = ALIGN (0x4)
                0x20001f48                        _pvHeapLimit = .
                0x00001000                        _StackSize = 0x1000

.heap2stackfill
                0x20001f48     0x1000
                0x20002f48                        . = (. + _StackSize)
 *fill*         0x20001f48     0x1000 

.stack          0x2012f000        0x0
                0x2012f000                        _vStackBase = .
                0x2012f000                        . = ALIGN (0x4)
                0x20130000                        _vStackTop = (. + _StackSize)
                0x08001000                        _image_start = LOADADDR (.text)
                0x08009370                        _image_end = (LOADADDR (.data) + SIZEOF (.data))
                0x00008370                        _image_size = (_image_end - _image_start)
OUTPUT(frdmrw612_flexcomm_spi_interrupt_b2b_transfer_master.axf elf32-littlearm)
LOAD linker stubs

.debug_info     0x00000000    0x1fcce
 .debug_info    0x00000000      0xd1e ./utilities/debug_console_lite/fsl_debug_console.o
 .debug_info    0x00000d1e      0x1c9 ./utilities/fsl_assert.o
 .debug_info    0x00000ee7       0x24 ./utilities/fsl_memcpy.o
 .debug_info    0x00000f0b     0x11bf ./startup/startup_rw612.o
 .debug_info    0x000020ca       0x3c ./source/semihost_hardfault.o
 .debug_info    0x00002106      0xc1c ./source/spi_interrupt_b2b_transfer_master.o
 .debug_info    0x00002d22      0x83f ./flash_config/flash_config.o
 .debug_info    0x00003561     0x34d2 ./drivers/fsl_clock.o
 .debug_info    0x00006a33      0x38b ./drivers/fsl_common_arm.o
 .debug_info    0x00006dbe      0xf18 ./drivers/fsl_flexcomm.o
 .debug_info    0x00007cd6     0x2784 ./drivers/fsl_flexspi.o
 .debug_info    0x0000a45a      0xe10 ./drivers/fsl_ocotp.o
 .debug_info    0x0000b26a     0x4c1b ./drivers/fsl_power.o
 .debug_info    0x0000fe85      0x48e ./drivers/fsl_reset.o
 .debug_info    0x00010313     0x1c03 ./drivers/fsl_spi.o
 .debug_info    0x00011f16     0x1c99 ./drivers/fsl_usart.o
 .debug_info    0x00013baf     0x1569 ./device/system_RW612.o
 .debug_info    0x00015118      0xdba ./component/uart/fsl_adapter_usart.o
 .debug_info    0x00015ed2      0xf1e ./component/els_pkc/src/comps/mcuxClEls/src/mcuxClEls_Common.o
 .debug_info    0x00016df0      0x68f ./component/els_pkc/src/comps/mcuxClEls/src/mcuxClEls_GlitchDetector.o
 .debug_info    0x0001747f     0x37db ./board/board.o
 .debug_info    0x0001ac5a     0x1788 ./board/clock_config.o
 .debug_info    0x0001c3e2      0x4f6 ./board/hardware_init.o
 .debug_info    0x0001c8d8      0xa77 ./board/pin_mux.o
 .debug_info    0x0001d34f       0x85 C:/nxp/MCUXpressoIDE_25.6.136/ide/plugins/com.nxp.mcuxpresso.tools.win32_25.6.0.202501151204/tools/bin/../lib/gcc/arm-none-eabi/14.2.1/../../../../arm-none-eabi/lib/thumb/v8-m.main+fp/hard\libcr_nohost_nf.a(_cr__main.o)
 .debug_info    0x0001d3d4       0xfc C:/nxp/MCUXpressoIDE_25.6.136/ide/plugins/com.nxp.mcuxpresso.tools.win32_25.6.0.202501151204/tools/bin/../lib/gcc/arm-none-eabi/14.2.1/../../../../arm-none-eabi/lib/thumb/v8-m.main+fp/hard\libcr_c.a(memset.o)
 .debug_info    0x0001d4d0      0x520 C:/nxp/MCUXpressoIDE_25.6.136/ide/plugins/com.nxp.mcuxpresso.tools.win32_25.6.0.202501151204/tools/bin/../lib/gcc/arm-none-eabi/14.2.1/../../../../arm-none-eabi/lib/thumb/v8-m.main+fp/hard\libcr_c.a(alloc.o)
 .debug_info    0x0001d9f0       0x44 C:/nxp/MCUXpressoIDE_25.6.136/ide/plugins/com.nxp.mcuxpresso.tools.win32_25.6.0.202501151204/tools/bin/../lib/gcc/arm-none-eabi/14.2.1/../../../../arm-none-eabi/lib/thumb/v8-m.main+fp/hard\libcr_c.a(errno.o)
 .debug_info    0x0001da34      0x339 C:/nxp/MCUXpressoIDE_25.6.136/ide/plugins/com.nxp.mcuxpresso.tools.win32_25.6.0.202501151204/tools/bin/../lib/gcc/arm-none-eabi/14.2.1/../../../../arm-none-eabi/lib/thumb/v8-m.main+fp/hard\libcr_c.a(initio.o)
 .debug_info    0x0001dd6d      0x1fd C:/nxp/MCUXpressoIDE_25.6.136/ide/plugins/com.nxp.mcuxpresso.tools.win32_25.6.0.202501151204/tools/bin/../lib/gcc/arm-none-eabi/14.2.1/../../../../arm-none-eabi/lib/thumb/v8-m.main+fp/hard\libcr_c.a(setvbuf.o)
 .debug_info    0x0001df6a       0xe1 C:/nxp/MCUXpressoIDE_25.6.136/ide/plugins/com.nxp.mcuxpresso.tools.win32_25.6.0.202501151204/tools/bin/../lib/gcc/arm-none-eabi/14.2.1/../../../../arm-none-eabi/lib/thumb/v8-m.main+fp/hard\libcr_c.a(strlen.o)
 .debug_info    0x0001e04b      0x396 C:/nxp/MCUXpressoIDE_25.6.136/ide/plugins/com.nxp.mcuxpresso.tools.win32_25.6.0.202501151204/tools/bin/../lib/gcc/arm-none-eabi/14.2.1/../../../../arm-none-eabi/lib/thumb/v8-m.main+fp/hard\libcr_c.a(_deferredlazyseek.o)
 .debug_info    0x0001e3e1      0x24b C:/nxp/MCUXpressoIDE_25.6.136/ide/plugins/com.nxp.mcuxpresso.tools.win32_25.6.0.202501151204/tools/bin/../lib/gcc/arm-none-eabi/14.2.1/../../../../arm-none-eabi/lib/thumb/v8-m.main+fp/hard\libcr_c.a(_fdopen.o)
 .debug_info    0x0001e62c      0x1e3 C:/nxp/MCUXpressoIDE_25.6.136/ide/plugins/com.nxp.mcuxpresso.tools.win32_25.6.0.202501151204/tools/bin/../lib/gcc/arm-none-eabi/14.2.1/../../../../arm-none-eabi/lib/thumb/v8-m.main+fp/hard\libcr_c.a(_fflush.o)
 .debug_info    0x0001e80f      0x289 C:/nxp/MCUXpressoIDE_25.6.136/ide/plugins/com.nxp.mcuxpresso.tools.win32_25.6.0.202501151204/tools/bin/../lib/gcc/arm-none-eabi/14.2.1/../../../../arm-none-eabi/lib/thumb/v8-m.main+fp/hard\libcr_c.a(_writebuf.o)
 .debug_info    0x0001ea98      0x31e C:/nxp/MCUXpressoIDE_25.6.136/ide/plugins/com.nxp.mcuxpresso.tools.win32_25.6.0.202501151204/tools/bin/../lib/gcc/arm-none-eabi/14.2.1/../../../../arm-none-eabi/lib/thumb/v8-m.main+fp/hard\libcr_c.a(fclose.o)
 .debug_info    0x0001edb6      0x209 C:/nxp/MCUXpressoIDE_25.6.136/ide/plugins/com.nxp.mcuxpresso.tools.win32_25.6.0.202501151204/tools/bin/../lib/gcc/arm-none-eabi/14.2.1/../../../../arm-none-eabi/lib/thumb/v8-m.main+fp/hard\libcr_c.a(fflush.o)
 .debug_info    0x0001efbf      0x276 C:/nxp/MCUXpressoIDE_25.6.136/ide/plugins/com.nxp.mcuxpresso.tools.win32_25.6.0.202501151204/tools/bin/../lib/gcc/arm-none-eabi/14.2.1/../../../../arm-none-eabi/lib/thumb/v8-m.main+fp/hard\libcr_c.a(fseek.o)
 .debug_info    0x0001f235      0x197 C:/nxp/MCUXpressoIDE_25.6.136/ide/plugins/com.nxp.mcuxpresso.tools.win32_25.6.0.202501151204/tools/bin/../lib/gcc/arm-none-eabi/14.2.1/../../../../arm-none-eabi/lib/thumb/v8-m.main+fp/hard\libcr_c.a(ftell.o)
 .debug_info    0x0001f3cc      0x1d7 C:/nxp/MCUXpressoIDE_25.6.136/ide/plugins/com.nxp.mcuxpresso.tools.win32_25.6.0.202501151204/tools/bin/../lib/gcc/arm-none-eabi/14.2.1/../../../../arm-none-eabi/lib/thumb/v8-m.main+fp/hard\libcr_c.a(remove.o)
 .debug_info    0x0001f5a3      0x23a C:/nxp/MCUXpressoIDE_25.6.136/ide/plugins/com.nxp.mcuxpresso.tools.win32_25.6.0.202501151204/tools/bin/../lib/gcc/arm-none-eabi/14.2.1/../../../../arm-none-eabi/lib/thumb/v8-m.main+fp/hard\libcr_c.a(_do_fflush.o)
 .debug_info    0x0001f7dd      0x18b C:/nxp/MCUXpressoIDE_25.6.136/ide/plugins/com.nxp.mcuxpresso.tools.win32_25.6.0.202501151204/tools/bin/../lib/gcc/arm-none-eabi/14.2.1/../../../../arm-none-eabi/lib/thumb/v8-m.main+fp/hard\libcr_nohost_nf.a(__ciob.o)
 .debug_info    0x0001f968       0x6a C:/nxp/MCUXpressoIDE_25.6.136/ide/plugins/com.nxp.mcuxpresso.tools.win32_25.6.0.202501151204/tools/bin/../lib/gcc/arm-none-eabi/14.2.1/../../../../arm-none-eabi/lib/thumb/v8-m.main+fp/hard\libcr_nohost_nf.a(__sys_close.o)
 .debug_info    0x0001f9d2       0x6a C:/nxp/MCUXpressoIDE_25.6.136/ide/plugins/com.nxp.mcuxpresso.tools.win32_25.6.0.202501151204/tools/bin/../lib/gcc/arm-none-eabi/14.2.1/../../../../arm-none-eabi/lib/thumb/v8-m.main+fp/hard\libcr_nohost_nf.a(__sys_flen.o)
 .debug_info    0x0001fa3c       0x6a C:/nxp/MCUXpressoIDE_25.6.136/ide/plugins/com.nxp.mcuxpresso.tools.win32_25.6.0.202501151204/tools/bin/../lib/gcc/arm-none-eabi/14.2.1/../../../../arm-none-eabi/lib/thumb/v8-m.main+fp/hard\libcr_nohost_nf.a(__sys_istty.o)
 .debug_info    0x0001faa6       0x8a C:/nxp/MCUXpressoIDE_25.6.136/ide/plugins/com.nxp.mcuxpresso.tools.win32_25.6.0.202501151204/tools/bin/../lib/gcc/arm-none-eabi/14.2.1/../../../../arm-none-eabi/lib/thumb/v8-m.main+fp/hard\libcr_nohost_nf.a(__sys_remove.o)
 .debug_info    0x0001fb30       0x78 C:/nxp/MCUXpressoIDE_25.6.136/ide/plugins/com.nxp.mcuxpresso.tools.win32_25.6.0.202501151204/tools/bin/../lib/gcc/arm-none-eabi/14.2.1/../../../../arm-none-eabi/lib/thumb/v8-m.main+fp/hard\libcr_nohost_nf.a(__sys_seek.o)
 .debug_info    0x0001fba8       0x93 C:/nxp/MCUXpressoIDE_25.6.136/ide/plugins/com.nxp.mcuxpresso.tools.win32_25.6.0.202501151204/tools/bin/../lib/gcc/arm-none-eabi/14.2.1/../../../../arm-none-eabi/lib/thumb/v8-m.main+fp/hard\libcr_nohost_nf.a(__sys_tmpnam.o)
 .debug_info    0x0001fc3b       0x93 C:/nxp/MCUXpressoIDE_25.6.136/ide/plugins/com.nxp.mcuxpresso.tools.win32_25.6.0.202501151204/tools/bin/../lib/gcc/arm-none-eabi/14.2.1/../../../../arm-none-eabi/lib/thumb/v8-m.main+fp/hard\libcr_nohost_nf.a(__sys_write.o)

.debug_abbrev   0x00000000     0x490b
 .debug_abbrev  0x00000000      0x256 ./utilities/debug_console_lite/fsl_debug_console.o
 .debug_abbrev  0x00000256      0x114 ./utilities/fsl_assert.o
 .debug_abbrev  0x0000036a       0x14 ./utilities/fsl_memcpy.o
 .debug_abbrev  0x0000037e      0x15f ./startup/startup_rw612.o
 .debug_abbrev  0x000004dd       0x31 ./source/semihost_hardfault.o
 .debug_abbrev  0x0000050e      0x210 ./source/spi_interrupt_b2b_transfer_master.o
 .debug_abbrev  0x0000071e       0xf3 ./flash_config/flash_config.o
 .debug_abbrev  0x00000811      0x457 ./drivers/fsl_clock.o
 .debug_abbrev  0x00000c68      0x16a ./drivers/fsl_common_arm.o
 .debug_abbrev  0x00000dd2      0x272 ./drivers/fsl_flexcomm.o
 .debug_abbrev  0x00001044      0x39c ./drivers/fsl_flexspi.o
 .debug_abbrev  0x000013e0      0x296 ./drivers/fsl_ocotp.o
 .debug_abbrev  0x00001676      0x4c2 ./drivers/fsl_power.o
 .debug_abbrev  0x00001b38      0x123 ./drivers/fsl_reset.o
 .debug_abbrev  0x00001c5b      0x367 ./drivers/fsl_spi.o
 .debug_abbrev  0x00001fc2      0x410 ./drivers/fsl_usart.o
 .debug_abbrev  0x000023d2      0x1fe ./device/system_RW612.o
 .debug_abbrev  0x000025d0      0x214 ./component/uart/fsl_adapter_usart.o
 .debug_abbrev  0x000027e4      0x268 ./component/els_pkc/src/comps/mcuxClEls/src/mcuxClEls_Common.o
 .debug_abbrev  0x00002a4c      0x13e ./component/els_pkc/src/comps/mcuxClEls/src/mcuxClEls_GlitchDetector.o
 .debug_abbrev  0x00002b8a      0x3d2 ./board/board.o
 .debug_abbrev  0x00002f5c      0x1c3 ./board/clock_config.o
 .debug_abbrev  0x0000311f       0xb5 ./board/hardware_init.o
 .debug_abbrev  0x000031d4      0x188 ./board/pin_mux.o
 .debug_abbrev  0x0000335c       0x70 C:/nxp/MCUXpressoIDE_25.6.136/ide/plugins/com.nxp.mcuxpresso.tools.win32_25.6.0.202501151204/tools/bin/../lib/gcc/arm-none-eabi/14.2.1/../../../../arm-none-eabi/lib/thumb/v8-m.main+fp/hard\libcr_nohost_nf.a(_cr__main.o)
 .debug_abbrev  0x000033cc       0xa8 C:/nxp/MCUXpressoIDE_25.6.136/ide/plugins/com.nxp.mcuxpresso.tools.win32_25.6.0.202501151204/tools/bin/../lib/gcc/arm-none-eabi/14.2.1/../../../../arm-none-eabi/lib/thumb/v8-m.main+fp/hard\libcr_c.a(memset.o)
 .debug_abbrev  0x00003474      0x284 C:/nxp/MCUXpressoIDE_25.6.136/ide/plugins/com.nxp.mcuxpresso.tools.win32_25.6.0.202501151204/tools/bin/../lib/gcc/arm-none-eabi/14.2.1/../../../../arm-none-eabi/lib/thumb/v8-m.main+fp/hard\libcr_c.a(alloc.o)
 .debug_abbrev  0x000036f8       0x44 C:/nxp/MCUXpressoIDE_25.6.136/ide/plugins/com.nxp.mcuxpresso.tools.win32_25.6.0.202501151204/tools/bin/../lib/gcc/arm-none-eabi/14.2.1/../../../../arm-none-eabi/lib/thumb/v8-m.main+fp/hard\libcr_c.a(errno.o)
 .debug_abbrev  0x0000373c      0x169 C:/nxp/MCUXpressoIDE_25.6.136/ide/plugins/com.nxp.mcuxpresso.tools.win32_25.6.0.202501151204/tools/bin/../lib/gcc/arm-none-eabi/14.2.1/../../../../arm-none-eabi/lib/thumb/v8-m.main+fp/hard\libcr_c.a(initio.o)
 .debug_abbrev  0x000038a5       0xe1 C:/nxp/MCUXpressoIDE_25.6.136/ide/plugins/com.nxp.mcuxpresso.tools.win32_25.6.0.202501151204/tools/bin/../lib/gcc/arm-none-eabi/14.2.1/../../../../arm-none-eabi/lib/thumb/v8-m.main+fp/hard\libcr_c.a(setvbuf.o)
 .debug_abbrev  0x00003986       0xa7 C:/nxp/MCUXpressoIDE_25.6.136/ide/plugins/com.nxp.mcuxpresso.tools.win32_25.6.0.202501151204/tools/bin/../lib/gcc/arm-none-eabi/14.2.1/../../../../arm-none-eabi/lib/thumb/v8-m.main+fp/hard\libcr_c.a(strlen.o)
 .debug_abbrev  0x00003a2d      0x18e C:/nxp/MCUXpressoIDE_25.6.136/ide/plugins/com.nxp.mcuxpresso.tools.win32_25.6.0.202501151204/tools/bin/../lib/gcc/arm-none-eabi/14.2.1/../../../../arm-none-eabi/lib/thumb/v8-m.main+fp/hard\libcr_c.a(_deferredlazyseek.o)
 .debug_abbrev  0x00003bbb      0x119 C:/nxp/MCUXpressoIDE_25.6.136/ide/plugins/com.nxp.mcuxpresso.tools.win32_25.6.0.202501151204/tools/bin/../lib/gcc/arm-none-eabi/14.2.1/../../../../arm-none-eabi/lib/thumb/v8-m.main+fp/hard\libcr_c.a(_fdopen.o)
 .debug_abbrev  0x00003cd4       0xf1 C:/nxp/MCUXpressoIDE_25.6.136/ide/plugins/com.nxp.mcuxpresso.tools.win32_25.6.0.202501151204/tools/bin/../lib/gcc/arm-none-eabi/14.2.1/../../../../arm-none-eabi/lib/thumb/v8-m.main+fp/hard\libcr_c.a(_fflush.o)
 .debug_abbrev  0x00003dc5      0x126 C:/nxp/MCUXpressoIDE_25.6.136/ide/plugins/com.nxp.mcuxpresso.tools.win32_25.6.0.202501151204/tools/bin/../lib/gcc/arm-none-eabi/14.2.1/../../../../arm-none-eabi/lib/thumb/v8-m.main+fp/hard\libcr_c.a(_writebuf.o)
 .debug_abbrev  0x00003eeb      0x158 C:/nxp/MCUXpressoIDE_25.6.136/ide/plugins/com.nxp.mcuxpresso.tools.win32_25.6.0.202501151204/tools/bin/../lib/gcc/arm-none-eabi/14.2.1/../../../../arm-none-eabi/lib/thumb/v8-m.main+fp/hard\libcr_c.a(fclose.o)
 .debug_abbrev  0x00004043      0x125 C:/nxp/MCUXpressoIDE_25.6.136/ide/plugins/com.nxp.mcuxpresso.tools.win32_25.6.0.202501151204/tools/bin/../lib/gcc/arm-none-eabi/14.2.1/../../../../arm-none-eabi/lib/thumb/v8-m.main+fp/hard\libcr_c.a(fflush.o)
 .debug_abbrev  0x00004168      0x11b C:/nxp/MCUXpressoIDE_25.6.136/ide/plugins/com.nxp.mcuxpresso.tools.win32_25.6.0.202501151204/tools/bin/../lib/gcc/arm-none-eabi/14.2.1/../../../../arm-none-eabi/lib/thumb/v8-m.main+fp/hard\libcr_c.a(fseek.o)
 .debug_abbrev  0x00004283       0xc2 C:/nxp/MCUXpressoIDE_25.6.136/ide/plugins/com.nxp.mcuxpresso.tools.win32_25.6.0.202501151204/tools/bin/../lib/gcc/arm-none-eabi/14.2.1/../../../../arm-none-eabi/lib/thumb/v8-m.main+fp/hard\libcr_c.a(ftell.o)
 .debug_abbrev  0x00004345       0xfb C:/nxp/MCUXpressoIDE_25.6.136/ide/plugins/com.nxp.mcuxpresso.tools.win32_25.6.0.202501151204/tools/bin/../lib/gcc/arm-none-eabi/14.2.1/../../../../arm-none-eabi/lib/thumb/v8-m.main+fp/hard\libcr_c.a(remove.o)
 .debug_abbrev  0x00004440      0x12c C:/nxp/MCUXpressoIDE_25.6.136/ide/plugins/com.nxp.mcuxpresso.tools.win32_25.6.0.202501151204/tools/bin/../lib/gcc/arm-none-eabi/14.2.1/../../../../arm-none-eabi/lib/thumb/v8-m.main+fp/hard\libcr_c.a(_do_fflush.o)
 .debug_abbrev  0x0000456c       0xb5 C:/nxp/MCUXpressoIDE_25.6.136/ide/plugins/com.nxp.mcuxpresso.tools.win32_25.6.0.202501151204/tools/bin/../lib/gcc/arm-none-eabi/14.2.1/../../../../arm-none-eabi/lib/thumb/v8-m.main+fp/hard\libcr_nohost_nf.a(__ciob.o)
 .debug_abbrev  0x00004621       0x5c C:/nxp/MCUXpressoIDE_25.6.136/ide/plugins/com.nxp.mcuxpresso.tools.win32_25.6.0.202501151204/tools/bin/../lib/gcc/arm-none-eabi/14.2.1/../../../../arm-none-eabi/lib/thumb/v8-m.main+fp/hard\libcr_nohost_nf.a(__sys_close.o)
 .debug_abbrev  0x0000467d       0x5c C:/nxp/MCUXpressoIDE_25.6.136/ide/plugins/com.nxp.mcuxpresso.tools.win32_25.6.0.202501151204/tools/bin/../lib/gcc/arm-none-eabi/14.2.1/../../../../arm-none-eabi/lib/thumb/v8-m.main+fp/hard\libcr_nohost_nf.a(__sys_flen.o)
 .debug_abbrev  0x000046d9       0x5c C:/nxp/MCUXpressoIDE_25.6.136/ide/plugins/com.nxp.mcuxpresso.tools.win32_25.6.0.202501151204/tools/bin/../lib/gcc/arm-none-eabi/14.2.1/../../../../arm-none-eabi/lib/thumb/v8-m.main+fp/hard\libcr_nohost_nf.a(__sys_istty.o)
 .debug_abbrev  0x00004735       0x7d C:/nxp/MCUXpressoIDE_25.6.136/ide/plugins/com.nxp.mcuxpresso.tools.win32_25.6.0.202501151204/tools/bin/../lib/gcc/arm-none-eabi/14.2.1/../../../../arm-none-eabi/lib/thumb/v8-m.main+fp/hard\libcr_nohost_nf.a(__sys_remove.o)
 .debug_abbrev  0x000047b2       0x6d C:/nxp/MCUXpressoIDE_25.6.136/ide/plugins/com.nxp.mcuxpresso.tools.win32_25.6.0.202501151204/tools/bin/../lib/gcc/arm-none-eabi/14.2.1/../../../../arm-none-eabi/lib/thumb/v8-m.main+fp/hard\libcr_nohost_nf.a(__sys_seek.o)
 .debug_abbrev  0x0000481f       0x76 C:/nxp/MCUXpressoIDE_25.6.136/ide/plugins/com.nxp.mcuxpresso.tools.win32_25.6.0.202501151204/tools/bin/../lib/gcc/arm-none-eabi/14.2.1/../../../../arm-none-eabi/lib/thumb/v8-m.main+fp/hard\libcr_nohost_nf.a(__sys_tmpnam.o)
 .debug_abbrev  0x00004895       0x76 C:/nxp/MCUXpressoIDE_25.6.136/ide/plugins/com.nxp.mcuxpresso.tools.win32_25.6.0.202501151204/tools/bin/../lib/gcc/arm-none-eabi/14.2.1/../../../../arm-none-eabi/lib/thumb/v8-m.main+fp/hard\libcr_nohost_nf.a(__sys_write.o)

.debug_aranges  0x00000000     0x13c8
 .debug_aranges
                0x00000000       0x78 ./utilities/debug_console_lite/fsl_debug_console.o
 .debug_aranges
                0x00000078       0x28 ./utilities/fsl_assert.o
 .debug_aranges
                0x000000a0       0x20 ./utilities/fsl_memcpy.o
 .debug_aranges
                0x000000c0      0x490 ./startup/startup_rw612.o
 .debug_aranges
                0x00000550       0x20 ./source/semihost_hardfault.o
 .debug_aranges
                0x00000570       0x28 ./source/spi_interrupt_b2b_transfer_master.o
 .debug_aranges
                0x00000598       0x18 ./flash_config/flash_config.o
 .debug_aranges
                0x000005b0      0x228 ./drivers/fsl_clock.o
 .debug_aranges
                0x000007d8       0x38 ./drivers/fsl_common_arm.o
 .debug_aranges