../component/mem_manager/fsl_component_mem_manager_freertos.c:39:14:MEM_Init	4	static
../component/mem_manager/fsl_component_mem_manager_freertos.c:44:7:MEM_BufferAllocWithId	16	static
../component/mem_manager/fsl_component_mem_manager_freertos.c:50:7:MEM_CallocAlt	16	static
../component/mem_manager/fsl_component_mem_manager_freertos.c:55:14:MEM_BufferFree	16	static
../component/mem_manager/fsl_component_mem_manager_freertos.c:62:10:MEM_GetFreeHeapSizeByAreaId	16	static
../component/mem_manager/fsl_component_mem_manager_freertos.c:68:10:MEM_GetFreeHeapSize	8	static
../component/mem_manager/fsl_component_mem_manager_freertos.c:73:14:MEM_RegisterExtendedArea	24	static
../component/mem_manager/fsl_component_mem_manager_freertos.c:82:14:MEM_UnRegisterExtendedArea	16	static
../component/mem_manager/fsl_component_mem_manager_freertos.c:89:14:MEM_BufferFreeAllWithId	16	static
../component/mem_manager/fsl_component_mem_manager_freertos.c:96:14:MEM_BufferCheck	16	static
../component/mem_manager/fsl_component_mem_manager_freertos.c:104:10:MEM_GetHeapUpperLimitByAreaId	16	static
../component/mem_manager/fsl_component_mem_manager_freertos.c:111:10:MEM_GetHeapUpperLimit	8	static
../component/mem_manager/fsl_component_mem_manager_freertos.c:116:10:MEM_GetFreeHeapSizeLowWaterMarkByAreaId	16	static
../component/mem_manager/fsl_component_mem_manager_freertos.c:123:10:MEM_GetFreeHeapSizeLowWaterMark	8	static
../component/mem_manager/fsl_component_mem_manager_freertos.c:128:10:MEM_ResetFreeHeapSizeLowWaterMarkByAreaId	16	static
../component/mem_manager/fsl_component_mem_manager_freertos.c:135:10:MEM_ResetFreeHeapSizeLowWaterMark	8	static
../component/mem_manager/fsl_component_mem_manager_freertos.c:140:10:MEM_BufferGetSize	24	static
../component/mem_manager/fsl_component_mem_manager_freertos.c:147:7:MEM_BufferRealloc	16	static
../component/mem_manager/fsl_component_mem_manager_freertos.c:155:28:MEM_ReinitRamBank	16	static
