C:\Users\admin\Documents\MCUXpressoIDE_25.6.136\workspace\bluetooth\drivers/fsl_common_arm.h:908:24:DisableGlobalIRQ	16	static
C:\Users\admin\Documents\MCUXpressoIDE_25.6.136\workspace\bluetooth\drivers/fsl_common_arm.h:934:20:EnableGlobalIRQ	24	static
C:\Users\admin\Documents\MCUXpressoIDE_25.6.136\workspace\bluetooth\edgefast\bluetooth\include/sys/atomic.h:428:20:atomic_test_bit	24	static
C:\Users\admin\Documents\MCUXpressoIDE_25.6.136\workspace\bluetooth\edgefast\bluetooth\include/sys/atomic.h:467:20:atomic_test_and_set_bit	24	static
C:\Users\admin\Documents\MCUXpressoIDE_25.6.136\workspace\bluetooth\edgefast\bluetooth\include/sys/atomic.h:488:20:atomic_clear_bit	24	static
C:\Users\admin\Documents\MCUXpressoIDE_25.6.136\workspace\bluetooth\edgefast\bluetooth\include/sys/atomic.h:506:20:atomic_set_bit	24	static
C:\Users\admin\Documents\MCUXpressoIDE_25.6.136\workspace\bluetooth\edgefast\bluetooth\source\porting/thread/thread.h:424:23:k_current_get	8	static
C:\Users\admin\Documents\MCUXpressoIDE_25.6.136\workspace\bluetooth\edgefast\bluetooth\source\porting/work/work.h:800:1:k_work_delayable_from_work	16	static
C:\Users\admin\Documents\MCUXpressoIDE_25.6.136\workspace\bluetooth\edgefast\bluetooth\include/net/buf.h:867:20:net_buf_simple_save	16	static
C:\Users\admin\Documents\MCUXpressoIDE_25.6.136\workspace\bluetooth\edgefast\bluetooth\include/net/buf.h:883:20:net_buf_simple_restore	16	static
C:\Users\admin\Documents\MCUXpressoIDE_25.6.136\workspace\bluetooth\edgefast\bluetooth\include/net/buf.h:1258:45:net_buf_alloc	16	static
C:\Users\admin\Documents\MCUXpressoIDE_25.6.136\workspace\bluetooth\edgefast\bluetooth\include/net/buf.h:1359:20:net_buf_destroy	24	static
C:\Users\admin\Documents\MCUXpressoIDE_25.6.136\workspace\bluetooth\edgefast\bluetooth\include/net/buf.h:1479:20:net_buf_reserve	16	static
C:\Users\admin\Documents\MCUXpressoIDE_25.6.136\workspace\bluetooth\edgefast\bluetooth\include/net/buf.h:1495:21:net_buf_add	16	static
C:\Users\admin\Documents\MCUXpressoIDE_25.6.136\workspace\bluetooth\edgefast\bluetooth\include/net/buf.h:1512:21:net_buf_add_mem	24	static
C:\Users\admin\Documents\MCUXpressoIDE_25.6.136\workspace\bluetooth\edgefast\bluetooth\include/net/buf.h:2078:21:net_buf_pull_mem	16	static
C:\Users\admin\Documents\MCUXpressoIDE_25.6.136\workspace\bluetooth\edgefast\bluetooth\include/net/buf.h:2108:24:net_buf_pull_le16	16	static
C:\Users\admin\Documents\MCUXpressoIDE_25.6.136\workspace\bluetooth\edgefast\bluetooth\include/net/buf.h:2456:22:net_buf_frags_len	24	static
C:\Users\admin\Documents\MCUXpressoIDE_25.6.136\workspace\bluetooth\edgefast\bluetooth\include/bluetooth/addr.h:243:19:bt_addr_le_to_str	80	static
C:\Users\admin\Documents\MCUXpressoIDE_25.6.136\workspace\bluetooth\edgefast\bluetooth\include/bluetooth/gatt.h:545:20:bt_gatt_foreach_attr	40	static
../edgefast/bluetooth/source/impl/ethermind/host/bt_pal_att.c:139:13:bt_att_is_enhanced	16	static
../edgefast/bluetooth/source/impl/ethermind/host/bt_pal_att.c:154:17:bt_att_mtu	16	static
../edgefast/bluetooth/source/impl/ethermind/host/bt_pal_att.c:288:13:att_tx_destroy	56	static
../edgefast/bluetooth/source/impl/ethermind/host/bt_pal_att.c:324:29:bt_att_get_tx_meta_data	16	static
../edgefast/bluetooth/source/impl/ethermind/host/bt_pal_att.c:343:13:att_sent	32	static
../edgefast/bluetooth/source/impl/ethermind/host/bt_pal_att.c:374:12:chan_send	40	static
../edgefast/bluetooth/source/impl/ethermind/host/bt_pal_att.c:482:13:att_chan_matches_chan_opt	16	static
../edgefast/bluetooth/source/impl/ethermind/host/bt_pal_att.c:497:24:get_first_buf_matching_chan	112	static
../edgefast/bluetooth/source/impl/ethermind/host/bt_pal_att.c:532:27:get_first_req_matching_chan	24	static
../edgefast/bluetooth/source/impl/ethermind/host/bt_pal_att.c:567:12:process_queue	24	static
../edgefast/bluetooth/source/impl/ethermind/host/bt_pal_att.c:588:12:chan_req_send	32	static
../edgefast/bluetooth/source/impl/ethermind/host/bt_pal_att.c:621:13:bt_att_sent	32	static
../edgefast/bluetooth/source/impl/ethermind/host/bt_pal_att.c:662:13:chan_rebegin_att_timeout	24	static
../edgefast/bluetooth/source/impl/ethermind/host/bt_pal_att.c:682:13:chan_req_notif_sent	48	static
../edgefast/bluetooth/source/impl/ethermind/host/bt_pal_att.c:705:13:att_on_sent_cb	24	static
../edgefast/bluetooth/source/impl/ethermind/host/bt_pal_att.c:748:24:bt_att_chan_create_pdu	48	static
../edgefast/bluetooth/source/impl/ethermind/host/bt_pal_att.c:795:12:bt_att_chan_send	16	static
../edgefast/bluetooth/source/impl/ethermind/host/bt_pal_att.c:808:13:att_send_process	40	static
../edgefast/bluetooth/source/impl/ethermind/host/bt_pal_att.c:846:13:send_err_rsp	24	static
../edgefast/bluetooth/source/impl/ethermind/host/bt_pal_att.c:863:16:att_mtu_req	32	static
../edgefast/bluetooth/source/impl/ethermind/host/bt_pal_att.c:925:12:bt_att_chan_send_mtu_req	24	static
../edgefast/bluetooth/source/impl/ethermind/host/bt_pal_att.c:949:12:bt_att_chan_send_find_info_req	32	static
../edgefast/bluetooth/source/impl/ethermind/host/bt_pal_att.c:975:12:bt_att_chan_send_find_type_req	40	static
../edgefast/bluetooth/source/impl/ethermind/host/bt_pal_att.c:1004:12:bt_att_chan_send_read_type_req	48	static
../edgefast/bluetooth/source/impl/ethermind/host/bt_pal_att.c:1040:12:bt_att_chan_send_read_req	24	static
../edgefast/bluetooth/source/impl/ethermind/host/bt_pal_att.c:1065:12:bt_att_chan_send_read_blob_req	32	static
../edgefast/bluetooth/source/impl/ethermind/host/bt_pal_att.c:1091:12:bt_att_chan_send_read_mult_req	32	static
../edgefast/bluetooth/source/impl/ethermind/host/bt_pal_att.c:1114:12:bt_att_chan_send_read_group_req	48	static
../edgefast/bluetooth/source/impl/ethermind/host/bt_pal_att.c:1175:12:bt_att_chan_send_write_req	40	static
../edgefast/bluetooth/source/impl/ethermind/host/bt_pal_att.c:1202:12:bt_att_chan_send_prepare_write_req	40	static
../edgefast/bluetooth/source/impl/ethermind/host/bt_pal_att.c:1230:12:bt_att_chan_send_exec_write_req	24	static
../edgefast/bluetooth/source/impl/ethermind/host/bt_pal_att.c:1255:12:bt_att_chan_send_write_cmd	40	static
../edgefast/bluetooth/source/impl/ethermind/host/bt_pal_att.c:1317:12:bt_att_chan_send_notify	40	static
../edgefast/bluetooth/source/impl/ethermind/host/bt_pal_att.c:1344:12:bt_att_chan_send_indicate	40	static
../edgefast/bluetooth/source/impl/ethermind/host/bt_pal_att.c:1371:12:bt_att_chan_send_req	32	static
../edgefast/bluetooth/source/impl/ethermind/host/bt_pal_att.c:1453:12:bt_att_chan_req_send	16	static
../edgefast/bluetooth/source/impl/ethermind/host/bt_pal_att.c:1466:13:att_req_send_process	40	static
../edgefast/bluetooth/source/impl/ethermind/host/bt_pal_att.c:1502:16:att_handle_rsp	48	static
../edgefast/bluetooth/source/impl/ethermind/host/bt_pal_att.c:1579:13:range_is_valid	16	static
../edgefast/bluetooth/source/impl/ethermind/host/bt_pal_att.c:1607:16:find_info_cb	40	static
../edgefast/bluetooth/source/impl/ethermind/host/bt_pal_att.c:1681:16:att_find_info_rsp	112	static
../edgefast/bluetooth/source/impl/ethermind/host/bt_pal_att.c:1707:16:att_find_info_req	32	static
../edgefast/bluetooth/source/impl/ethermind/host/bt_pal_att.c:1741:16:find_type_cb	120	static
../edgefast/bluetooth/source/impl/ethermind/host/bt_pal_att.c:1824:16:att_find_type_rsp	624	static
../edgefast/bluetooth/source/impl/ethermind/host/bt_pal_att.c:1863:16:att_find_type_req	56	static
../edgefast/bluetooth/source/impl/ethermind/host/bt_pal_att.c:1899:16:err_to_att	16	static
../edgefast/bluetooth/source/impl/ethermind/host/bt_pal_att.c:1925:13:attr_read_authorize	16	static
../edgefast/bluetooth/source/impl/ethermind/host/bt_pal_att.c:2018:16:read_type_cb	56	static
../edgefast/bluetooth/source/impl/ethermind/host/bt_pal_att.c:2104:16:att_read_type_rsp	712	static
../edgefast/bluetooth/source/impl/ethermind/host/bt_pal_att.c:2140:16:att_read_type_req	56	static
../edgefast/bluetooth/source/impl/ethermind/host/bt_pal_att.c:2203:16:read_cb	56	static
../edgefast/bluetooth/source/impl/ethermind/host/bt_pal_att.c:2248:16:att_read_rsp	576	static
../edgefast/bluetooth/source/impl/ethermind/host/bt_pal_att.c:2295:16:att_read_req	32	static
../edgefast/bluetooth/source/impl/ethermind/host/bt_pal_att.c:2310:16:att_read_blob_req	32	static
../edgefast/bluetooth/source/impl/ethermind/host/bt_pal_att.c:2327:16:att_read_mult_req	616	static
../edgefast/bluetooth/source/impl/ethermind/host/bt_pal_att.c:2397:16:read_vl_cb	56	static
../edgefast/bluetooth/source/impl/ethermind/host/bt_pal_att.c:2447:16:att_read_mult_vl_req	608	static
../edgefast/bluetooth/source/impl/ethermind/host/bt_pal_att.c:2544:16:read_group_cb	64	static
../edgefast/bluetooth/source/impl/ethermind/host/bt_pal_att.c:2619:16:att_read_group_rsp	672	static
../edgefast/bluetooth/source/impl/ethermind/host/bt_pal_att.c:2654:16:att_read_group_req	56	static
../edgefast/bluetooth/source/impl/ethermind/host/bt_pal_att.c:2714:13:attr_write_authorize	16	static
../edgefast/bluetooth/source/impl/ethermind/host/bt_pal_att.c:2729:16:write_cb	56	static
../edgefast/bluetooth/source/impl/ethermind/host/bt_pal_att.c:2771:16:att_write_rsp	40	static
../edgefast/bluetooth/source/impl/ethermind/host/bt_pal_att.c:2823:16:att_write_req	40	static
../edgefast/bluetooth/source/impl/ethermind/host/bt_pal_att.c:2961:16:att_prepare_write_req	16	static
../edgefast/bluetooth/source/impl/ethermind/host/bt_pal_att.c:3109:16:att_exec_write_req	16	static
../edgefast/bluetooth/source/impl/ethermind/host/bt_pal_att.c:3124:16:att_write_cmd	40	static
../edgefast/bluetooth/source/impl/ethermind/host/bt_pal_att.c:3419:16:att_confirm	16	static
../edgefast/bluetooth/source/impl/ethermind/host/bt_pal_att.c:3426:16:att_notify_cfm	24	static
../edgefast/bluetooth/source/impl/ethermind/host/bt_pal_att.c:3588:19:att_op_get_type	16	static
../edgefast/bluetooth/source/impl/ethermind/host/bt_pal_att.c:3637:24:get_conn	16	static
../edgefast/bluetooth/source/impl/ethermind/host/bt_pal_att.c:3642:12:bt_att_recv	40	static
../edgefast/bluetooth/source/impl/ethermind/host/bt_pal_att.c:3702:23:att_get	24	static
../edgefast/bluetooth/source/impl/ethermind/host/bt_pal_att.c:3727:28:att_chan_get	24	static
../edgefast/bluetooth/source/impl/ethermind/host/bt_pal_att.c:3752:17:bt_att_create_pdu	48	static
../edgefast/bluetooth/source/impl/ethermind/host/bt_pal_att.c:3776:17:bt_att_create_rsp_pdu	32	static
../edgefast/bluetooth/source/impl/ethermind/host/bt_pal_att.c:3806:13:att_reset	48	static
../edgefast/bluetooth/source/impl/ethermind/host/bt_pal_att.c:3849:13:att_chan_detach	24	static
../edgefast/bluetooth/source/impl/ethermind/host/bt_pal_att.c:3876:13:rx_async_work	32	static
../edgefast/bluetooth/source/impl/ethermind/host/bt_pal_att.c:3906:13:att_timeout	56	static
../edgefast/bluetooth/source/impl/ethermind/host/bt_pal_att.c:3939:13:att_chan_attach	16	static
../edgefast/bluetooth/source/impl/ethermind/host/bt_pal_att.c:3954:13:bt_att_connected	24	static
../edgefast/bluetooth/source/impl/ethermind/host/bt_pal_att.c:3972:13:bt_att_disconnected	32	static
../edgefast/bluetooth/source/impl/ethermind/host/bt_pal_att.c:3998:16:att_req_retry	24	static
../edgefast/bluetooth/source/impl/ethermind/host/bt_pal_att.c:4028:13:bt_att_encrypt_change	32	static
../edgefast/bluetooth/source/impl/ethermind/host/bt_pal_att.c:4077:13:bt_att_status	24	static
../edgefast/bluetooth/source/impl/ethermind/host/bt_pal_att.c:4112:13:bt_att_released	24	static
../edgefast/bluetooth/source/impl/ethermind/host/bt_pal_att.c:4132:28:att_chan_new	24	static
../edgefast/bluetooth/source/impl/ethermind/host/bt_pal_att.c:4244:12:bt_att_accept_internal	24	static
../edgefast/bluetooth/source/impl/ethermind/host/bt_pal_att.c:4281:12:bt_att_accept	24	static
../edgefast/bluetooth/source/impl/ethermind/host/bt_pal_att.c:4659:12:ethermind_att_handle_alloc	32	static
../edgefast/bluetooth/source/impl/ethermind/host/bt_pal_att.c:4680:12:ethermind_att_handle_free	24	static
../edgefast/bluetooth/source/impl/ethermind/host/bt_pal_att.c:4704:30:ethermind_att_handle_lookup_by_device_id	24	static
../edgefast/bluetooth/source/impl/ethermind/host/bt_pal_att.c:4725:19:ethermind_bt_att_cb	48	static
../edgefast/bluetooth/source/impl/ethermind/host/bt_pal_att.c:4816:6:bt_att_init	16	static
../edgefast/bluetooth/source/impl/ethermind/host/bt_pal_att.c:4837:13:bt_att_lookup_conn	24	static
../edgefast/bluetooth/source/impl/ethermind/host/bt_pal_att.c:4850:10:bt_att_get_mtu	32	static
../edgefast/bluetooth/source/impl/ethermind/host/bt_pal_att.c:4870:13:att_chan_mtu_updated	32	static
../edgefast/bluetooth/source/impl/ethermind/host/bt_pal_att.c:4894:20:bt_att_req_alloc	24	static
../edgefast/bluetooth/source/impl/ethermind/host/bt_pal_att.c:4919:6:bt_att_req_free	16	static
../edgefast/bluetooth/source/impl/ethermind/host/bt_pal_att.c:4931:5:bt_att_send	24	static
../edgefast/bluetooth/source/impl/ethermind/host/bt_pal_att.c:4950:5:bt_att_req_send	24	static
../edgefast/bluetooth/source/impl/ethermind/host/bt_pal_att.c:4974:13:bt_att_chan_req_cancel	16	static
../edgefast/bluetooth/source/impl/ethermind/host/bt_pal_att.c:4988:6:bt_att_req_cancel	32	static
../edgefast/bluetooth/source/impl/ethermind/host/bt_pal_att.c:5017:20:bt_att_find_req_by_user_data	32	static
../edgefast/bluetooth/source/impl/ethermind/host/bt_pal_att.c:5043:6:bt_att_fixed_chan_only	16	static
../edgefast/bluetooth/source/impl/ethermind/host/bt_pal_att.c:5052:6:bt_att_clear_out_of_sync_sent	24	static
../edgefast/bluetooth/source/impl/ethermind/host/bt_pal_att.c:5066:6:bt_att_out_of_sync_sent_on_fixed	24	static
../edgefast/bluetooth/source/impl/ethermind/host/bt_pal_att.c:5080:6:bt_att_set_tx_meta_data	32	static
../edgefast/bluetooth/source/impl/ethermind/host/bt_pal_att.c:5091:6:bt_att_increment_tx_meta_data_attr_count	24	static
../edgefast/bluetooth/source/impl/ethermind/host/bt_pal_att.c:5098:6:bt_att_tx_meta_data_match	32	static
../edgefast/bluetooth/source/impl/ethermind/host/bt_pal_att.c:5108:6:bt_att_chan_opt_valid	16	static
../edgefast/bluetooth/source/impl/ethermind/host/bt_pal_att.c:5125:5:bt_gatt_authorization_cb_register	16	static
