C:\Users\admin\Documents\MCUXpressoIDE_25.6.136\workspace\bluetooth\edgefast\bluetooth\include/sys/atomic.h:428:20:atomic_test_bit	24	static
C:\Users\admin\Documents\MCUXpressoIDE_25.6.136\workspace\bluetooth\edgefast\bluetooth\include/sys/atomic.h:446:20:atomic_test_and_clear_bit	24	static
C:\Users\admin\Documents\MCUXpressoIDE_25.6.136\workspace\bluetooth\edgefast\bluetooth\include/sys/atomic.h:467:20:atomic_test_and_set_bit	24	static
C:\Users\admin\Documents\MCUXpressoIDE_25.6.136\workspace\bluetooth\edgefast\bluetooth\include/sys/atomic.h:488:20:atomic_clear_bit	24	static
C:\Users\admin\Documents\MCUXpressoIDE_25.6.136\workspace\bluetooth\edgefast\bluetooth\include/sys/atomic.h:506:20:atomic_set_bit	24	static
C:\Users\admin\Documents\MCUXpressoIDE_25.6.136\workspace\bluetooth\edgefast\bluetooth\include/sys/byteorder.h:541:24:sys_get_le16	16	static
C:\Users\admin\Documents\MCUXpressoIDE_25.6.136\workspace\bluetooth\edgefast\bluetooth\source\porting/work/work.h:800:1:k_work_delayable_from_work	16	static
C:\Users\admin\Documents\MCUXpressoIDE_25.6.136\workspace\bluetooth\edgefast\bluetooth\include/net/buf.h:1495:21:net_buf_add	16	static
C:\Users\admin\Documents\MCUXpressoIDE_25.6.136\workspace\bluetooth\edgefast\bluetooth\include/bluetooth/addr.h:105:19:bt_addr_le_cmp	16	static
C:\Users\admin\Documents\MCUXpressoIDE_25.6.136\workspace\bluetooth\edgefast\bluetooth\include/bluetooth/addr.h:118:20:bt_addr_le_eq	16	static
C:\Users\admin\Documents\MCUXpressoIDE_25.6.136\workspace\bluetooth\edgefast\bluetooth\include/bluetooth/addr.h:138:20:bt_addr_le_copy	16	static
C:\Users\admin\Documents\MCUXpressoIDE_25.6.136\workspace\bluetooth\edgefast\bluetooth\include/bluetooth/gatt.h:545:20:bt_gatt_foreach_attr	40	static
../edgefast/bluetooth/source/impl/ethermind/host/bt_pal_gatt.c:102:16:read_name	48	static
../edgefast/bluetooth/source/impl/ethermind/host/bt_pal_gatt.c:136:16:read_appearance	48	static
../edgefast/bluetooth/source/impl/ethermind/host/bt_pal_gatt.c:323:28:find_sc_cfg	24	static
../edgefast/bluetooth/source/impl/ethermind/host/bt_pal_gatt.c:337:13:sc_store	24	static
../edgefast/bluetooth/source/impl/ethermind/host/bt_pal_gatt.c:353:13:clear_sc_cfg	16	static
../edgefast/bluetooth/source/impl/ethermind/host/bt_pal_gatt.c:358:12:bt_gatt_clear_sc	24	static
../edgefast/bluetooth/source/impl/ethermind/host/bt_pal_gatt.c:386:13:sc_clear	24	static
../edgefast/bluetooth/source/impl/ethermind/host/bt_pal_gatt.c:405:13:sc_reset	16	static
../edgefast/bluetooth/source/impl/ethermind/host/bt_pal_gatt.c:416:13:update_range	24	static
../edgefast/bluetooth/source/impl/ethermind/host/bt_pal_gatt.c:439:13:sc_save	32	static
../edgefast/bluetooth/source/impl/ethermind/host/bt_pal_gatt.c:476:16:sc_ccc_cfg_write	24	static
../edgefast/bluetooth/source/impl/ethermind/host/bt_pal_gatt.c:536:13:clear_cf_cfg	16	static
../edgefast/bluetooth/source/impl/ethermind/host/bt_pal_gatt.c:1057:12:bt_gatt_store_cf	16	static
../edgefast/bluetooth/source/impl/ethermind/host/bt_pal_gatt.c:1103:13:is_host_managed_ccc	16	static
../edgefast/bluetooth/source/impl/ethermind/host/bt_pal_gatt.c:1119:16:convert_to_id_on_match	40	static
../edgefast/bluetooth/source/impl/ethermind/host/bt_pal_gatt.c:1144:13:bt_gatt_identity_resolved	40	static
../edgefast/bluetooth/source/impl/ethermind/host/bt_pal_gatt.c:1172:13:bt_gatt_pairing_complete	16	static
../edgefast/bluetooth/source/impl/ethermind/host/bt_pal_gatt.c:1296:20:sc_work_submit	16	static
../edgefast/bluetooth/source/impl/ethermind/host/bt_pal_gatt.c:1304:13:sc_indicate_rsp	24	static
../edgefast/bluetooth/source/impl/ethermind/host/bt_pal_gatt.c:1338:13:sc_process	32	static
../edgefast/bluetooth/source/impl/ethermind/host/bt_pal_gatt.c:1373:13:clear_ccc_cfg	16	static
../edgefast/bluetooth/source/impl/ethermind/host/bt_pal_gatt.c:1398:24:gatt_delayed_store_find	24	static
../edgefast/bluetooth/source/impl/ethermind/host/bt_pal_gatt.c:1416:13:gatt_delayed_store_free	16	static
../edgefast/bluetooth/source/impl/ethermind/host/bt_pal_gatt.c:1426:24:gatt_delayed_store_alloc	24	static
../edgefast/bluetooth/source/impl/ethermind/host/bt_pal_gatt.c:1449:13:gatt_delayed_store_enqueue	24	static
../edgefast/bluetooth/source/impl/ethermind/host/bt_pal_gatt.c:1468:13:delayed_store	32	static
../edgefast/bluetooth/source/impl/ethermind/host/bt_pal_gatt.c:1483:13:gatt_store_ccc_cf	24	static
../edgefast/bluetooth/source/impl/ethermind/host/bt_pal_gatt.c:1507:13:bt_gatt_service_init	16	static
../edgefast/bluetooth/source/impl/ethermind/host/bt_pal_gatt.c:1518:6:bt_gatt_init	8	static
../edgefast/bluetooth/source/impl/ethermind/host/bt_pal_gatt.c:1611:6:bt_gatt_cb_register	16	static
../edgefast/bluetooth/source/impl/ethermind/host/bt_pal_gatt.c:1806:9:bt_gatt_attr_read	32	static
../edgefast/bluetooth/source/impl/ethermind/host/bt_pal_gatt.c:1825:9:bt_gatt_attr_read_service	48	static
../edgefast/bluetooth/source/impl/ethermind/host/bt_pal_gatt.c:1848:16:get_service_handles	40	static
../edgefast/bluetooth/source/impl/ethermind/host/bt_pal_gatt.c:1864:10:bt_gatt_attr_get_handle	32	static
../edgefast/bluetooth/source/impl/ethermind/host/bt_pal_gatt.c:1894:9:bt_gatt_attr_read_included	64	static
../edgefast/bluetooth/source/impl/ethermind/host/bt_pal_gatt.c:1941:10:bt_gatt_attr_value_handle	32	static
../edgefast/bluetooth/source/impl/ethermind/host/bt_pal_gatt.c:1958:9:bt_gatt_attr_read_chrc	72	static
../edgefast/bluetooth/source/impl/ethermind/host/bt_pal_gatt.c:1989:16:gatt_foreach_iter	32	static
../edgefast/bluetooth/source/impl/ethermind/host/bt_pal_gatt.c:2029:13:foreach_attr_type_dyndb	24	static
../edgefast/bluetooth/source/impl/ethermind/host/bt_pal_gatt.c:2066:6:bt_gatt_foreach_attr_type	72	static
../edgefast/bluetooth/source/impl/ethermind/host/bt_pal_gatt.c:2105:16:find_next	32	static
../edgefast/bluetooth/source/impl/ethermind/host/bt_pal_gatt.c:2115:22:bt_gatt_attr_next	24	static
../edgefast/bluetooth/source/impl/ethermind/host/bt_pal_gatt.c:2125:32:find_ccc_cfg	24	static
../edgefast/bluetooth/source/impl/ethermind/host/bt_pal_gatt.c:2144:9:bt_gatt_attr_read_ccc	56	static
../edgefast/bluetooth/source/impl/ethermind/host/bt_pal_gatt.c:2164:13:gatt_ccc_changed	24	static
../edgefast/bluetooth/source/impl/ethermind/host/bt_pal_gatt.c:2186:9:bt_gatt_attr_write_ccc	48	static
../edgefast/bluetooth/source/impl/ethermind/host/bt_pal_gatt.c:2268:9:bt_gatt_attr_read_cep	48	static
../edgefast/bluetooth/source/impl/ethermind/host/bt_pal_gatt.c:2279:9:bt_gatt_attr_read_cud	48	static
../edgefast/bluetooth/source/impl/ethermind/host/bt_pal_gatt.c:2297:9:bt_gatt_attr_read_cpf	56	static
../edgefast/bluetooth/source/impl/ethermind/host/bt_pal_gatt.c:2483:12:gatt_notify	32	static
../edgefast/bluetooth/source/impl/ethermind/host/bt_pal_gatt.c:2550:16:att_err_from_int	16	static
../edgefast/bluetooth/source/impl/ethermind/host/bt_pal_gatt.c:2562:13:gatt_indicate_rsp	40	static
../edgefast/bluetooth/source/impl/ethermind/host/bt_pal_gatt.c:2577:27:gatt_req_alloc	32	static
../edgefast/bluetooth/source/impl/ethermind/host/bt_pal_gatt.c:2652:12:gatt_indicate	56	static
../edgefast/bluetooth/source/impl/ethermind/host/bt_pal_gatt.c:2731:16:notify_cb	64	static
../edgefast/bluetooth/source/impl/ethermind/host/bt_pal_gatt.c:2837:16:match_uuid	32	static
../edgefast/bluetooth/source/impl/ethermind/host/bt_pal_gatt.c:2848:13:gatt_find_by_uuid	32	static
../edgefast/bluetooth/source/impl/ethermind/host/bt_pal_gatt.c:2859:22:bt_gatt_find_by_uuid	48	static
../edgefast/bluetooth/source/impl/ethermind/host/bt_pal_gatt.c:2874:5:bt_gatt_notify_cb	64	static
../edgefast/bluetooth/source/impl/ethermind/host/bt_pal_gatt.c:3099:5:bt_gatt_indicate	64	static
../edgefast/bluetooth/source/impl/ethermind/host/bt_pal_gatt.c:3158:10:bt_gatt_get_mtu	16	static
../edgefast/bluetooth/source/impl/ethermind/host/bt_pal_gatt.c:3163:9:bt_gatt_check_perm	32	static
../edgefast/bluetooth/source/impl/ethermind/host/bt_pal_gatt.c:3232:13:sc_restore_rsp	32	static
../edgefast/bluetooth/source/impl/ethermind/host/bt_pal_gatt.c:3271:13:sc_restore	24	static
../edgefast/bluetooth/source/impl/ethermind/host/bt_pal_gatt.c:3312:16:update_ccc	56	static
../edgefast/bluetooth/source/impl/ethermind/host/bt_pal_gatt.c:3375:16:disconnected_cb	48	static
../edgefast/bluetooth/source/impl/ethermind/host/bt_pal_gatt.c:3445:6:bt_gatt_is_subscribed	72	static
../edgefast/bluetooth/source/impl/ethermind/host/bt_pal_gatt.c:3508:13:gatt_sub_is_empty	16	static
../edgefast/bluetooth/source/impl/ethermind/host/bt_pal_gatt.c:3515:13:gatt_sub_free	16	static
../edgefast/bluetooth/source/impl/ethermind/host/bt_pal_gatt.c:3521:13:gatt_sub_remove	32	static
../edgefast/bluetooth/source/impl/ethermind/host/bt_pal_gatt.c:5705:32:ccc_find_cfg	32	static
../edgefast/bluetooth/source/impl/ethermind/host/bt_pal_gatt.c:5731:13:ccc_clear	32	static
../edgefast/bluetooth/source/impl/ethermind/host/bt_pal_gatt.c:5746:16:ccc_load	40	static
../edgefast/bluetooth/source/impl/ethermind/host/bt_pal_gatt.c:5804:12:ccc_set	264	static
../edgefast/bluetooth/source/impl/ethermind/host/bt_pal_gatt.c:5870:12:ccc_set_cb	24	static
../edgefast/bluetooth/source/impl/ethermind/host/bt_pal_gatt.c:5889:12:ccc_set_direct	32	static
../edgefast/bluetooth/source/impl/ethermind/host/bt_pal_gatt.c:5916:6:bt_gatt_connected	80	static
../edgefast/bluetooth/source/impl/ethermind/host/bt_pal_gatt.c:5985:6:bt_gatt_att_max_mtu_changed	24	static
../edgefast/bluetooth/source/impl/ethermind/host/bt_pal_gatt.c:5996:6:bt_gatt_encrypt_change	24	static
../edgefast/bluetooth/source/impl/ethermind/host/bt_pal_gatt.c:6021:6:bt_gatt_change_aware	16	static
../edgefast/bluetooth/source/impl/ethermind/host/bt_pal_gatt.c:6077:28:find_cf_cfg_by_addr	16	static
../edgefast/bluetooth/source/impl/ethermind/host/bt_pal_gatt.c:6103:16:ccc_save	40	static
../edgefast/bluetooth/source/impl/ethermind/host/bt_pal_gatt.c:6131:5:bt_gatt_store_ccc	240	static
../edgefast/bluetooth/source/impl/ethermind/host/bt_pal_gatt.c:6173:12:sc_set	56	static
../edgefast/bluetooth/source/impl/ethermind/host/bt_pal_gatt.c:6242:12:sc_commit	8	static
../edgefast/bluetooth/source/impl/ethermind/host/bt_pal_gatt.c:6380:16:remove_peer_from_attr	40	static
../edgefast/bluetooth/source/impl/ethermind/host/bt_pal_gatt.c:6402:12:bt_gatt_clear_ccc	24	static
../edgefast/bluetooth/source/impl/ethermind/host/bt_pal_gatt.c:6427:12:bt_gatt_clear_cf	24	static
../edgefast/bluetooth/source/impl/ethermind/host/bt_pal_gatt.c:6453:25:find_gatt_sub	16	static
../edgefast/bluetooth/source/impl/ethermind/host/bt_pal_gatt.c:6468:13:bt_gatt_clear_subscriptions	32	static
../edgefast/bluetooth/source/impl/ethermind/host/bt_pal_gatt.c:6486:5:bt_gatt_clear	24	static
../edgefast/bluetooth/source/impl/ethermind/host/bt_pal_gatt.c:6516:6:bt_gatt_disconnected	24	static
../edgefast/bluetooth/source/impl/ethermind/host/bt_pal_gatt.c:6550:6:bt_gatt_req_set_mtu	16	static
