C:\Users\admin\Documents\MCUXpressoIDE_25.6.136\workspace\bluetooth\drivers/fsl_common_arm.h:908:24:DisableGlobalIRQ	16	static
C:\Users\admin\Documents\MCUXpressoIDE_25.6.136\workspace\bluetooth\drivers/fsl_common_arm.h:934:20:EnableGlobalIRQ	24	static
C:\Users\admin\Documents\MCUXpressoIDE_25.6.136\workspace\bluetooth\edgefast\bluetooth\include/sys/atomic.h:428:20:atomic_test_bit	24	static
C:\Users\admin\Documents\MCUXpressoIDE_25.6.136\workspace\bluetooth\edgefast\bluetooth\include/sys/atomic.h:446:20:atomic_test_and_clear_bit	24	static
C:\Users\admin\Documents\MCUXpressoIDE_25.6.136\workspace\bluetooth\edgefast\bluetooth\include/sys/atomic.h:488:20:atomic_clear_bit	24	static
C:\Users\admin\Documents\MCUXpressoIDE_25.6.136\workspace\bluetooth\edgefast\bluetooth\include/sys/atomic.h:506:20:atomic_set_bit	24	static
C:\Users\admin\Documents\MCUXpressoIDE_25.6.136\workspace\bluetooth\edgefast\bluetooth\include/sys/atomic.h:525:20:atomic_set_bit_to	32	static
C:\Users\admin\Documents\MCUXpressoIDE_25.6.136\workspace\bluetooth\edgefast\bluetooth\include/sys/byteorder.h:541:24:sys_get_le16	16	static
C:\Users\admin\Documents\MCUXpressoIDE_25.6.136\workspace\bluetooth\edgefast\bluetooth\include/sys/byteorder.h:571:24:sys_get_le32	24	static
C:\Users\admin\Documents\MCUXpressoIDE_25.6.136\workspace\bluetooth\edgefast\bluetooth\include/sys/byteorder.h:601:24:sys_get_le64	48	static
C:\Users\admin\Documents\MCUXpressoIDE_25.6.136\workspace\bluetooth\edgefast\bluetooth\source\porting/thread/thread.h:424:23:k_current_get	8	static
C:\Users\admin\Documents\MCUXpressoIDE_25.6.136\workspace\bluetooth\edgefast\bluetooth\source\porting/work/work.h:800:1:k_work_delayable_from_work	16	static
C:\Users\admin\Documents\MCUXpressoIDE_25.6.136\workspace\bluetooth\edgefast\bluetooth\source\porting/work/work.h:823:23:k_work_queue_thread_get	16	static
C:\Users\admin\Documents\MCUXpressoIDE_25.6.136\workspace\bluetooth\edgefast\bluetooth\include/net/buf.h:1258:45:net_buf_alloc	16	static
C:\Users\admin\Documents\MCUXpressoIDE_25.6.136\workspace\bluetooth\edgefast\bluetooth\include/net/buf.h:1466:35:net_buf_user_data	16	static
C:\Users\admin\Documents\MCUXpressoIDE_25.6.136\workspace\bluetooth\edgefast\bluetooth\include/net/buf.h:1479:20:net_buf_reserve	16	static
C:\Users\admin\Documents\MCUXpressoIDE_25.6.136\workspace\bluetooth\edgefast\bluetooth\include/net/buf.h:1495:21:net_buf_add	16	static
C:\Users\admin\Documents\MCUXpressoIDE_25.6.136\workspace\bluetooth\edgefast\bluetooth\include/net/buf.h:1512:21:net_buf_add_mem	24	static
C:\Users\admin\Documents\MCUXpressoIDE_25.6.136\workspace\bluetooth\edgefast\bluetooth\include/net/buf.h:1875:21:net_buf_push	16	static
C:\Users\admin\Documents\MCUXpressoIDE_25.6.136\workspace\bluetooth\edgefast\bluetooth\include/net/buf.h:2257:22:net_buf_tailroom	16	static
C:\Users\admin\Documents\MCUXpressoIDE_25.6.136\workspace\bluetooth\edgefast\bluetooth\include/bluetooth/addr.h:105:19:bt_addr_le_cmp	16	static
C:\Users\admin\Documents\MCUXpressoIDE_25.6.136\workspace\bluetooth\edgefast\bluetooth\include/bluetooth/addr.h:118:20:bt_addr_le_eq	16	static
C:\Users\admin\Documents\MCUXpressoIDE_25.6.136\workspace\bluetooth\edgefast\bluetooth\include/bluetooth/addr.h:138:20:bt_addr_le_copy	16	static
C:\Users\admin\Documents\MCUXpressoIDE_25.6.136\workspace\bluetooth\edgefast\bluetooth\include/bluetooth/buf.h:146:20:bt_buf_set_type	16	static
../edgefast/bluetooth/source/impl/ethermind/host/bt_pal_conn_internal.h:356:21:closure_cb	16	static
../edgefast/bluetooth/source/impl/ethermind/host/bt_pal_conn_internal.h:361:21:closure_data	16	static
../edgefast/bluetooth/source/impl/ethermind/host/bt_pal_conn_internal.h:442:20:bt_conn_is_handle_valid	16	static
../edgefast/bluetooth/source/impl/ethermind/host/bt_pal_conn.c:67:13:conn_tx_destroy	24	static
../edgefast/bluetooth/source/impl/ethermind/host/bt_pal_conn.c:137:17:get_frag_md	16	static
../edgefast/bluetooth/source/impl/ethermind/host/bt_pal_conn.c:142:6:frag_destroy	16	static
../edgefast/bluetooth/source/impl/ethermind/host/bt_pal_conn.c:153:24:get_data_frag	24	static
../edgefast/bluetooth/source/impl/ethermind/host/bt_pal_conn.c:207:15:bt_conn_get_pkts	16	static
../edgefast/bluetooth/source/impl/ethermind/host/bt_pal_conn.c:237:27:state2str	16	static
../edgefast/bluetooth/source/impl/ethermind/host/bt_pal_conn.c:263:13:tx_free	16	static
../edgefast/bluetooth/source/impl/ethermind/host/bt_pal_conn.c:272:13:tx_notify	56	static
../edgefast/bluetooth/source/impl/ethermind/host/bt_pal_conn.c:320:17:bt_conn_new	24	static
../edgefast/bluetooth/source/impl/ethermind/host/bt_pal_conn.c:351:6:bt_conn_reset_rx_state	16	static
../edgefast/bluetooth/source/impl/ethermind/host/bt_pal_conn.c:361:13:bt_acl_recv	40	static
../edgefast/bluetooth/source/impl/ethermind/host/bt_pal_conn.c:448:13:wait_for_tx_work	32	static
../edgefast/bluetooth/source/impl/ethermind/host/bt_pal_conn.c:472:6:bt_conn_recv	24	static
../edgefast/bluetooth/source/impl/ethermind/host/bt_pal_conn.c:496:13:dont_have_tx_context	16	static
../edgefast/bluetooth/source/impl/ethermind/host/bt_pal_conn.c:501:27:conn_tx_alloc	16	static
../edgefast/bluetooth/source/impl/ethermind/host/bt_pal_conn.c:517:12:send_acl	32	static
../edgefast/bluetooth/source/impl/ethermind/host/bt_pal_conn.c:589:24:conn_mtu	16	static
../edgefast/bluetooth/source/impl/ethermind/host/bt_pal_conn.c:609:13:is_classic_conn	16	static
../edgefast/bluetooth/source/impl/ethermind/host/bt_pal_conn.c:623:13:is_le_conn	16	static
../edgefast/bluetooth/source/impl/ethermind/host/bt_pal_conn.c:628:13:is_acl_conn	16	static
../edgefast/bluetooth/source/impl/ethermind/host/bt_pal_conn.c:633:12:send_buf	48	static
../edgefast/bluetooth/source/impl/ethermind/host/bt_pal_conn.c:765:13:conn_destroy	16	static
../edgefast/bluetooth/source/impl/ethermind/host/bt_pal_conn.c:777:6:bt_conn_cleanup_all	8	static
../edgefast/bluetooth/source/impl/ethermind/host/bt_pal_conn.c:784:13:acl_has_data	16	static
../edgefast/bluetooth/source/impl/ethermind/host/bt_pal_conn.c:799:13:should_stop_tx	16	static
../edgefast/bluetooth/source/impl/ethermind/host/bt_pal_conn.c:832:6:bt_conn_data_ready	16	static
../edgefast/bluetooth/source/impl/ethermind/host/bt_pal_conn.c:855:13:cannot_send_to_controller	16	static
../edgefast/bluetooth/source/impl/ethermind/host/bt_pal_conn.c:860:13:dont_have_viewbufs	8	static
../edgefast/bluetooth/source/impl/ethermind/host/bt_pal_conn.c:879:28:dont_have_methods	16	static
../edgefast/bluetooth/source/impl/ethermind/host/bt_pal_conn.c:886:17:get_conn_ready	24	static
../edgefast/bluetooth/source/impl/ethermind/host/bt_pal_conn.c:958:13:acl_get_and_clear_cb	24	static
../edgefast/bluetooth/source/impl/ethermind/host/bt_pal_conn.c:972:13:destroy_and_callback	32	static
../edgefast/bluetooth/source/impl/ethermind/host/bt_pal_conn.c:1006:6:bt_conn_tx_processor	56	static
../edgefast/bluetooth/source/impl/ethermind/host/bt_pal_conn.c:1110:13:process_unack_tx	24	static
../edgefast/bluetooth/source/impl/ethermind/host/bt_pal_conn.c:1133:17:conn_lookup_handle	32	static
../edgefast/bluetooth/source/impl/ethermind/host/bt_pal_conn.c:1162:6:bt_conn_set_state	32	static
../edgefast/bluetooth/source/impl/ethermind/host/bt_pal_conn.c:1414:17:bt_conn_lookup_handle	24	static
../edgefast/bluetooth/source/impl/ethermind/host/bt_pal_conn.c:1450:6:bt_conn_foreach	32	static
../edgefast/bluetooth/source/impl/ethermind/host/bt_pal_conn.c:1504:17:bt_conn_ref	24	static
../edgefast/bluetooth/source/impl/ethermind/host/bt_pal_conn.c:1528:6:bt_conn_unref	32	static
../edgefast/bluetooth/source/impl/ethermind/host/bt_pal_conn.c:1577:9:bt_conn_index	24	static
../edgefast/bluetooth/source/impl/ethermind/host/bt_pal_conn.c:1617:17:bt_conn_create_pdu_timeout	40	static
../edgefast/bluetooth/source/impl/ethermind/host/bt_pal_conn.c:1679:13:tx_complete_work	24	static
../edgefast/bluetooth/source/impl/ethermind/host/bt_pal_conn.c:1690:13:notify_recycled_conn_slot	16	static
../edgefast/bluetooth/source/impl/ethermind/host/bt_pal_conn.c:1724:6:bt_conn_connected	16	static
../edgefast/bluetooth/source/impl/ethermind/host/bt_pal_conn.c:1749:12:conn_disconnect	24	static
../edgefast/bluetooth/source/impl/ethermind/host/bt_pal_conn.c:1765:5:bt_conn_disconnect	16	static
../edgefast/bluetooth/source/impl/ethermind/host/bt_pal_conn.c:1824:13:notify_connected	24	static
../edgefast/bluetooth/source/impl/ethermind/host/bt_pal_conn.c:1850:13:notify_disconnected	24	static
../edgefast/bluetooth/source/impl/ethermind/host/bt_pal_conn.c:1895:6:notify_le_param_updated	32	static
../edgefast/bluetooth/source/impl/ethermind/host/bt_pal_conn.c:1965:6:le_param_req	24	static
../edgefast/bluetooth/source/impl/ethermind/host/bt_pal_conn.c:2011:12:send_conn_le_param_update	24	static
../edgefast/bluetooth/source/impl/ethermind/host/bt_pal_conn.c:2096:13:deferred_work	48	static
../edgefast/bluetooth/source/impl/ethermind/host/bt_pal_conn.c:2249:24:acl_conn_new	8	static
../edgefast/bluetooth/source/impl/ethermind/host/bt_pal_conn.c:2456:6:bt_conn_ltk_present	24	static
../edgefast/bluetooth/source/impl/ethermind/host/bt_pal_conn.c:2475:6:bt_conn_identity_resolved	32	static
../edgefast/bluetooth/source/impl/ethermind/host/bt_pal_conn.c:2501:5:bt_conn_le_start_encryption	32	static
../edgefast/bluetooth/source/impl/ethermind/host/bt_pal_conn.c:2540:9:bt_conn_enc_key_size	16	static
../edgefast/bluetooth/source/impl/ethermind/host/bt_pal_conn.c:2593:13:reset_pairing	16	static
../edgefast/bluetooth/source/impl/ethermind/host/bt_pal_conn.c:2608:6:bt_conn_security_changed	32	static
../edgefast/bluetooth/source/impl/ethermind/host/bt_pal_conn.c:2652:12:start_security	16	static
../edgefast/bluetooth/source/impl/ethermind/host/bt_pal_conn.c:2669:5:bt_conn_set_security	24	static
../edgefast/bluetooth/source/impl/ethermind/host/bt_pal_conn.c:2707:15:bt_conn_get_security	16	static
../edgefast/bluetooth/source/impl/ethermind/host/bt_pal_conn.c:2718:5:bt_conn_cb_register	16	static
../edgefast/bluetooth/source/impl/ethermind/host/bt_pal_conn.c:2729:5:bt_conn_cb_unregister	16	static
../edgefast/bluetooth/source/impl/ethermind/host/bt_pal_conn.c:2742:6:bt_conn_exists_le	24	static
../edgefast/bluetooth/source/impl/ethermind/host/bt_pal_conn.c:2763:17:bt_conn_add_le	24	static
../edgefast/bluetooth/source/impl/ethermind/host/bt_pal_conn.c:2787:24:conn_lookup_device_id	32	static
../edgefast/bluetooth/source/impl/ethermind/host/bt_pal_conn.c:2816:17:bt_conn_lookup_device_id	24	static
../edgefast/bluetooth/source/impl/ethermind/host/bt_pal_conn.c:2842:6:bt_conn_is_peer_addr_le	24	static
../edgefast/bluetooth/source/impl/ethermind/host/bt_pal_conn.c:2862:17:bt_conn_lookup_addr_le	24	static
../edgefast/bluetooth/source/impl/ethermind/host/bt_pal_conn.c:2889:17:bt_conn_lookup_state_le	24	static
../edgefast/bluetooth/source/impl/ethermind/host/bt_pal_conn.c:2922:21:bt_conn_get_dst	24	static
../edgefast/bluetooth/source/impl/ethermind/host/bt_pal_conn.c:2936:18:bt_conn_get_dst_br	24	static
../edgefast/bluetooth/source/impl/ethermind/host/bt_pal_conn.c:2952:27:conn_internal_to_public_state	16	static
../edgefast/bluetooth/source/impl/ethermind/host/bt_pal_conn.c:2974:5:bt_conn_get_info	16	static
../edgefast/bluetooth/source/impl/ethermind/host/bt_pal_conn.c:3044:5:bt_conn_get_remote_info	16	static
../edgefast/bluetooth/source/impl/ethermind/host/bt_pal_conn.c:3081:12:bt_conn_get_tx_power_level	48	static
../edgefast/bluetooth/source/impl/ethermind/host/bt_pal_conn.c:3212:5:bt_conn_le_get_tx_power_level	24	static
../edgefast/bluetooth/source/impl/ethermind/host/bt_pal_conn.c:3297:5:bt_conn_le_param_update	16	static
../edgefast/bluetooth/source/impl/ethermind/host/bt_pal_conn.c:3712:5:bt_conn_le_conn_update	24	static
../edgefast/bluetooth/source/impl/ethermind/host/bt_pal_conn.c:3736:5:bt_conn_auth_cb_register	16	static
../edgefast/bluetooth/source/impl/ethermind/host/bt_pal_conn.c:3767:5:bt_conn_auth_cb_overlay	16	static
../edgefast/bluetooth/source/impl/ethermind/host/bt_pal_conn.c:3790:5:bt_conn_auth_info_cb_register	16	static
../edgefast/bluetooth/source/impl/ethermind/host/bt_pal_conn.c:3805:5:bt_conn_auth_info_cb_unregister	16	static
../edgefast/bluetooth/source/impl/ethermind/host/bt_pal_conn.c:3818:5:bt_conn_auth_passkey_entry	16	static
../edgefast/bluetooth/source/impl/ethermind/host/bt_pal_conn.c:3850:5:bt_conn_auth_passkey_confirm	16	static
../edgefast/bluetooth/source/impl/ethermind/host/bt_pal_conn.c:3868:5:bt_conn_auth_cancel	16	static
../edgefast/bluetooth/source/impl/ethermind/host/bt_pal_conn.c:3887:5:bt_conn_auth_pairing_confirm	16	static
../edgefast/bluetooth/source/impl/ethermind/host/bt_pal_conn.c:3907:17:bt_conn_lookup_index	16	static
../edgefast/bluetooth/source/impl/ethermind/host/bt_pal_conn.c:3916:5:bt_conn_init	16	static
../edgefast/bluetooth/source/impl/ethermind/host/bt_pal_conn.c:4052:5:bt_conn_scan	24	static
