C:\Users\admin\Documents\MCUXpressoIDE_25.6.136\workspace\bluetooth\edgefast\bluetooth\source\porting/thread/thread.h:711:23:k_uptime_get	32	static
C:\Users\admin\Documents\MCUXpressoIDE_25.6.136\workspace\bluetooth\edgefast\bluetooth\source\porting/thread/thread.h:735:24:k_uptime_get_32	8	static
../edgefast/bluetooth/source/porting/thread/thread.c:34:19:k_thread_stack_alloc	24	static
../edgefast/bluetooth/source/porting/thread/thread.c:62:5:k_thread_stack_free	24	static
../edgefast/bluetooth/source/porting/thread/thread.c:77:13:_k_thread_function_wrap	24	static
../edgefast/bluetooth/source/porting/thread/thread.c:134:9:k_thread_create	72	static
../edgefast/bluetooth/source/porting/thread/thread.c:286:5:k_thread_join	32	static
../edgefast/bluetooth/source/porting/thread/thread.c:353:9:k_sleep	24	static
../edgefast/bluetooth/source/porting/thread/thread.c:385:9:k_usleep	16	static
../edgefast/bluetooth/source/porting/thread/thread.c:406:6:k_busy_wait	16	static
../edgefast/bluetooth/source/porting/thread/thread.c:422:6:k_can_yield	4	static
../edgefast/bluetooth/source/porting/thread/thread.c:434:6:k_yield	8	static
../edgefast/bluetooth/source/porting/thread/thread.c:448:6:k_wakeup	16	static
../edgefast/bluetooth/source/porting/thread/thread.c:470:9:k_sched_current_thread_query	24	static
../edgefast/bluetooth/source/porting/thread/thread.c:511:6:k_thread_abort	16	static
../edgefast/bluetooth/source/porting/thread/thread.c:533:6:k_thread_start	24	static
../edgefast/bluetooth/source/porting/thread/thread.c:600:5:k_thread_priority_get	24	static
../edgefast/bluetooth/source/porting/thread/thread.c:640:6:k_thread_priority_set	16	static
../edgefast/bluetooth/source/porting/thread/thread.c:790:6:k_thread_suspend	16	static
../edgefast/bluetooth/source/porting/thread/thread.c:805:6:k_thread_resume	24	static
../edgefast/bluetooth/source/porting/thread/thread.c:915:6:k_is_in_isr	16	static
../edgefast/bluetooth/source/porting/thread/thread.c:936:5:k_is_preempt_thread	16	static
../edgefast/bluetooth/source/porting/thread/thread.c:984:6:k_sched_lock	8	static
../edgefast/bluetooth/source/porting/thread/thread.c:996:6:k_sched_unlock	8	static
../edgefast/bluetooth/source/porting/thread/thread.c:1016:6:k_thread_custom_data_set	24	static
../edgefast/bluetooth/source/porting/thread/thread.c:1036:7:k_thread_custom_data_get	16	static
../edgefast/bluetooth/source/porting/thread/thread.c:1062:5:k_thread_name_set	24	static
../edgefast/bluetooth/source/porting/thread/thread.c:1095:13:k_thread_name_get	16	static
../edgefast/bluetooth/source/porting/thread/thread.c:1121:5:k_thread_name_copy	32	static
../edgefast/bluetooth/source/porting/thread/thread.c:1160:13:k_thread_state_str	64	static
../edgefast/bluetooth/source/porting/thread/thread.c:1214:9:k_uptime_ticks	24	static
