C:\Users\admin\Documents\MCUXpressoIDE_25.6.136\workspace\bluetooth\CMSIS/core_cm33.h:2358:22:__NVIC_EnableIRQ	16	static
C:\Users\admin\Documents\MCUXpressoIDE_25.6.136\workspace\bluetooth\CMSIS/core_cm33.h:2396:22:__NVIC_DisableIRQ	16	static
C:\Users\admin\Documents\MCUXpressoIDE_25.6.136\workspace\bluetooth\CMSIS/core_cm33.h:2449:22:__NVIC_ClearPendingIRQ	16	static
C:\Users\admin\Documents\MCUXpressoIDE_25.6.136\workspace\bluetooth\CMSIS/core_cm33.h:2555:22:__NVIC_SetPriority	16	static
C:\Users\admin\Documents\MCUXpressoIDE_25.6.136\workspace\bluetooth\drivers/fsl_power.h:407:22:PMU_EnableBleWakeup	16	static
C:\Users\admin\Documents\MCUXpressoIDE_25.6.136\workspace\bluetooth\drivers/fsl_power.h:416:22:PMU_DisableBleWakeup	16	static
../framework/platform/rw61x/fwk_platform_ble.c:373:5:PLATFORM_InitBle	16	static
../framework/platform/rw61x/fwk_platform_ble.c:427:6:PLATFORM_VendorSpecificInit	8	static
../framework/platform/rw61x/fwk_platform_ble.c:455:5:PLATFORM_TerminateBle	16	static
../framework/platform/rw61x/fwk_platform_ble.c:499:5:PLATFORM_ResetBle	16	static
../framework/platform/rw61x/fwk_platform_ble.c:530:5:PLATFORM_StartHci	16	static
../framework/platform/rw61x/fwk_platform_ble.c:560:5:PLATFORM_SetHciRxCallback	24	static
../framework/platform/rw61x/fwk_platform_ble.c:569:5:PLATFORM_SendHciMessage	24	static
../framework/platform/rw61x/fwk_platform_ble.c:607:5:PLATFORM_EnableBleLowPower	32	static
../framework/platform/rw61x/fwk_platform_ble.c:629:5:PLATFORM_DisableBleLowPower	32	static
../framework/platform/rw61x/fwk_platform_ble.c:651:5:PLATFORM_RequestBleWakeUp	32	static
../framework/platform/rw61x/fwk_platform_ble.c:704:5:PLATFORM_ReleaseBleWakeUp	16	static
../framework/platform/rw61x/fwk_platform_ble.c:715:6:B2MWKUP_DONE0_DriverIRQHandler	4	static
../framework/platform/rw61x/fwk_platform_ble.c:720:5:PLATFORM_HandleControllerPowerState	16	static
../framework/platform/rw61x/fwk_platform_ble.c:737:6:PLATFORM_IsControllerActive	4	static
../framework/platform/rw61x/fwk_platform_ble.c:746:12:PLATFORM_InitHciLink	16	static
../framework/platform/rw61x/fwk_platform_ble.c:763:12:PLATFORM_TerminateHciLink	16	static
../framework/platform/rw61x/fwk_platform_ble.c:784:13:PLATFORM_IsHciLinkReady	8	static
../framework/platform/rw61x/fwk_platform_ble.c:789:13:PLATFORM_IsBleAwake	4	static
../framework/platform/rw61x/fwk_platform_ble.c:802:34:PLATFORM_HciImumcRxCallback	32	static
../framework/platform/rw61x/fwk_platform_ble.c:840:12:PLATFORM_SetBtCalData	56	static
../framework/platform/rw61x/fwk_platform_ble.c:877:13:PLATFORM_HandleHciVendorEvent	24	static
../framework/platform/rw61x/fwk_platform_ble.c:905:12:PLATFORM_HandleBlePowerStateEvent	24	static
../framework/platform/rw61x/fwk_platform_ble.c:949:12:PLATFORM_BleSetHostSleepConfig	24	static
../framework/platform/rw61x/fwk_platform_ble.c:994:13:PLATFORM_FillInHciCmdMsg	24	static
