C:\Users\admin\Documents\MCUXpressoIDE_25.6.136\workspace\bluetooth\CMSIS/core_cm33.h:2396:22:__NVIC_DisableIRQ	16	static
C:\Users\admin\Documents\MCUXpressoIDE_25.6.136\workspace\bluetooth\CMSIS/core_cm33.h:2449:22:__NVIC_ClearPendingIRQ	16	static
C:\Users\admin\Documents\MCUXpressoIDE_25.6.136\workspace\bluetooth\drivers/fsl_common_arm.h:728:24:DisableIRQ	24	static
C:\Users\admin\Documents\MCUXpressoIDE_25.6.136\workspace\bluetooth\drivers/fsl_power.h:259:26:POWER_GetResetCause	4	static
C:\Users\admin\Documents\MCUXpressoIDE_25.6.136\workspace\bluetooth\drivers/fsl_power.h:270:22:POWER_ClearResetCause	16	static
C:\Users\admin\Documents\MCUXpressoIDE_25.6.136\workspace\bluetooth\drivers/fsl_power.h:322:26:POWER_GetWakenMode	4	static
C:\Users\admin\Documents\MCUXpressoIDE_25.6.136\workspace\bluetooth\drivers/fsl_rtc.h:161:20:RTC_EnableWakeupTimer	16	static
C:\Users\admin\Documents\MCUXpressoIDE_25.6.136\workspace\bluetooth\drivers/fsl_rtc.h:297:20:RTC_SetWakeupCount	16	static
C:\Users\admin\Documents\MCUXpressoIDE_25.6.136\workspace\bluetooth\drivers/fsl_rtc.h:315:24:RTC_GetWakeupCount	24	static
C:\Users\admin\Documents\MCUXpressoIDE_25.6.136\workspace\bluetooth\drivers/fsl_rtc.h:342:20:RTC_EnableWakeUpTimerInterruptFromDPD	16	static
C:\Users\admin\Documents\MCUXpressoIDE_25.6.136\workspace\bluetooth\drivers/fsl_rtc.h:442:24:RTC_GetStatusFlags	16	static
C:\Users\admin\Documents\MCUXpressoIDE_25.6.136\workspace\bluetooth\drivers/fsl_rtc.h:454:20:RTC_ClearStatusFlags	24	static
C:\Users\admin\Documents\MCUXpressoIDE_25.6.136\workspace\bluetooth\drivers/fsl_rtc.h:509:20:RTC_StartTimer	16	static
C:\Users\admin\Documents\MCUXpressoIDE_25.6.136\workspace\bluetooth\drivers/fsl_rtc.h:536:20:RTC_Reset	16	static
../framework/platform/rw61x/fwk_platform_lowpower.c:89:6:PLATFORM_LowPowerInit	16	static
../framework/platform/rw61x/fwk_platform_lowpower.c:105:6:PLATFORM_InitWakeUpTimer	8	static
../framework/platform/rw61x/fwk_platform_lowpower.c:114:6:PLATFORM_StartWakeUpTimer	48	static
../framework/platform/rw61x/fwk_platform_lowpower.c:128:6:PLATFORM_StopWakeUpTimer	8	static
../framework/platform/rw61x/fwk_platform_lowpower.c:145:10:PLATFORM_GetLowPowerTimestampUs	8	static
../framework/platform/rw61x/fwk_platform_lowpower.c:150:10:PLATFORM_GetLowPowerDurationUs	144	static
../framework/platform/rw61x/fwk_platform_lowpower.c:172:6:PLATFORM_EnterLowPower	4	static
../framework/platform/rw61x/fwk_platform_lowpower.c:178:6:PLATFORM_ExitLowPower	4	static
../framework/platform/rw61x/fwk_platform_lowpower.c:184:6:PLATFORM_EnterPowerDown	4	static
../framework/platform/rw61x/fwk_platform_lowpower.c:189:6:PLATFORM_ExitPowerDown	8	static
../framework/platform/rw61x/fwk_platform_lowpower.c:196:6:PLATFORM_EnterDeepPowerDown	8	static
../framework/platform/rw61x/fwk_platform_lowpower.c:202:9:PLATFORM_GetDefaultRamBanksRetained	16	static
../framework/platform/rw61x/fwk_platform_lowpower.c:209:6:PLATFORM_SetRamBanksRetained	16	static
../framework/platform/rw61x/fwk_platform_lowpower.c:213:5:PLATFORM_RegisterRtcHandle	24	static
../framework/platform/rw61x/fwk_platform_lowpower.c:237:6:RTC_IRQHandler	16	static
../framework/platform/rw61x/fwk_platform_lowpower.c:263:13:PLATFORM_InitWakeUpSources	8	static
../framework/platform/rw61x/fwk_platform_lowpower.c:270:17:PLATFORM_LowPowerCallback	16	static
../framework/platform/rw61x/fwk_platform_lowpower.c:325:13:PLATFORM_InitRtc	8	static
