C:\Users\admin\Documents\MCUXpressoIDE_25.6.136\workspace\ads1298\CMSIS/core_cm33.h:2358:22:__NVIC_EnableIRQ	16	static
C:\Users\admin\Documents\MCUXpressoIDE_25.6.136\workspace\ads1298\drivers/fsl_common_arm.h:678:24:EnableIRQ	24	static
C:\Users\admin\Documents\MCUXpressoIDE_25.6.136\workspace\ads1298\drivers/fsl_gpio.h:153:20:GPIO_PinWrite	24	static
../source/ads1298.c:24:20:delay_ms	24	static
../source/ads1298.c:29:20:CS_LOW	8	static
../source/ads1298.c:30:20:CS_HIGH	8	static
../source/ads1298.c:32:6:ADS_GPIO_Init	16	static
../source/ads1298.c:59:6:ADS_SPI_Init	32	static
../source/ads1298.c:70:6:ADS_WriteCmd	32	static
../source/ads1298.c:78:6:ADS_WriteReg	40	static
../source/ads1298.c:85:9:ADS_ReadReg	40	static
../source/ads1298.c:94:6:ADS_Reset	8	static
../source/ads1298.c:102:6:GPIO_INTA_IRQHandler	8	static
../source/ads1298.c:109:6:ADS_DRDY_InterruptInit	16	static
../source/ads1298.c:120:6:ADS_ReadFrame	56	static
../source/ads1298.c:131:6:ADS_ParseChannels	24	static
../source/ads1298.c:143:6:ADS_Configure	16	static
../source/ads1298.c:159:9:ADS_ReadID	8	static
