C:\Users\admin\Documents\MCUXpressoIDE_25.6.136\workspace\bluetooth\component\els_pkc\src\comps\mcuxClKey\inc/internal/mcuxClKey_Functions_Internal.h:165:32:mcuxClKey_getSize	16	static
C:\Users\admin\Documents\MCUXpressoIDE_25.6.136\workspace\bluetooth\component\els_pkc\src\comps\mcuxClKey\inc/internal/mcuxClKey_Functions_Internal.h:188:39:mcuxClKey_getAlgorithm	16	static
C:\Users\admin\Documents\MCUXpressoIDE_25.6.136\workspace\bluetooth\component\els_pkc\src\comps\mcuxClKey\inc/internal/mcuxClKey_Functions_Internal.h:211:25:mcuxClKey_getLoadedKeyData	16	static
C:\Users\admin\Documents\MCUXpressoIDE_25.6.136\workspace\bluetooth\component\els_pkc\src\comps\mcuxClKey\inc/internal/mcuxClKey_Functions_Internal.h:253:24:mcuxClKey_getLoadedKeySlot	16	static
C:\Users\admin\Documents\MCUXpressoIDE_25.6.136\workspace\bluetooth\component\els_pkc\src\comps\mcuxClKey\inc/internal/mcuxClKey_Functions_Internal.h:274:38:mcuxClKey_getLoadStatus	16	static
../component/els_pkc/src/comps/mcuxClMacModes/src/mcuxClMacModes_Els_Cbcmac.c:41:49:mcuxClMacModes_Engine_CBCMAC_Oneshot	240	static
../component/els_pkc/src/comps/mcuxClMacModes/src/mcuxClMacModes_Els_Cbcmac.c:196:49:mcuxClMacModes_Engine_CBCMAC_Init	64	static
../component/els_pkc/src/comps/mcuxClMacModes/src/mcuxClMacModes_Els_Cbcmac.c:234:49:mcuxClMacModes_Engine_CBCMAC_Update	208	static
../component/els_pkc/src/comps/mcuxClMacModes/src/mcuxClMacModes_Els_Cbcmac.c:369:49:mcuxClMacModes_Engine_CBCMAC_Finalize	168	static
