C:\Users\admin\Documents\MCUXpressoIDE_25.6.136\workspace\bluetooth\component\els_pkc\src\comps\mcuxClKey\inc/internal/mcuxClKey_Functions_Internal.h:70:20:mcuxClKey_setKeyData	16	static
C:\Users\admin\Documents\MCUXpressoIDE_25.6.136\workspace\bluetooth\component\els_pkc\src\comps\mcuxClKey\inc/internal/mcuxClKey_Functions_Internal.h:91:20:mcuxClKey_setAuxData	16	static
C:\Users\admin\Documents\MCUXpressoIDE_25.6.136\workspace\bluetooth\component\els_pkc\src\comps\mcuxClKey\inc/internal/mcuxClKey_Functions_Internal.h:101:20:mcuxClKey_setProtectionType	16	static
C:\Users\admin\Documents\MCUXpressoIDE_25.6.136\workspace\bluetooth\component\els_pkc\src\comps\mcuxClKey\inc/internal/mcuxClKey_Functions_Internal.h:121:20:mcuxClKey_setLinkedData	16	static
C:\Users\admin\Documents\MCUXpressoIDE_25.6.136\workspace\bluetooth\component\els_pkc\src\comps\mcuxClKey\inc/internal/mcuxClKey_Functions_Internal.h:141:20:mcuxClKey_setTypeDescriptor	24	static
C:\Users\admin\Documents\MCUXpressoIDE_25.6.136\workspace\bluetooth\component\els_pkc\src\comps\mcuxClKey\inc/internal/mcuxClKey_Functions_Internal.h:165:32:mcuxClKey_getSize	16	static
C:\Users\admin\Documents\MCUXpressoIDE_25.6.136\workspace\bluetooth\component\els_pkc\src\comps\mcuxClKey\inc/internal/mcuxClKey_Functions_Internal.h:211:25:mcuxClKey_getLoadedKeyData	16	static
C:\Users\admin\Documents\MCUXpressoIDE_25.6.136\workspace\bluetooth\component\els_pkc\src\comps\mcuxClKey\inc/internal/mcuxClKey_Functions_Internal.h:220:20:mcuxClKey_setLoadedKeyData	16	static
C:\Users\admin\Documents\MCUXpressoIDE_25.6.136\workspace\bluetooth\component\els_pkc\src\comps\mcuxClKey\inc/internal/mcuxClKey_Functions_Internal.h:253:24:mcuxClKey_getLoadedKeySlot	16	static
C:\Users\admin\Documents\MCUXpressoIDE_25.6.136\workspace\bluetooth\component\els_pkc\src\comps\mcuxClKey\inc/internal/mcuxClKey_Functions_Internal.h:262:20:mcuxClKey_setLoadedKeySlot	16	static
C:\Users\admin\Documents\MCUXpressoIDE_25.6.136\workspace\bluetooth\component\els_pkc\src\comps\mcuxClKey\inc/internal/mcuxClKey_Functions_Internal.h:274:38:mcuxClKey_getLoadStatus	16	static
C:\Users\admin\Documents\MCUXpressoIDE_25.6.136\workspace\bluetooth\component\els_pkc\src\comps\mcuxClKey\inc/internal/mcuxClKey_Functions_Internal.h:283:20:mcuxClKey_setLoadStatus	16	static
C:\Users\admin\Documents\MCUXpressoIDE_25.6.136\workspace\bluetooth\component\els_pkc\src\comps\mcuxClKey\inc/internal/mcuxClKey_Functions_Internal.h:304:20:mcuxClKey_setParentKey	16	static
C:\Users\admin\Documents\MCUXpressoIDE_25.6.136\workspace\bluetooth\component\els_pkc\src\comps\mcuxClKey\inc/internal/mcuxClKey_Functions_Internal.h:325:20:mcuxClKey_setKeyContainerSize	16	static
C:\Users\admin\Documents\MCUXpressoIDE_25.6.136\workspace\bluetooth\component\els_pkc\src\comps\mcuxClKey\inc/internal/mcuxClKey_Functions_Internal.h:346:20:mcuxClKey_setKeyContainerUsedSize	16	static
../component/els_pkc/src/comps/mcuxClKey/src/mcuxClKey.c:26:49:mcuxClKey_init	56	static
../component/els_pkc/src/comps/mcuxClKey/src/mcuxClKey.c:70:35:mcuxClKey_linkKeyPair	40	static
../component/els_pkc/src/comps/mcuxClKey/src/mcuxClKey.c:85:49:mcuxClKey_setProtection	48	static
../component/els_pkc/src/comps/mcuxClKey/src/mcuxClKey.c:104:49:mcuxClKey_loadMemory	72	static
../component/els_pkc/src/comps/mcuxClKey/src/mcuxClKey.c:129:49:mcuxClKey_loadCopro	72	static
../component/els_pkc/src/comps/mcuxClKey/src/mcuxClKey.c:155:49:mcuxClKey_flush	120	static
../component/els_pkc/src/comps/mcuxClKey/src/mcuxClKey.c:201:49:mcuxClKey_setKeyproperties	40	static
