C:\Users\admin\Documents\MCUXpressoIDE_25.6.136\workspace\bluetooth\CMSIS/core_cm33.h:2358:22:__NVIC_EnableIRQ	16	static
C:\Users\admin\Documents\MCUXpressoIDE_25.6.136\workspace\bluetooth\CMSIS/core_cm33.h:2555:22:__NVIC_SetPriority	16	static
C:\Users\admin\Documents\MCUXpressoIDE_25.6.136\workspace\bluetooth\drivers/fsl_common_arm.h:678:24:EnableIRQ	24	static
../source/hardware_init.c:37:6:BOARD_InitHardware	8	static
../source/hardware_init.c:48:6:USB_HostClockInit	8	static
../source/hardware_init.c:58:6:USB_HostIsrEnable	16	static
