C:\Users\admin\Documents\MCUXpressoIDE_25.6.136\workspace\bluetooth\drivers/fsl_common_arm.h:908:24:DisableGlobalIRQ	16	static
C:\Users\admin\Documents\MCUXpressoIDE_25.6.136\workspace\bluetooth\drivers/fsl_common_arm.h:934:20:EnableGlobalIRQ	24	static
C:\Users\admin\Documents\MCUXpressoIDE_25.6.136\workspace\bluetooth\edgefast\bluetooth\source\porting/system_c.h:190:29:sys_timepoint_calc	24	static
C:\Users\admin\Documents\MCUXpressoIDE_25.6.136\workspace\bluetooth\edgefast\bluetooth\source\porting/system_c.h:198:27:sys_timepoint_timeout	16	static
C:\Users\admin\Documents\MCUXpressoIDE_25.6.136\workspace\bluetooth\edgefast\bluetooth\include/net/buf.h:168:20:net_buf_simple_reset	16	static
C:\Users\admin\Documents\MCUXpressoIDE_25.6.136\workspace\bluetooth\edgefast\bluetooth\include/net/buf.h:1359:20:net_buf_destroy	24	static
C:\Users\admin\Documents\MCUXpressoIDE_25.6.136\workspace\bluetooth\edgefast\bluetooth\include/net/buf.h:1512:21:net_buf_add_mem	24	static
C:\Users\admin\Documents\MCUXpressoIDE_25.6.136\workspace\bluetooth\edgefast\bluetooth\include/net/buf.h:2257:22:net_buf_tailroom	16	static
C:\Users\admin\Documents\MCUXpressoIDE_25.6.136\workspace\bluetooth\edgefast\bluetooth\include/net/buf.h:2271:22:net_buf_headroom	16	static
../edgefast/bluetooth/source/porting/net/buf.c:57:22:net_buf_pool_get	24	static
../edgefast/bluetooth/source/porting/net/buf.c:66:12:pool_id	16	static
../edgefast/bluetooth/source/porting/net/buf.c:71:5:net_buf_id	32	static
../edgefast/bluetooth/source/porting/net/buf.c:81:31:pool_get_uninit	32	static
../edgefast/bluetooth/source/porting/net/buf.c:97:6:net_buf_reset	16	static
../edgefast/bluetooth/source/porting/net/buf.c:108:17:generic_data_ref	24	static
../edgefast/bluetooth/source/porting/net/buf.c:118:17:mem_pool_data_alloc	24	static
../edgefast/bluetooth/source/porting/net/buf.c:143:13:mem_pool_data_unref	16	static
../edgefast/bluetooth/source/porting/net/buf.c:165:17:fixed_data_alloc	40	static
../edgefast/bluetooth/source/porting/net/buf.c:176:13:fixed_data_unref	16	static
../edgefast/bluetooth/source/porting/net/buf.c:227:17:data_alloc	32	static
../edgefast/bluetooth/source/porting/net/buf.c:234:17:data_ref	24	static
../edgefast/bluetooth/source/porting/net/buf.c:241:13:data_unref	24	static
../edgefast/bluetooth/source/porting/net/buf.c:257:17:net_buf_alloc_len	80	static
../edgefast/bluetooth/source/porting/net/buf.c:382:17:net_buf_alloc_fixed	24	static
../edgefast/bluetooth/source/porting/net/buf.c:397:17:net_buf_alloc_with_data	32	static
../edgefast/bluetooth/source/porting/net/buf.c:423:17:net_buf_get	24	static
../edgefast/bluetooth/source/porting/net/buf.c:442:6:net_buf_slist_put	40	static
../edgefast/bluetooth/source/porting/net/buf.c:454:17:net_buf_slist_get	40	static
../edgefast/bluetooth/source/porting/net/buf.c:470:6:net_buf_put	16	static
../edgefast/bluetooth/source/porting/net/buf.c:481:6:net_buf_unref	24	static
../edgefast/bluetooth/source/porting/net/buf.c:529:17:net_buf_ref	16	static
../edgefast/bluetooth/source/porting/net/buf.c:539:17:net_buf_clone	40	static
../edgefast/bluetooth/source/porting/net/buf.c:581:17:net_buf_frag_last	16	static
../edgefast/bluetooth/source/porting/net/buf.c:592:6:net_buf_frag_insert	16	static
../edgefast/bluetooth/source/porting/net/buf.c:604:17:net_buf_frag_add	16	static
../edgefast/bluetooth/source/porting/net/buf.c:622:17:net_buf_frag_del	24	static
../edgefast/bluetooth/source/porting/net/buf.c:648:8:net_buf_linearize	40	static
../edgefast/bluetooth/source/porting/net/buf.c:688:8:net_buf_append_bytes	48	static
