../drivers/fsl_trng.c:1428:17:trng_GetInstance	24	static
../drivers/fsl_trng.c:1461:10:TRNG_GetDefaultConfig	24	static
../drivers/fsl_trng.c:1526:17:trng_SetRetryCount	24	static
../drivers/fsl_trng.c:1548:17:trng_SetMonobitLimit	32	static
../drivers/fsl_trng.c:1573:17:trng_SetRunBit1Limit	32	static
../drivers/fsl_trng.c:1597:17:trng_SetRunBit2Limit	32	static
../drivers/fsl_trng.c:1621:17:trng_SetRunBit3Limit	32	static
../drivers/fsl_trng.c:1644:17:trng_SetRunBit4Limit	32	static
../drivers/fsl_trng.c:1669:17:trng_SetRunBit5Limit	32	static
../drivers/fsl_trng.c:1694:17:trng_SetRunBit6Limit	32	static
../drivers/fsl_trng.c:1719:17:trng_SetPokerMaxLimit	32	static
../drivers/fsl_trng.c:1744:17:trng_SetFrequencyCountMaxLimit	32	static
../drivers/fsl_trng.c:1769:17:trng_SetStatisticalCheckLimit	32	static
../drivers/fsl_trng.c:1842:17:trng_ApplyUserConfig	24	static
../drivers/fsl_trng.c:1933:17:trng_ReadEntropy	24	static
../drivers/fsl_trng.c:1963:10:TRNG_Init	24	static
../drivers/fsl_trng.c:2042:6:TRNG_Deinit	16	static
../drivers/fsl_trng.c:2077:10:TRNG_GetRandomData	64	static
