C:\Users\admin\Documents\MCUXpressoIDE_25.6.136\workspace\bluetooth\CMSIS/core_cm33.h:2358:22:__NVIC_EnableIRQ	16	static
C:\Users\admin\Documents\MCUXpressoIDE_25.6.136\workspace\bluetooth\CMSIS/core_cm33.h:2396:22:__NVIC_DisableIRQ	16	static
../drivers/fsl_reset.h:226:20:RESET_ReleasePeripheralReset	16	static
../drivers/fsl_common_arm.h:678:24:EnableIRQ	24	static
../drivers/fsl_common_arm.h:728:24:DisableIRQ	24	static
../drivers/fsl_ostimer.h:82:24:OSTIMER_DecimalToGray	24	static
../drivers/fsl_ostimer.h:234:24:OSTIMER_GetCurrentTimerRawValue	48	static
../drivers/fsl_ostimer.h:264:24:OSTIMER_GetCaptureRawValue	48	static
../drivers/fsl_ostimer.c:78:17:OSTIMER_GetInstance	24	static
../drivers/fsl_ostimer.c:123:10:OSTIMER_GrayToDecimal	32	static
../drivers/fsl_ostimer.c:149:13:OSTIMER_EnableInterrupt	16	static
../drivers/fsl_ostimer.c:171:6:OSTIMER_Init	24	static
../drivers/fsl_ostimer.c:201:6:OSTIMER_Deinit	16	static
../drivers/fsl_ostimer.c:224:10:OSTIMER_GetStatusFlags	16	static
../drivers/fsl_ostimer.c:239:6:OSTIMER_ClearStatusFlags	16	static
../drivers/fsl_ostimer.c:258:10:OSTIMER_SetMatchRawValue	56	static
../drivers/fsl_ostimer.c:329:10:OSTIMER_SetMatchValue	40	static
../drivers/fsl_ostimer.c:349:10:OSTIMER_GetCurrentTimerValue	24	static
../drivers/fsl_ostimer.c:371:10:OSTIMER_GetCaptureValue	24	static
../drivers/fsl_ostimer.c:384:6:OSTIMER_HandleIRQ	16	static
../drivers/fsl_ostimer.c:396:6:OS_EVENT_TIMER_DriverIRQHandler	8	static
