C:\Users\admin\Documents\MCUXpressoIDE_25.6.136\workspace\bluetooth\component\els_pkc\src\comps\mcuxClEls\inc/internal/mcuxClEls_Internal.h:61:20:mcuxClEls_setInput0	16	static
C:\Users\admin\Documents\MCUXpressoIDE_25.6.136\workspace\bluetooth\component\els_pkc\src\comps\mcuxClEls\inc/internal/mcuxClEls_Internal.h:70:20:mcuxClEls_setInput0_fixedSize	16	static
C:\Users\admin\Documents\MCUXpressoIDE_25.6.136\workspace\bluetooth\component\els_pkc\src\comps\mcuxClEls\inc/internal/mcuxClEls_Internal.h:78:20:mcuxClEls_setInput1_fixedSize	16	static
C:\Users\admin\Documents\MCUXpressoIDE_25.6.136\workspace\bluetooth\component\els_pkc\src\comps\mcuxClEls\inc/internal/mcuxClEls_Internal.h:116:20:mcuxClEls_setOutput_fixedSize	16	static
C:\Users\admin\Documents\MCUXpressoIDE_25.6.136\workspace\bluetooth\component\els_pkc\src\comps\mcuxClEls\inc/internal/mcuxClEls_Internal.h:122:20:mcuxClEls_setKeystoreIndex0	16	static
C:\Users\admin\Documents\MCUXpressoIDE_25.6.136\workspace\bluetooth\component\els_pkc\src\comps\mcuxClEls\inc/internal/mcuxClEls_Internal.h:129:20:mcuxClEls_setKeystoreIndex1	16	static
C:\Users\admin\Documents\MCUXpressoIDE_25.6.136\workspace\bluetooth\component\els_pkc\src\comps\mcuxClEls\inc/internal/mcuxClEls_Internal.h:143:20:mcuxClEls_setRequestedKeyProperties	16	static
C:\Users\admin\Documents\MCUXpressoIDE_25.6.136\workspace\bluetooth\component\els_pkc\src\comps\mcuxClEls\inc/internal/mcuxClEls_Internal.h:149:20:mcuxClEls_startCommand	32	static
C:\Users\admin\Documents\MCUXpressoIDE_25.6.136\workspace\bluetooth\component\els_pkc\src\comps\mcuxClEls\inc/internal/mcuxClEls_Internal.h:182:20:mcuxClEls_isBusy	4	static
../component/els_pkc/src/comps/mcuxClEls/src/mcuxClEls_Ecc.c:29:63:mcuxClEls_EccKeyGen_Async	64	static
../component/els_pkc/src/comps/mcuxClEls/src/mcuxClEls_Ecc.c:72:63:mcuxClEls_EccKeyExchange_Async	64	static
../component/els_pkc/src/comps/mcuxClEls/src/mcuxClEls_Ecc.c:141:63:mcuxClEls_EccSign_Async	64	static
../component/els_pkc/src/comps/mcuxClEls/src/mcuxClEls_Ecc.c:179:63:mcuxClEls_EccVerify_Async	56	static
