../bt_ble/bluetooth/export/extension/smp_pl.c:226:6:smp_init_pl	16	static
../bt_ble/bluetooth/export/extension/smp_pl.c:285:12:BT_smp_add_device_pl	24	static
../bt_ble/bluetooth/export/extension/smp_pl.c:328:12:BT_smp_remove_device_pl	24	static
../bt_ble/bluetooth/export/extension/smp_pl.c:374:12:BT_smp_get_local_capability_pl	24	static
../bt_ble/bluetooth/export/extension/smp_pl.c:410:6:smp_get_peer_oob_availability_pl	32	static
../bt_ble/bluetooth/export/extension/smp_pl.c:451:12:BT_smp_get_remote_iocaps_pl	40	static
../bt_ble/bluetooth/export/extension/smp_pl.c:513:12:smp_get_oob_tk_pl	32	static
../bt_ble/bluetooth/export/extension/smp_pl.c:564:12:smp_get_local_oob_public_key_pl	88	static
../bt_ble/bluetooth/export/extension/smp_pl.c:605:12:smp_get_lesc_oob_l_rand_pl	40	static
../bt_ble/bluetooth/export/extension/smp_pl.c:652:12:smp_get_lesc_oob_l_cnf_val_pl	40	static
../bt_ble/bluetooth/export/extension/smp_pl.c:695:12:smp_get_lesc_oob_pl	40	static
../bt_ble/bluetooth/export/extension/smp_pl.c:791:12:BT_smp_get_key_exchange_info_pl	16	static
../bt_ble/bluetooth/export/extension/smp_pl.c:1061:12:BT_smp_mark_device_untrusted_pl	32	static
../bt_ble/bluetooth/export/extension/smp_pl.c:1173:12:BT_smp_get_long_term_key_pl	24	static
../bt_ble/bluetooth/export/extension/smp_pl.c:1228:12:BT_smp_set_io_cap_pl	24	static
../bt_ble/bluetooth/export/extension/smp_pl.c:1290:12:BT_smp_set_key_distribution_flag_pl	16	static
../bt_ble/bluetooth/export/extension/smp_pl.c:1315:12:BT_smp_set_max_encryption_key_size_pl	24	static
../bt_ble/bluetooth/export/extension/smp_pl.c:1354:7:BT_smp_get_max_encryption_key_size_pl	4	static
../bt_ble/bluetooth/export/extension/smp_pl.c:1381:12:BT_smp_set_oob_data_pl	32	static
../bt_ble/bluetooth/export/extension/smp_pl.c:1493:12:BT_smp_get_oob_data_pl	32	static
../bt_ble/bluetooth/export/extension/smp_pl.c:1585:6:BT_smp_set_mitm_policy_pl	16	static
../bt_ble/bluetooth/export/extension/smp_pl.c:1602:7:BT_smp_get_mitm_policy_pl	4	static
../bt_ble/bluetooth/export/extension/smp_pl.c:1620:6:BT_smp_set_lesc_policy_pl	16	static
../bt_ble/bluetooth/export/extension/smp_pl.c:1637:7:BT_smp_get_lesc_policy_pl	4	static
../bt_ble/bluetooth/export/extension/smp_pl.c:1654:6:BT_smp_set_key_press_ntf_pl	16	static
../bt_ble/bluetooth/export/extension/smp_pl.c:1674:12:smp_purge_device_list_pl	24	static
../bt_ble/bluetooth/export/extension/smp_pl.c:1752:6:smp_update_device_attr_pl	32	static
../bt_ble/bluetooth/export/extension/smp_pl.c:1917:12:smp_check_pairing_security_pl	16	static
../bt_ble/bluetooth/export/extension/smp_pl.c:1947:12:smp_get_lesc_key_ntf_pl	4	static
../bt_ble/bluetooth/export/extension/smp_pl.c:1966:12:BT_smp_set_local_identity_addr	16	static
../bt_ble/bluetooth/export/extension/smp_pl.c:2011:12:smp_resolve_connection_address_pl	16	static
../bt_ble/bluetooth/export/extension/smp_pl.c:2443:12:BT_smp_generate_lesc_oob_local_data_pl	24	static
../bt_ble/bluetooth/export/extension/smp_pl.c:2473:6:smp_lesc_oob_handle_cmd_complete	48	static
../bt_ble/bluetooth/export/extension/smp_pl.c:2576:6:smp_lesc_oob_cnf_val_gen_complete	8	static
../bt_ble/bluetooth/export/extension/smp_pl.c:2909:12:BT_smp_set_passkey_revamp_mode_pl	24	static
../bt_ble/bluetooth/export/extension/smp_pl.c:2951:12:smp_revamp_passkey_pl	32	static
