C:\Users\admin\Documents\MCUXpressoIDE_25.6.136\workspace\ads1298\CMSIS/core_cm33.h:2358:22:__NVIC_EnableIRQ	16	static
../drivers/fsl_common_arm.h:678:24:EnableIRQ	24	static
../drivers/fsl_spi.h:413:20:SPI_Enable	16	static
../drivers/fsl_spi.h:553:20:SPI_SetTransferDelay	16	static
../drivers/fsl_spi.h:745:20:SPI_SlaveTransferHandleIRQ	16	static
../drivers/fsl_spi.c:74:10:SPI_GetInstance	24	static
../drivers/fsl_spi.c:96:6:SPI_SetDummyData	24	static
../drivers/fsl_spi.c:109:7:SPI_GetConfig	24	static
../drivers/fsl_spi.c:131:6:SPI_MasterGetDefaultConfig	16	static
../drivers/fsl_spi.c:175:10:SPI_MasterInit	40	static
../drivers/fsl_spi.c:259:6:SPI_SlaveGetDefaultConfig	16	static
../drivers/fsl_spi.c:296:10:SPI_SlaveInit	32	static
../drivers/fsl_spi.c:358:6:SPI_Deinit	16	static
../drivers/fsl_spi.c:375:6:SPI_EnableTxDMA	16	static
../drivers/fsl_spi.c:393:6:SPI_EnableRxDMA	16	static
../drivers/fsl_spi.c:412:10:SPI_MasterSetBaud	32	static
../drivers/fsl_spi.c:441:6:SPI_WriteData	32	static
../drivers/fsl_spi.c:473:10:SPI_MasterTransferCreateHandle	32	static
../drivers/fsl_spi.c:525:10:SPI_MasterTransferBlocking	64	static
../drivers/fsl_spi.c:663:10:SPI_MasterTransferNonBlocking	24	static
../drivers/fsl_spi.c:717:10:SPI_MasterHalfDuplexTransferBlocking	40	static
../drivers/fsl_spi.c:786:10:SPI_MasterHalfDuplexTransferNonBlocking	48	static
../drivers/fsl_spi.c:852:10:SPI_MasterTransferGetCount	24	static
../drivers/fsl_spi.c:880:6:SPI_MasterTransferAbort	16	static
../drivers/fsl_spi.c:894:13:SPI_TransferHandleIRQInternal	56	static
../drivers/fsl_spi.c:1002:6:SPI_MasterTransferHandleIRQ	40	static
