C:\Users\admin\Documents\MCUXpressoIDE_25.6.136\workspace\bluetooth\component\els_pkc\src\comps\mcuxClPkc\inc/internal/mcuxClPkc_Inline_Functions.h:51:26:mcuxClPkc_inline_getUptrt	16	static
C:\Users\admin\Documents\MCUXpressoIDE_25.6.136\workspace\bluetooth\component\els_pkc\src\comps\mcuxClPkc\inc/internal/mcuxClPkc_Inline_Functions.h:62:26:mcuxClPkc_inline_getUptrt32	16	static
C:\Users\admin\Documents\MCUXpressoIDE_25.6.136\workspace\bluetooth\component\els_pkc\src\comps\mcuxClPkc\inc/internal/mcuxClPkc_Inline_Functions.h:191:20:mcuxClPkc_inline_waitForReady	4	static
C:\Users\admin\Documents\MCUXpressoIDE_25.6.136\workspace\bluetooth\component\els_pkc\src\comps\mcuxClPkc\inc/internal/mcuxClPkc_Inline_Functions.h:198:24:mcuxClPkc_inline_waitForFinishGetStatus	16	static
../component/els_pkc/src/comps/mcuxClEcc/src/mcuxClEcc_Weier_Internal_PointArithmetic.c:59:35:mcuxClEcc_RepeatPointDouble	64	static
../component/els_pkc/src/comps/mcuxClEcc/src/mcuxClEcc_Weier_Internal_PointArithmetic.c:123:49:mcuxClEcc_PointFullAdd	120	static
