C:\Users\admin\Documents\MCUXpressoIDE_25.6.136\workspace\bluetooth\drivers/fsl_common_arm.h:908:24:DisableGlobalIRQ	16	static
C:\Users\admin\Documents\MCUXpressoIDE_25.6.136\workspace\bluetooth\drivers/fsl_common_arm.h:934:20:EnableGlobalIRQ	24	static
C:\Users\admin\Documents\MCUXpressoIDE_25.6.136\workspace\bluetooth\edgefast\bluetooth\source\porting/thread/thread.h:711:23:k_uptime_get	32	static
C:\Users\admin\Documents\MCUXpressoIDE_25.6.136\workspace\bluetooth\edgefast\bluetooth\source\porting/thread/thread.h:735:24:k_uptime_get_32	8	static
../edgefast/bluetooth/source/porting/slab/slab.c:39:5:k_mem_slab_init	56	static
../edgefast/bluetooth/source/porting/slab/slab.c:108:5:k_mem_slab_alloc	96	static
../edgefast/bluetooth/source/porting/slab/slab.c:193:6:k_mem_slab_free	40	static
../edgefast/bluetooth/source/porting/slab/slab.c:251:5:k_mem_slab_runtime_stats_get	40	static
