C:\Users\admin\Documents\MCUXpressoIDE_25.6.136\workspace\bluetooth\drivers/fsl_common_arm.h:908:24:DisableGlobalIRQ	16	static
C:\Users\admin\Documents\MCUXpressoIDE_25.6.136\workspace\bluetooth\drivers/fsl_common_arm.h:934:20:EnableGlobalIRQ	24	static
../component/power_manager/fsl_pm_core.c:51:16:PM_findDeepestState	48	static
../component/power_manager/fsl_pm_core.c:116:17:PM_notifyPowerStateEntry	32	static
../component/power_manager/fsl_pm_core.c:150:17:PM_notifyPowerStateExit	24	static
../component/power_manager/fsl_pm_core.c:188:13:PM_SetAllowedLowestPowerMode	16	static
../component/power_manager/fsl_pm_core.c:205:13:PM_EnterCriticalDefault	8	static
../component/power_manager/fsl_pm_core.c:210:13:PM_ExitCriticalDefault	8	static
../component/power_manager/fsl_pm_core.c:227:6:PM_CreateHandle	16	static
../component/power_manager/fsl_pm_core.c:288:6:PM_EnablePowerManager	16	static
../component/power_manager/fsl_pm_core.c:342:6:PM_EnterLowPower	24	static
../component/power_manager/fsl_pm_core.c:402:6:PM_RegisterTimerController	24	static
../component/power_manager/fsl_pm_core.c:426:6:PM_RecordAndStartTimer	32	static
../component/power_manager/fsl_pm_core.c:439:6:PM_StopAndRecordTimer	16	static
../component/power_manager/fsl_pm_core.c:456:10:PM_GetLastLowPowerDuration	16	static
../component/power_manager/fsl_pm_core.c:462:6:PM_RegisterCriticalRegionController	24	static
../component/power_manager/fsl_pm_core.c:480:10:PM_RegisterNotify	24	static
../component/power_manager/fsl_pm_core.c:502:6:PM_UpdateNotify	24	static
../component/power_manager/fsl_pm_core.c:523:10:PM_UnregisterNotify	24	static
../component/power_manager/fsl_pm_core.c:555:6:PM_InitWakeupSource	24	static
../component/power_manager/fsl_pm_core.c:588:10:PM_EnableWakeupSource	24	static
../component/power_manager/fsl_pm_core.c:634:10:PM_DisableWakeupSource	24	static
../component/power_manager/fsl_pm_core.c:680:10:PM_HandleWakeUpEvent	16	static
../component/power_manager/fsl_pm_core.c:717:10:PM_TriggerWakeSourceService	24	static
../component/power_manager/fsl_pm_core.c:774:10:PM_SetConstraints	44	static
../component/power_manager/fsl_pm_core.c:881:10:PM_ReleaseConstraints	60	static
../component/power_manager/fsl_pm_core.c:996:16:PM_GetResourceConstraintsMask	4	static
../component/power_manager/fsl_pm_core.c:1006:9:PM_GetAllowedLowestPowerMode	4	static
